<?xml version="1.0" encoding="ISO-8859-1" ?>
<link_info>
   <banner>TI ARM Linker PC v20.2.7.LTS</banner>
   <copyright>Copyright (c) 1996-2018 Texas Instruments Incorporated</copyright>
   <link_time>0x6764710f</link_time>
   <link_errors>0x0</link_errors>
   <output_file>SampleProject.out</output_file>
   <entry_point>
      <name>_c_int00_noargs</name>
      <address>0x463d</address>
   </entry_point>
   <input_file_list>
      <input_file id="fl-2">
         <path>.\</path>
         <kind>object</kind>
         <file>main.obj</file>
         <name>main.obj</name>
      </input_file>
      <input_file id="fl-3">
         <path>.\syscfg\</path>
         <kind>object</kind>
         <file>pinout.obj</file>
         <name>pinout.obj</name>
      </input_file>
      <input_file id="fl-4">
         <path>.\</path>
         <kind>object</kind>
         <file>tm4c1294ncpdt_startup_ccs.obj</file>
         <name>tm4c1294ncpdt_startup_ccs.obj</name>
      </input_file>
      <input_file id="fl-5">
         <path>.\Application\SystemInit\</path>
         <kind>object</kind>
         <file>systemInit.obj</file>
         <name>systemInit.obj</name>
      </input_file>
      <input_file id="fl-6">
         <path>.\Drivers\</path>
         <kind>object</kind>
         <file>adc.obj</file>
         <name>adc.obj</name>
      </input_file>
      <input_file id="fl-7">
         <path>.\Drivers\</path>
         <kind>object</kind>
         <file>aes.obj</file>
         <name>aes.obj</name>
      </input_file>
      <input_file id="fl-8">
         <path>.\Drivers\</path>
         <kind>object</kind>
         <file>can.obj</file>
         <name>can.obj</name>
      </input_file>
      <input_file id="fl-9">
         <path>.\Drivers\</path>
         <kind>object</kind>
         <file>comp.obj</file>
         <name>comp.obj</name>
      </input_file>
      <input_file id="fl-a">
         <path>.\Drivers\</path>
         <kind>object</kind>
         <file>cpu.obj</file>
         <name>cpu.obj</name>
      </input_file>
      <input_file id="fl-b">
         <path>.\Drivers\</path>
         <kind>object</kind>
         <file>crc.obj</file>
         <name>crc.obj</name>
      </input_file>
      <input_file id="fl-c">
         <path>.\Drivers\</path>
         <kind>object</kind>
         <file>des.obj</file>
         <name>des.obj</name>
      </input_file>
      <input_file id="fl-d">
         <path>.\Drivers\</path>
         <kind>object</kind>
         <file>eeprom.obj</file>
         <name>eeprom.obj</name>
      </input_file>
      <input_file id="fl-e">
         <path>.\Drivers\</path>
         <kind>object</kind>
         <file>emac.obj</file>
         <name>emac.obj</name>
      </input_file>
      <input_file id="fl-f">
         <path>.\Drivers\</path>
         <kind>object</kind>
         <file>epi.obj</file>
         <name>epi.obj</name>
      </input_file>
      <input_file id="fl-10">
         <path>.\Drivers\</path>
         <kind>object</kind>
         <file>epi_workaround_ccs.obj</file>
         <name>epi_workaround_ccs.obj</name>
      </input_file>
      <input_file id="fl-11">
         <path>.\Drivers\</path>
         <kind>object</kind>
         <file>flash.obj</file>
         <name>flash.obj</name>
      </input_file>
      <input_file id="fl-12">
         <path>.\Drivers\</path>
         <kind>object</kind>
         <file>fpu.obj</file>
         <name>fpu.obj</name>
      </input_file>
      <input_file id="fl-13">
         <path>.\Drivers\</path>
         <kind>object</kind>
         <file>gpio.obj</file>
         <name>gpio.obj</name>
      </input_file>
      <input_file id="fl-14">
         <path>.\Drivers\</path>
         <kind>object</kind>
         <file>hibernate.obj</file>
         <name>hibernate.obj</name>
      </input_file>
      <input_file id="fl-15">
         <path>.\Drivers\</path>
         <kind>object</kind>
         <file>i2c.obj</file>
         <name>i2c.obj</name>
      </input_file>
      <input_file id="fl-16">
         <path>.\Drivers\</path>
         <kind>object</kind>
         <file>interrupt.obj</file>
         <name>interrupt.obj</name>
      </input_file>
      <input_file id="fl-17">
         <path>.\Drivers\</path>
         <kind>object</kind>
         <file>lcd.obj</file>
         <name>lcd.obj</name>
      </input_file>
      <input_file id="fl-18">
         <path>.\Drivers\</path>
         <kind>object</kind>
         <file>mpu.obj</file>
         <name>mpu.obj</name>
      </input_file>
      <input_file id="fl-19">
         <path>.\Drivers\</path>
         <kind>object</kind>
         <file>onewire.obj</file>
         <name>onewire.obj</name>
      </input_file>
      <input_file id="fl-1a">
         <path>.\Drivers\</path>
         <kind>object</kind>
         <file>pwm.obj</file>
         <name>pwm.obj</name>
      </input_file>
      <input_file id="fl-1b">
         <path>.\Drivers\</path>
         <kind>object</kind>
         <file>qei.obj</file>
         <name>qei.obj</name>
      </input_file>
      <input_file id="fl-1c">
         <path>.\Drivers\</path>
         <kind>object</kind>
         <file>shamd5.obj</file>
         <name>shamd5.obj</name>
      </input_file>
      <input_file id="fl-1d">
         <path>.\Drivers\</path>
         <kind>object</kind>
         <file>ssi.obj</file>
         <name>ssi.obj</name>
      </input_file>
      <input_file id="fl-1e">
         <path>.\Drivers\</path>
         <kind>object</kind>
         <file>sw_crc.obj</file>
         <name>sw_crc.obj</name>
      </input_file>
      <input_file id="fl-1f">
         <path>.\Drivers\</path>
         <kind>object</kind>
         <file>sysctl.obj</file>
         <name>sysctl.obj</name>
      </input_file>
      <input_file id="fl-20">
         <path>.\Drivers\</path>
         <kind>object</kind>
         <file>sysexc.obj</file>
         <name>sysexc.obj</name>
      </input_file>
      <input_file id="fl-21">
         <path>.\Drivers\</path>
         <kind>object</kind>
         <file>systick.obj</file>
         <name>systick.obj</name>
      </input_file>
      <input_file id="fl-22">
         <path>.\Drivers\</path>
         <kind>object</kind>
         <file>timer.obj</file>
         <name>timer.obj</name>
      </input_file>
      <input_file id="fl-23">
         <path>.\Drivers\</path>
         <kind>object</kind>
         <file>uart.obj</file>
         <name>uart.obj</name>
      </input_file>
      <input_file id="fl-24">
         <path>.\Drivers\</path>
         <kind>object</kind>
         <file>udma.obj</file>
         <name>udma.obj</name>
      </input_file>
      <input_file id="fl-25">
         <path>.\Drivers\</path>
         <kind>object</kind>
         <file>usb.obj</file>
         <name>usb.obj</name>
      </input_file>
      <input_file id="fl-26">
         <path>.\Drivers\</path>
         <kind>object</kind>
         <file>watchdog.obj</file>
         <name>watchdog.obj</name>
      </input_file>
      <input_file id="fl-27">
         <path>.\HAL\GPIO\</path>
         <kind>object</kind>
         <file>hal_gpio.obj</file>
         <name>hal_gpio.obj</name>
      </input_file>
      <input_file id="fl-28">
         <path>.\HAL\UART\</path>
         <kind>object</kind>
         <file>hal_uart.obj</file>
         <name>hal_uart.obj</name>
      </input_file>
      <input_file id="fl-31">
         <kind>object</kind>
         <file>&lt;internal&gt;</file>
         <name>&lt;internal&gt;</name>
      </input_file>
      <input_file id="fl-e7">
         <path>C:\ti\ccs1281\ccs\tools\compiler\ti-cgt-arm_20.2.7.LTS\lib\</path>
         <kind>archive</kind>
         <file>rtsv7M4_T_le_v4SPD16_eabi.lib</file>
         <name>vsnprintf.c.obj</name>
      </input_file>
      <input_file id="fl-e8">
         <path>C:\ti\ccs1281\ccs\tools\compiler\ti-cgt-arm_20.2.7.LTS\lib\</path>
         <kind>archive</kind>
         <file>rtsv7M4_T_le_v4SPD16_eabi.lib</file>
         <name>memcpy_t2.asm.obj</name>
      </input_file>
      <input_file id="fl-e9">
         <path>C:\ti\ccs1281\ccs\tools\compiler\ti-cgt-arm_20.2.7.LTS\lib\</path>
         <kind>archive</kind>
         <file>rtsv7M4_T_le_v4SPD16_eabi.lib</file>
         <name>memset_t2.asm.obj</name>
      </input_file>
      <input_file id="fl-ea">
         <path>C:\ti\ccs1281\ccs\tools\compiler\ti-cgt-arm_20.2.7.LTS\lib\</path>
         <kind>archive</kind>
         <file>rtsv7M4_T_le_v4SPD16_eabi.lib</file>
         <name>copy_zero_init.c.obj</name>
      </input_file>
      <input_file id="fl-eb">
         <path>C:\ti\ccs1281\ccs\tools\compiler\ti-cgt-arm_20.2.7.LTS\lib\</path>
         <kind>archive</kind>
         <file>rtsv7M4_T_le_v4SPD16_eabi.lib</file>
         <name>copy_decompress_none.c.obj</name>
      </input_file>
      <input_file id="fl-ec">
         <path>C:\ti\ccs1281\ccs\tools\compiler\ti-cgt-arm_20.2.7.LTS\lib\</path>
         <kind>archive</kind>
         <file>rtsv7M4_T_le_v4SPD16_eabi.lib</file>
         <name>copy_decompress_lzss.c.obj</name>
      </input_file>
      <input_file id="fl-ed">
         <path>C:\ti\ccs1281\ccs\tools\compiler\ti-cgt-arm_20.2.7.LTS\lib\</path>
         <kind>archive</kind>
         <file>rtsv7M4_T_le_v4SPD16_eabi.lib</file>
         <name>boot_cortex_m.c.obj</name>
      </input_file>
      <input_file id="fl-ee">
         <path>C:\ti\ccs1281\ccs\tools\compiler\ti-cgt-arm_20.2.7.LTS\lib\</path>
         <kind>archive</kind>
         <file>rtsv7M4_T_le_v4SPD16_eabi.lib</file>
         <name>_printfi.c.obj</name>
      </input_file>
      <input_file id="fl-ef">
         <path>C:\ti\ccs1281\ccs\tools\compiler\ti-cgt-arm_20.2.7.LTS\lib\</path>
         <kind>archive</kind>
         <file>rtsv7M4_T_le_v4SPD16_eabi.lib</file>
         <name>fd_add_t2.asm.obj</name>
      </input_file>
      <input_file id="fl-f0">
         <path>C:\ti\ccs1281\ccs\tools\compiler\ti-cgt-arm_20.2.7.LTS\lib\</path>
         <kind>archive</kind>
         <file>rtsv7M4_T_le_v4SPD16_eabi.lib</file>
         <name>fd_cmp_t2.asm.obj</name>
      </input_file>
      <input_file id="fl-f1">
         <path>C:\ti\ccs1281\ccs\tools\compiler\ti-cgt-arm_20.2.7.LTS\lib\</path>
         <kind>archive</kind>
         <file>rtsv7M4_T_le_v4SPD16_eabi.lib</file>
         <name>fd_div_t2.asm.obj</name>
      </input_file>
      <input_file id="fl-f2">
         <path>C:\ti\ccs1281\ccs\tools\compiler\ti-cgt-arm_20.2.7.LTS\lib\</path>
         <kind>archive</kind>
         <file>rtsv7M4_T_le_v4SPD16_eabi.lib</file>
         <name>fd_mul_t2.asm.obj</name>
      </input_file>
      <input_file id="fl-f3">
         <path>C:\ti\ccs1281\ccs\tools\compiler\ti-cgt-arm_20.2.7.LTS\lib\</path>
         <kind>archive</kind>
         <file>rtsv7M4_T_le_v4SPD16_eabi.lib</file>
         <name>fd_toi_t2.asm.obj</name>
      </input_file>
      <input_file id="fl-f4">
         <path>C:\ti\ccs1281\ccs\tools\compiler\ti-cgt-arm_20.2.7.LTS\lib\</path>
         <kind>archive</kind>
         <file>rtsv7M4_T_le_v4SPD16_eabi.lib</file>
         <name>i_tofd_t2.asm.obj</name>
      </input_file>
      <input_file id="fl-f5">
         <path>C:\ti\ccs1281\ccs\tools\compiler\ti-cgt-arm_20.2.7.LTS\lib\</path>
         <kind>archive</kind>
         <file>rtsv7M4_T_le_v4SPD16_eabi.lib</file>
         <name>ull_div_t2.asm.obj</name>
      </input_file>
      <input_file id="fl-f6">
         <path>C:\ti\ccs1281\ccs\tools\compiler\ti-cgt-arm_20.2.7.LTS\lib\</path>
         <kind>archive</kind>
         <file>rtsv7M4_T_le_v4SPD16_eabi.lib</file>
         <name>autoinit.c.obj</name>
      </input_file>
      <input_file id="fl-f7">
         <path>C:\ti\ccs1281\ccs\tools\compiler\ti-cgt-arm_20.2.7.LTS\lib\</path>
         <kind>archive</kind>
         <file>rtsv7M4_T_le_v4SPD16_eabi.lib</file>
         <name>pre_init.c.obj</name>
      </input_file>
      <input_file id="fl-f8">
         <path>C:\ti\ccs1281\ccs\tools\compiler\ti-cgt-arm_20.2.7.LTS\lib\</path>
         <kind>archive</kind>
         <file>rtsv7M4_T_le_v4SPD16_eabi.lib</file>
         <name>cpy_tbl.c.obj</name>
      </input_file>
      <input_file id="fl-f9">
         <path>C:\ti\ccs1281\ccs\tools\compiler\ti-cgt-arm_20.2.7.LTS\lib\</path>
         <kind>archive</kind>
         <file>rtsv7M4_T_le_v4SPD16_eabi.lib</file>
         <name>exit.c.obj</name>
      </input_file>
      <input_file id="fl-fa">
         <path>C:\ti\ccs1281\ccs\tools\compiler\ti-cgt-arm_20.2.7.LTS\lib\</path>
         <kind>archive</kind>
         <file>rtsv7M4_T_le_v4SPD16_eabi.lib</file>
         <name>_lock.c.obj</name>
      </input_file>
      <input_file id="fl-fb">
         <path>C:\ti\ccs1281\ccs\tools\compiler\ti-cgt-arm_20.2.7.LTS\lib\</path>
         <kind>archive</kind>
         <file>rtsv7M4_T_le_v4SPD16_eabi.lib</file>
         <name>_ltoa.c.obj</name>
      </input_file>
      <input_file id="fl-fc">
         <path>C:\ti\ccs1281\ccs\tools\compiler\ti-cgt-arm_20.2.7.LTS\lib\</path>
         <kind>archive</kind>
         <file>rtsv7M4_T_le_v4SPD16_eabi.lib</file>
         <name>args_main.c.obj</name>
      </input_file>
      <input_file id="fl-fd">
         <path>C:\ti\ccs1281\ccs\tools\compiler\ti-cgt-arm_20.2.7.LTS\lib\</path>
         <kind>archive</kind>
         <file>rtsv7M4_T_le_v4SPD16_eabi.lib</file>
         <name>atoi.c.obj</name>
      </input_file>
      <input_file id="fl-fe">
         <path>C:\ti\ccs1281\ccs\tools\compiler\ti-cgt-arm_20.2.7.LTS\lib\</path>
         <kind>archive</kind>
         <file>rtsv7M4_T_le_v4SPD16_eabi.lib</file>
         <name>ctype.c.obj</name>
      </input_file>
      <input_file id="fl-ff">
         <path>C:\ti\ccs1281\ccs\tools\compiler\ti-cgt-arm_20.2.7.LTS\lib\</path>
         <kind>archive</kind>
         <file>rtsv7M4_T_le_v4SPD16_eabi.lib</file>
         <name>memccpy.c.obj</name>
      </input_file>
      <input_file id="fl-100">
         <path>C:\ti\ccs1281\ccs\tools\compiler\ti-cgt-arm_20.2.7.LTS\lib\</path>
         <kind>archive</kind>
         <file>rtsv7M4_T_le_v4SPD16_eabi.lib</file>
         <name>strchr.c.obj</name>
      </input_file>
      <input_file id="fl-101">
         <path>C:\ti\ccs1281\ccs\tools\compiler\ti-cgt-arm_20.2.7.LTS\lib\</path>
         <kind>archive</kind>
         <file>rtsv7M4_T_le_v4SPD16_eabi.lib</file>
         <name>strlen.c.obj</name>
      </input_file>
      <input_file id="fl-102">
         <path>C:\ti\ccs1281\ccs\tools\compiler\ti-cgt-arm_20.2.7.LTS\lib\</path>
         <kind>archive</kind>
         <file>rtsv7M4_T_le_v4SPD16_eabi.lib</file>
         <name>errno.c.obj</name>
      </input_file>
      <input_file id="fl-103">
         <path>C:\ti\ccs1281\ccs\tools\compiler\ti-cgt-arm_20.2.7.LTS\lib\</path>
         <kind>archive</kind>
         <file>rtsv7M4_T_le_v4SPD16_eabi.lib</file>
         <name>wcslen.c.obj</name>
      </input_file>
      <input_file id="fl-104">
         <path>C:\ti\ccs1281\ccs\tools\compiler\ti-cgt-arm_20.2.7.LTS\lib\</path>
         <kind>archive</kind>
         <file>rtsv7M4_T_le_v4SPD16_eabi.lib</file>
         <name>s_frexp.c.obj</name>
      </input_file>
      <input_file id="fl-105">
         <path>C:\ti\ccs1281\ccs\tools\compiler\ti-cgt-arm_20.2.7.LTS\lib\</path>
         <kind>archive</kind>
         <file>rtsv7M4_T_le_v4SPD16_eabi.lib</file>
         <name>s_scalbn.c.obj</name>
      </input_file>
      <input_file id="fl-106">
         <path>C:\ti\ccs1281\ccs\tools\compiler\ti-cgt-arm_20.2.7.LTS\lib\</path>
         <kind>archive</kind>
         <file>rtsv7M4_T_le_v4SPD16_eabi.lib</file>
         <name>div0.asm.obj</name>
      </input_file>
      <input_file id="fl-107">
         <path>C:\ti\ccs1281\ccs\tools\compiler\ti-cgt-arm_20.2.7.LTS\lib\</path>
         <kind>archive</kind>
         <file>rtsv7M4_T_le_v4SPD16_eabi.lib</file>
         <name>s_copysign.c.obj</name>
      </input_file>
   </input_file_list>
   <object_component_list>
      <object_component id="oc-12">
         <name>.intvecs</name>
         <load_address>0x0</load_address>
         <run_address>0x0</run_address>
         <size>0x208</size>
         <input_file_ref idref="fl-4"/>
      </object_component>
      <object_component id="oc-179">
         <name>.text</name>
         <load_address>0x208</load_address>
         <run_address>0x208</run_address>
         <size>0xf80</size>
         <input_file_ref idref="fl-1f"/>
      </object_component>
      <object_component id="oc-12d">
         <name>.text</name>
         <load_address>0x1188</load_address>
         <run_address>0x1188</run_address>
         <size>0xb94</size>
         <input_file_ref idref="fl-13"/>
      </object_component>
      <object_component id="oc-1f2">
         <name>.text:__TI_printfi</name>
         <load_address>0x1d1c</load_address>
         <run_address>0x1d1c</run_address>
         <size>0xa4e</size>
         <input_file_ref idref="fl-ee"/>
      </object_component>
      <object_component id="oc-31d">
         <name>.text</name>
         <load_address>0x276a</load_address>
         <run_address>0x276a</run_address>
         <size>0x2</size>
         <input_file_ref idref="fl-106"/>
      </object_component>
      <object_component id="oc-180">
         <name>.text</name>
         <load_address>0x276c</load_address>
         <run_address>0x276c</run_address>
         <size>0x62e</size>
         <input_file_ref idref="fl-23"/>
      </object_component>
      <object_component id="oc-11a">
         <name>.text</name>
         <load_address>0x2d9c</load_address>
         <run_address>0x2d9c</run_address>
         <size>0x3c0</size>
         <input_file_ref idref="fl-16"/>
      </object_component>
      <object_component id="oc-274">
         <name>.text:_pconv_a</name>
         <load_address>0x315c</load_address>
         <run_address>0x315c</run_address>
         <size>0x270</size>
         <input_file_ref idref="fl-ee"/>
      </object_component>
      <object_component id="oc-262">
         <name>.text:_pconv_g</name>
         <load_address>0x33cc</load_address>
         <run_address>0x33cc</run_address>
         <size>0x1d0</size>
         <input_file_ref idref="fl-ee"/>
      </object_component>
      <object_component id="oc-2c9">
         <name>.text</name>
         <load_address>0x359c</load_address>
         <run_address>0x359c</run_address>
         <size>0x1b6</size>
         <input_file_ref idref="fl-ef"/>
      </object_component>
      <object_component id="oc-126">
         <name>.text</name>
         <load_address>0x3754</load_address>
         <run_address>0x3754</run_address>
         <size>0x158</size>
         <input_file_ref idref="fl-28"/>
      </object_component>
      <object_component id="oc-26e">
         <name>.text:_pconv_e</name>
         <load_address>0x38ac</load_address>
         <run_address>0x38ac</run_address>
         <size>0x13c</size>
         <input_file_ref idref="fl-ee"/>
      </object_component>
      <object_component id="oc-2af">
         <name>.text</name>
         <load_address>0x39e8</load_address>
         <run_address>0x39e8</run_address>
         <size>0x136</size>
         <input_file_ref idref="fl-f1"/>
      </object_component>
      <object_component id="oc-2db">
         <name>.text:fcvt</name>
         <load_address>0x3b20</load_address>
         <run_address>0x3b20</run_address>
         <size>0x124</size>
         <input_file_ref idref="fl-ee"/>
      </object_component>
      <object_component id="oc-2ef">
         <name>.text:scalbn</name>
         <load_address>0x3c44</load_address>
         <run_address>0x3c44</run_address>
         <size>0x110</size>
         <input_file_ref idref="fl-105"/>
      </object_component>
      <object_component id="oc-2aa">
         <name>.text</name>
         <load_address>0x3d54</load_address>
         <run_address>0x3d54</run_address>
         <size>0xfc</size>
         <input_file_ref idref="fl-f2"/>
      </object_component>
      <object_component id="oc-257">
         <name>.text:_ltostr</name>
         <load_address>0x3e50</load_address>
         <run_address>0x3e50</run_address>
         <size>0xb1</size>
         <input_file_ref idref="fl-ee"/>
      </object_component>
      <object_component id="oc-3b">
         <name>.text</name>
         <load_address>0x3f02</load_address>
         <run_address>0x3f02</run_address>
         <size>0x9c</size>
         <input_file_ref idref="fl-e8"/>
      </object_component>
      <object_component id="oc-2a3">
         <name>.text</name>
         <load_address>0x3f9e</load_address>
         <run_address>0x3f9e</run_address>
         <size>0x96</size>
         <input_file_ref idref="fl-f5"/>
      </object_component>
      <object_component id="oc-25d">
         <name>.text:__aeabi_cdcmple</name>
         <load_address>0x4034</load_address>
         <run_address>0x4034</run_address>
         <size>0x86</size>
         <input_file_ref idref="fl-f0"/>
      </object_component>
      <object_component id="oc-2b4">
         <name>.text:__aeabi_cdrcmple</name>
         <load_address>0x40ba</load_address>
         <run_address>0x40ba</run_address>
         <size>0x86</size>
         <input_file_ref idref="fl-f0"/>
      </object_component>
      <object_component id="oc-8f">
         <name>.text</name>
         <load_address>0x4140</load_address>
         <run_address>0x4140</run_address>
         <size>0x7a</size>
         <input_file_ref idref="fl-e9"/>
      </object_component>
      <object_component id="oc-2d4">
         <name>.text:_mcpy</name>
         <load_address>0x41ba</load_address>
         <run_address>0x41ba</run_address>
         <size>0x6e</size>
         <input_file_ref idref="fl-ee"/>
      </object_component>
      <object_component id="oc-15">
         <name>.text:decompress:lzss:__TI_decompress_lzss</name>
         <load_address>0x4228</load_address>
         <run_address>0x4228</run_address>
         <size>0x68</size>
         <input_file_ref idref="fl-ec"/>
      </object_component>
      <object_component id="oc-c9">
         <name>.text</name>
         <load_address>0x4290</load_address>
         <run_address>0x4290</run_address>
         <size>0x68</size>
         <input_file_ref idref="fl-27"/>
      </object_component>
      <object_component id="oc-2e9">
         <name>.text:frexp</name>
         <load_address>0x42f8</load_address>
         <run_address>0x42f8</run_address>
         <size>0x64</size>
         <input_file_ref idref="fl-104"/>
      </object_component>
      <object_component id="oc-268">
         <name>.text:_pconv_f</name>
         <load_address>0x435c</load_address>
         <run_address>0x435c</run_address>
         <size>0x56</size>
         <input_file_ref idref="fl-ee"/>
      </object_component>
      <object_component id="oc-2be">
         <name>.text:__TI_ltoa</name>
         <load_address>0x43b2</load_address>
         <run_address>0x43b2</run_address>
         <size>0x54</size>
         <input_file_ref idref="fl-fb"/>
      </object_component>
      <object_component id="oc-2ce">
         <name>.text:_ecpy</name>
         <load_address>0x4406</load_address>
         <run_address>0x4406</run_address>
         <size>0x52</size>
         <input_file_ref idref="fl-ee"/>
      </object_component>
      <object_component id="oc-120">
         <name>.text</name>
         <load_address>0x4458</load_address>
         <run_address>0x4458</run_address>
         <size>0x50</size>
         <input_file_ref idref="fl-3"/>
      </object_component>
      <object_component id="oc-251">
         <name>.text:atoi</name>
         <load_address>0x44a8</load_address>
         <run_address>0x44a8</run_address>
         <size>0x4c</size>
         <input_file_ref idref="fl-fd"/>
      </object_component>
      <object_component id="oc-2b9">
         <name>.text</name>
         <load_address>0x44f4</load_address>
         <run_address>0x44f4</run_address>
         <size>0x48</size>
         <input_file_ref idref="fl-f3"/>
      </object_component>
      <object_component id="oc-dc">
         <name>.text:__TI_auto_init_nobinit_nopinit:__TI_auto_init_nobinit_nopinit</name>
         <load_address>0x453c</load_address>
         <run_address>0x453c</run_address>
         <size>0x44</size>
         <input_file_ref idref="fl-f6"/>
      </object_component>
      <object_component id="oc-186">
         <name>.text:vsnprintf</name>
         <load_address>0x4580</load_address>
         <run_address>0x4580</run_address>
         <size>0x40</size>
         <input_file_ref idref="fl-e7"/>
      </object_component>
      <object_component id="oc-2e1">
         <name>.text:_fcpy</name>
         <load_address>0x45c0</load_address>
         <run_address>0x45c0</run_address>
         <size>0x3e</size>
         <input_file_ref idref="fl-ee"/>
      </object_component>
      <object_component id="oc-157">
         <name>.text</name>
         <load_address>0x45fe</load_address>
         <run_address>0x45fe</run_address>
         <size>0x3e</size>
         <input_file_ref idref="fl-a"/>
      </object_component>
      <object_component id="oc-59">
         <name>.text:_c_int00_noargs:_c_int00_noargs</name>
         <load_address>0x463c</load_address>
         <run_address>0x463c</run_address>
         <size>0x34</size>
         <input_file_ref idref="fl-ed"/>
      </object_component>
      <object_component id="oc-1f8">
         <name>.text:_outs</name>
         <load_address>0x4670</load_address>
         <run_address>0x4670</run_address>
         <size>0x30</size>
         <input_file_ref idref="fl-e7"/>
      </object_component>
      <object_component id="oc-2c4">
         <name>.text</name>
         <load_address>0x46a0</load_address>
         <run_address>0x46a0</run_address>
         <size>0x2e</size>
         <input_file_ref idref="fl-f4"/>
      </object_component>
      <object_component id="oc-47">
         <name>.text:decompress:ZI:__TI_zero_init_nomemset:__TI_zero_init_nomemset</name>
         <load_address>0x46ce</load_address>
         <run_address>0x46ce</run_address>
         <size>0x1c</size>
         <input_file_ref idref="fl-ea"/>
      </object_component>
      <object_component id="oc-27a">
         <name>.text:memccpy</name>
         <load_address>0x46ea</load_address>
         <run_address>0x46ea</run_address>
         <size>0x1c</size>
         <input_file_ref idref="fl-ff"/>
      </object_component>
      <object_component id="oc-336">
         <name>.text:copysign</name>
         <load_address>0x4706</load_address>
         <run_address>0x4706</run_address>
         <size>0x1a</size>
         <input_file_ref idref="fl-107"/>
      </object_component>
      <object_component id="oc-1fe">
         <name>.text:_outc</name>
         <load_address>0x4720</load_address>
         <run_address>0x4720</run_address>
         <size>0x18</size>
         <input_file_ref idref="fl-e7"/>
      </object_component>
      <object_component id="oc-2f5">
         <name>.text:strchr</name>
         <load_address>0x4738</load_address>
         <run_address>0x4738</run_address>
         <size>0x16</size>
         <input_file_ref idref="fl-100"/>
      </object_component>
      <object_component id="oc-24b">
         <name>.text:strlen</name>
         <load_address>0x474e</load_address>
         <run_address>0x474e</run_address>
         <size>0x14</size>
         <input_file_ref idref="fl-101"/>
      </object_component>
      <object_component id="oc-c3">
         <name>.text</name>
         <load_address>0x4762</load_address>
         <run_address>0x4762</run_address>
         <size>0x14</size>
         <input_file_ref idref="fl-5"/>
      </object_component>
      <object_component id="oc-280">
         <name>.text:wcslen</name>
         <load_address>0x4776</load_address>
         <run_address>0x4776</run_address>
         <size>0x12</size>
         <input_file_ref idref="fl-103"/>
      </object_component>
      <object_component id="oc-9b">
         <name>.text</name>
         <load_address>0x4788</load_address>
         <run_address>0x4788</run_address>
         <size>0x10</size>
         <input_file_ref idref="fl-2"/>
      </object_component>
      <object_component id="oc-1b">
         <name>.text:decompress:none:__TI_decompress_none</name>
         <load_address>0x4798</load_address>
         <run_address>0x4798</run_address>
         <size>0xe</size>
         <input_file_ref idref="fl-eb"/>
      </object_component>
      <object_component id="oc-27">
         <name>.text</name>
         <load_address>0x47a6</load_address>
         <run_address>0x47a6</run_address>
         <size>0xc</size>
         <input_file_ref idref="fl-4"/>
      </object_component>
      <object_component id="oc-286">
         <name>.text:__aeabi_errno_addr</name>
         <load_address>0x47b4</load_address>
         <run_address>0x47b4</run_address>
         <size>0x8</size>
         <input_file_ref idref="fl-102"/>
      </object_component>
      <object_component id="oc-1e7">
         <name>.text:SysCtlDelay</name>
         <load_address>0x47bc</load_address>
         <run_address>0x47bc</run_address>
         <size>0x6</size>
         <input_file_ref idref="fl-1f"/>
      </object_component>
      <object_component id="oc-95">
         <name>.text:_system_pre_init</name>
         <load_address>0x47c2</load_address>
         <run_address>0x47c2</run_address>
         <size>0x4</size>
         <input_file_ref idref="fl-f7"/>
      </object_component>
      <object_component id="oc-d0">
         <name>.text:abort:abort</name>
         <load_address>0x47c6</load_address>
         <run_address>0x47c6</run_address>
         <size>0x4</size>
         <input_file_ref idref="fl-f9"/>
      </object_component>
      <object_component id="oc-1e4">
         <name>.const:g_pppui32XTALtoVCO</name>
         <load_address>0x47cc</load_address>
         <run_address>0x47cc</run_address>
         <size>0x1b0</size>
         <input_file_ref idref="fl-1f"/>
      </object_component>
      <object_component id="oc-29e">
         <name>.const:.string:_ctypes_</name>
         <load_address>0x497c</load_address>
         <run_address>0x497c</run_address>
         <size>0x101</size>
         <input_file_ref idref="fl-fe"/>
      </object_component>
      <object_component id="oc-199">
         <name>.const:g_ppui32GPIOIntMapSnowflake</name>
         <load_address>0x4a80</load_address>
         <run_address>0x4a80</run_address>
         <size>0xd8</size>
         <input_file_ref idref="fl-13"/>
      </object_component>
      <object_component id="oc-196">
         <name>.const:g_ppui32GPIOIntMapBlizzard</name>
         <load_address>0x4b58</load_address>
         <run_address>0x4b58</run_address>
         <size>0xc0</size>
         <input_file_ref idref="fl-13"/>
      </object_component>
      <object_component id="oc-163">
         <name>.const:g_pui32Regs</name>
         <load_address>0x4c18</load_address>
         <run_address>0x4c18</run_address>
         <size>0x9c</size>
         <input_file_ref idref="fl-16"/>
      </object_component>
      <object_component id="oc-19c">
         <name>.const:g_pui32GPIOBaseAddrs</name>
         <load_address>0x4cb4</load_address>
         <run_address>0x4cb4</run_address>
         <size>0x90</size>
         <input_file_ref idref="fl-13"/>
      </object_component>
      <object_component id="oc-1de">
         <name>.const:g_pui32Xtals</name>
         <load_address>0x4d44</load_address>
         <run_address>0x4d44</run_address>
         <size>0x6c</size>
         <input_file_ref idref="fl-1f"/>
      </object_component>
      <object_component id="oc-1ea">
         <name>.const:g_ppui32UARTIntMap</name>
         <load_address>0x4db0</load_address>
         <run_address>0x4db0</run_address>
         <size>0x40</size>
         <input_file_ref idref="fl-23"/>
      </object_component>
      <object_component id="oc-1ed">
         <name>.const:g_ppui32UARTIntMapSnowflake</name>
         <load_address>0x4df0</load_address>
         <run_address>0x4df0</run_address>
         <size>0x40</size>
         <input_file_ref idref="fl-23"/>
      </object_component>
      <object_component id="oc-1db">
         <name>.const:g_sXTALtoMEMTIM</name>
         <load_address>0x4e30</load_address>
         <run_address>0x4e30</run_address>
         <size>0x30</size>
         <input_file_ref idref="fl-1f"/>
      </object_component>
      <object_component id="oc-160">
         <name>.const:g_pui32Priority</name>
         <load_address>0x4e60</load_address>
         <run_address>0x4e60</run_address>
         <size>0x20</size>
         <input_file_ref idref="fl-16"/>
      </object_component>
      <object_component id="oc-169">
         <name>.const:g_pui32Dii16Regs</name>
         <load_address>0x4e80</load_address>
         <run_address>0x4e80</run_address>
         <size>0x14</size>
         <input_file_ref idref="fl-16"/>
      </object_component>
      <object_component id="oc-166">
         <name>.const:g_pui32EnRegs</name>
         <load_address>0x4e94</load_address>
         <run_address>0x4e94</run_address>
         <size>0x14</size>
         <input_file_ref idref="fl-16"/>
      </object_component>
      <object_component id="oc-16c">
         <name>.const:g_pui32PendRegs</name>
         <load_address>0x4ea8</load_address>
         <run_address>0x4ea8</run_address>
         <size>0x14</size>
         <input_file_ref idref="fl-16"/>
      </object_component>
      <object_component id="oc-16f">
         <name>.const:g_pui32UnpendRegs</name>
         <load_address>0x4ebc</load_address>
         <run_address>0x4ebc</run_address>
         <size>0x14</size>
         <input_file_ref idref="fl-16"/>
      </object_component>
      <object_component id="oc-1e1">
         <name>.const:g_pui32VCOFrequencies</name>
         <load_address>0x4ed0</load_address>
         <run_address>0x4ed0</run_address>
         <size>0x8</size>
         <input_file_ref idref="fl-1f"/>
      </object_component>
      <object_component id="oc-38f">
         <name>.cinit..data.load</name>
         <load_address>0x4ed8</load_address>
         <run_address>0x4ed8</run_address>
         <size>0xc</size>
      </object_component>
      <object_component id="oc-38c">
         <name>__TI_handler_table</name>
         <load_address>0x4ee4</load_address>
         <run_address>0x4ee4</run_address>
         <size>0xc</size>
      </object_component>
      <object_component id="oc-38e">
         <name>.cinit..vtable.load</name>
         <load_address>0x4ef0</load_address>
         <run_address>0x4ef0</run_address>
         <size>0x8</size>
      </object_component>
      <object_component id="oc-38d">
         <name>__TI_cinit_table</name>
         <load_address>0x4ef8</load_address>
         <run_address>0x4ef8</run_address>
         <size>0x10</size>
      </object_component>
      <object_component id="oc-15d">
         <name>.vtable</name>
         <uninitialized>true</uninitialized>
         <run_address>0x20000000</run_address>
         <size>0x26c</size>
         <input_file_ref idref="fl-16"/>
      </object_component>
      <object_component id="oc-133">
         <name>.data:gpioPinMap</name>
         <load_address>0x20000470</load_address>
         <run_address>0x20000470</run_address>
         <size>0x8</size>
         <input_file_ref idref="fl-27"/>
      </object_component>
      <object_component id="oc-18c">
         <name>.data</name>
         <load_address>0x2000047c</load_address>
         <run_address>0x2000047c</run_address>
         <size>0x1</size>
         <input_file_ref idref="fl-28"/>
      </object_component>
      <object_component id="oc-305">
         <name>.data</name>
         <load_address>0x20000478</load_address>
         <run_address>0x20000478</run_address>
         <size>0x4</size>
         <input_file_ref idref="fl-102"/>
      </object_component>
      <object_component id="oc-24">
         <name>.stack</name>
         <uninitialized>true</uninitialized>
         <run_address>0x20000270</run_address>
         <size>0x4</size>
         <input_file_ref idref="fl-ed"/>
      </object_component>
      <object_component id="oc-391">
         <name>.stack</name>
         <uninitialized>true</uninitialized>
         <run_address>0x20000270</run_address>
         <size>0x0</size>
      </object_component>
      <object_component id="oc-b2">
         <name>.debug_info</name>
         <load_address>0x0</load_address>
         <run_address>0x0</run_address>
         <size>0x2ae</size>
         <input_file_ref idref="fl-2"/>
      </object_component>
      <object_component id="oc-9d">
         <name>.debug_info</name>
         <load_address>0x2ae</load_address>
         <run_address>0x2ae</run_address>
         <size>0x112</size>
         <input_file_ref idref="fl-2"/>
      </object_component>
      <object_component id="oc-115">
         <name>.debug_info</name>
         <load_address>0x3c0</load_address>
         <run_address>0x3c0</run_address>
         <size>0x68</size>
         <input_file_ref idref="fl-2"/>
      </object_component>
      <object_component id="oc-70">
         <name>.debug_info</name>
         <load_address>0x428</load_address>
         <run_address>0x428</run_address>
         <size>0x26b</size>
         <input_file_ref idref="fl-2"/>
      </object_component>
      <object_component id="oc-36">
         <name>.debug_info</name>
         <load_address>0x693</load_address>
         <run_address>0x693</run_address>
         <size>0x84</size>
         <input_file_ref idref="fl-2"/>
      </object_component>
      <object_component id="oc-ad">
         <name>.debug_info</name>
         <load_address>0x717</load_address>
         <run_address>0x717</run_address>
         <size>0x2a4</size>
         <input_file_ref idref="fl-2"/>
      </object_component>
      <object_component id="oc-1a0">
         <name>.debug_info</name>
         <load_address>0x9bb</load_address>
         <run_address>0x9bb</run_address>
         <size>0xef</size>
         <input_file_ref idref="fl-2"/>
      </object_component>
      <object_component id="oc-75">
         <name>.debug_info</name>
         <load_address>0xaaa</load_address>
         <run_address>0xaaa</run_address>
         <size>0xbb</size>
         <input_file_ref idref="fl-2"/>
      </object_component>
      <object_component id="oc-214">
         <name>.debug_info</name>
         <load_address>0xb65</load_address>
         <run_address>0xb65</run_address>
         <size>0xcc</size>
         <input_file_ref idref="fl-2"/>
      </object_component>
      <object_component id="oc-191">
         <name>.debug_info</name>
         <load_address>0xc31</load_address>
         <run_address>0xc31</run_address>
         <size>0x2c</size>
         <input_file_ref idref="fl-2"/>
      </object_component>
      <object_component id="oc-110">
         <name>.debug_info</name>
         <load_address>0xc5d</load_address>
         <run_address>0xc5d</run_address>
         <size>0x35</size>
         <input_file_ref idref="fl-2"/>
      </object_component>
      <object_component id="oc-121">
         <name>.debug_info</name>
         <load_address>0xc92</load_address>
         <run_address>0xc92</run_address>
         <size>0x1d1</size>
         <input_file_ref idref="fl-3"/>
      </object_component>
      <object_component id="oc-2f">
         <name>.debug_info</name>
         <load_address>0xe63</load_address>
         <run_address>0xe63</run_address>
         <size>0x2ae</size>
         <input_file_ref idref="fl-4"/>
      </object_component>
      <object_component id="oc-13">
         <name>.debug_info</name>
         <load_address>0x1111</load_address>
         <run_address>0x1111</run_address>
         <size>0xed</size>
         <input_file_ref idref="fl-4"/>
      </object_component>
      <object_component id="oc-28">
         <name>.debug_info</name>
         <load_address>0x11fe</load_address>
         <run_address>0x11fe</run_address>
         <size>0x26c</size>
         <input_file_ref idref="fl-4"/>
      </object_component>
      <object_component id="oc-c7">
         <name>.debug_info</name>
         <load_address>0x146a</load_address>
         <run_address>0x146a</run_address>
         <size>0x199</size>
         <input_file_ref idref="fl-5"/>
      </object_component>
      <object_component id="oc-173">
         <name>.debug_info</name>
         <load_address>0x1603</load_address>
         <run_address>0x1603</run_address>
         <size>0x8b</size>
         <input_file_ref idref="fl-5"/>
      </object_component>
      <object_component id="oc-158">
         <name>.debug_info</name>
         <load_address>0x168e</load_address>
         <run_address>0x168e</run_address>
         <size>0x31f</size>
         <input_file_ref idref="fl-a"/>
      </object_component>
      <object_component id="oc-1a5">
         <name>.debug_info</name>
         <load_address>0x19ad</load_address>
         <run_address>0x19ad</run_address>
         <size>0x35b</size>
         <input_file_ref idref="fl-13"/>
      </object_component>
      <object_component id="oc-197">
         <name>.debug_info</name>
         <load_address>0x1d08</load_address>
         <run_address>0x1d08</run_address>
         <size>0xfb</size>
         <input_file_ref idref="fl-13"/>
      </object_component>
      <object_component id="oc-19a">
         <name>.debug_info</name>
         <load_address>0x1e03</load_address>
         <run_address>0x1e03</run_address>
         <size>0xfd</size>
         <input_file_ref idref="fl-13"/>
      </object_component>
      <object_component id="oc-19d">
         <name>.debug_info</name>
         <load_address>0x1f00</load_address>
         <run_address>0x1f00</run_address>
         <size>0xef</size>
         <input_file_ref idref="fl-13"/>
      </object_component>
      <object_component id="oc-131">
         <name>.debug_info</name>
         <load_address>0x1fef</load_address>
         <run_address>0x1fef</run_address>
         <size>0x305a</size>
         <input_file_ref idref="fl-13"/>
      </object_component>
      <object_component id="oc-178">
         <name>.debug_info</name>
         <load_address>0x5049</load_address>
         <run_address>0x5049</run_address>
         <size>0x338</size>
         <input_file_ref idref="fl-16"/>
      </object_component>
      <object_component id="oc-161">
         <name>.debug_info</name>
         <load_address>0x5381</load_address>
         <run_address>0x5381</run_address>
         <size>0xea</size>
         <input_file_ref idref="fl-16"/>
      </object_component>
      <object_component id="oc-164">
         <name>.debug_info</name>
         <load_address>0x546b</load_address>
         <run_address>0x546b</run_address>
         <size>0xe2</size>
         <input_file_ref idref="fl-16"/>
      </object_component>
      <object_component id="oc-167">
         <name>.debug_info</name>
         <load_address>0x554d</load_address>
         <run_address>0x554d</run_address>
         <size>0xe6</size>
         <input_file_ref idref="fl-16"/>
      </object_component>
      <object_component id="oc-16a">
         <name>.debug_info</name>
         <load_address>0x5633</load_address>
         <run_address>0x5633</run_address>
         <size>0xec</size>
         <input_file_ref idref="fl-16"/>
      </object_component>
      <object_component id="oc-16d">
         <name>.debug_info</name>
         <load_address>0x571f</load_address>
         <run_address>0x571f</run_address>
         <size>0xea</size>
         <input_file_ref idref="fl-16"/>
      </object_component>
      <object_component id="oc-170">
         <name>.debug_info</name>
         <load_address>0x5809</load_address>
         <run_address>0x5809</run_address>
         <size>0xee</size>
         <input_file_ref idref="fl-16"/>
      </object_component>
      <object_component id="oc-15e">
         <name>.debug_info</name>
         <load_address>0x58f7</load_address>
         <run_address>0x58f7</run_address>
         <size>0xeb</size>
         <input_file_ref idref="fl-16"/>
      </object_component>
      <object_component id="oc-11d">
         <name>.debug_info</name>
         <load_address>0x59e2</load_address>
         <run_address>0x59e2</run_address>
         <size>0xca7</size>
         <input_file_ref idref="fl-16"/>
      </object_component>
      <object_component id="oc-1e9">
         <name>.debug_info</name>
         <load_address>0x6689</load_address>
         <run_address>0x6689</run_address>
         <size>0x3bd</size>
         <input_file_ref idref="fl-1f"/>
      </object_component>
      <object_component id="oc-1df">
         <name>.debug_info</name>
         <load_address>0x6a46</load_address>
         <run_address>0x6a46</run_address>
         <size>0xe1</size>
         <input_file_ref idref="fl-1f"/>
      </object_component>
      <object_component id="oc-1e5">
         <name>.debug_info</name>
         <load_address>0x6b27</load_address>
         <run_address>0x6b27</run_address>
         <size>0xed</size>
         <input_file_ref idref="fl-1f"/>
      </object_component>
      <object_component id="oc-1dc">
         <name>.debug_info</name>
         <load_address>0x6c14</load_address>
         <run_address>0x6c14</run_address>
         <size>0xe7</size>
         <input_file_ref idref="fl-1f"/>
      </object_component>
      <object_component id="oc-1e2">
         <name>.debug_info</name>
         <load_address>0x6cfb</load_address>
         <run_address>0x6cfb</run_address>
         <size>0xf4</size>
         <input_file_ref idref="fl-1f"/>
      </object_component>
      <object_component id="oc-17c">
         <name>.debug_info</name>
         <load_address>0x6def</load_address>
         <run_address>0x6def</run_address>
         <size>0x2a4d</size>
         <input_file_ref idref="fl-1f"/>
      </object_component>
      <object_component id="oc-241">
         <name>.debug_info</name>
         <load_address>0x983c</load_address>
         <run_address>0x983c</run_address>
         <size>0x51</size>
         <input_file_ref idref="fl-1f"/>
      </object_component>
      <object_component id="oc-1f1">
         <name>.debug_info</name>
         <load_address>0x988d</load_address>
         <run_address>0x988d</run_address>
         <size>0x33d</size>
         <input_file_ref idref="fl-23"/>
      </object_component>
      <object_component id="oc-1eb">
         <name>.debug_info</name>
         <load_address>0x9bca</load_address>
         <run_address>0x9bca</run_address>
         <size>0xeb</size>
         <input_file_ref idref="fl-23"/>
      </object_component>
      <object_component id="oc-1ee">
         <name>.debug_info</name>
         <load_address>0x9cb5</load_address>
         <run_address>0x9cb5</run_address>
         <size>0xfd</size>
         <input_file_ref idref="fl-23"/>
      </object_component>
      <object_component id="oc-182">
         <name>.debug_info</name>
         <load_address>0x9db2</load_address>
         <run_address>0x9db2</run_address>
         <size>0x263d</size>
         <input_file_ref idref="fl-23"/>
      </object_component>
      <object_component id="oc-1a8">
         <name>.debug_info</name>
         <load_address>0xc3ef</load_address>
         <run_address>0xc3ef</run_address>
         <size>0x328</size>
         <input_file_ref idref="fl-27"/>
      </object_component>
      <object_component id="oc-134">
         <name>.debug_info</name>
         <load_address>0xc717</load_address>
         <run_address>0xc717</run_address>
         <size>0xe0</size>
         <input_file_ref idref="fl-27"/>
      </object_component>
      <object_component id="oc-cb">
         <name>.debug_info</name>
         <load_address>0xc7f7</load_address>
         <run_address>0xc7f7</run_address>
         <size>0x2d5</size>
         <input_file_ref idref="fl-27"/>
      </object_component>
      <object_component id="oc-223">
         <name>.debug_info</name>
         <load_address>0xcacc</load_address>
         <run_address>0xcacc</run_address>
         <size>0x5e</size>
         <input_file_ref idref="fl-27"/>
      </object_component>
      <object_component id="oc-190">
         <name>.debug_info</name>
         <load_address>0xcb2a</load_address>
         <run_address>0xcb2a</run_address>
         <size>0x67e</size>
         <input_file_ref idref="fl-28"/>
      </object_component>
      <object_component id="oc-18d">
         <name>.debug_info</name>
         <load_address>0xd1a8</load_address>
         <run_address>0xd1a8</run_address>
         <size>0xeb</size>
         <input_file_ref idref="fl-28"/>
      </object_component>
      <object_component id="oc-127">
         <name>.debug_info</name>
         <load_address>0xd293</load_address>
         <run_address>0xd293</run_address>
         <size>0x4d4</size>
         <input_file_ref idref="fl-28"/>
      </object_component>
      <object_component id="oc-205">
         <name>.debug_info</name>
         <load_address>0xd767</load_address>
         <run_address>0xd767</run_address>
         <size>0x340</size>
         <input_file_ref idref="fl-e7"/>
      </object_component>
      <object_component id="oc-187">
         <name>.debug_info</name>
         <load_address>0xdaa7</load_address>
         <run_address>0xdaa7</run_address>
         <size>0x208</size>
         <input_file_ref idref="fl-e7"/>
      </object_component>
      <object_component id="oc-1fa">
         <name>.debug_info</name>
         <load_address>0xdcaf</load_address>
         <run_address>0xdcaf</run_address>
         <size>0x1c6</size>
         <input_file_ref idref="fl-e7"/>
      </object_component>
      <object_component id="oc-200">
         <name>.debug_info</name>
         <load_address>0xde75</load_address>
         <run_address>0xde75</run_address>
         <size>0x179</size>
         <input_file_ref idref="fl-e7"/>
      </object_component>
      <object_component id="oc-206">
         <name>.debug_info</name>
         <load_address>0xdfee</load_address>
         <run_address>0xdfee</run_address>
         <size>0x2c</size>
         <input_file_ref idref="fl-e7"/>
      </object_component>
      <object_component id="oc-20b">
         <name>.debug_info</name>
         <load_address>0xe01a</load_address>
         <run_address>0xe01a</run_address>
         <size>0x69</size>
         <input_file_ref idref="fl-e7"/>
      </object_component>
      <object_component id="oc-3d">
         <name>.debug_info</name>
         <load_address>0xe083</load_address>
         <run_address>0xe083</run_address>
         <size>0x119</size>
         <input_file_ref idref="fl-e8"/>
      </object_component>
      <object_component id="oc-90">
         <name>.debug_info</name>
         <load_address>0xe19c</load_address>
         <run_address>0xe19c</run_address>
         <size>0x147</size>
         <input_file_ref idref="fl-e9"/>
      </object_component>
      <object_component id="oc-8e">
         <name>.debug_info</name>
         <load_address>0xe2e3</load_address>
         <run_address>0xe2e3</run_address>
         <size>0x2d4</size>
         <input_file_ref idref="fl-ea"/>
      </object_component>
      <object_component id="oc-49">
         <name>.debug_info</name>
         <load_address>0xe5b7</load_address>
         <run_address>0xe5b7</run_address>
         <size>0x1d2</size>
         <input_file_ref idref="fl-ea"/>
      </object_component>
      <object_component id="oc-89">
         <name>.debug_info</name>
         <load_address>0xe789</load_address>
         <run_address>0xe789</run_address>
         <size>0x46</size>
         <input_file_ref idref="fl-ea"/>
      </object_component>
      <object_component id="oc-ba">
         <name>.debug_info</name>
         <load_address>0xe7cf</load_address>
         <run_address>0xe7cf</run_address>
         <size>0x2c</size>
         <input_file_ref idref="fl-ea"/>
      </object_component>
      <object_component id="oc-46">
         <name>.debug_info</name>
         <load_address>0xe7fb</load_address>
         <run_address>0xe7fb</run_address>
         <size>0x2a8</size>
         <input_file_ref idref="fl-eb"/>
      </object_component>
      <object_component id="oc-1c">
         <name>.debug_info</name>
         <load_address>0xeaa3</load_address>
         <run_address>0xeaa3</run_address>
         <size>0x1ea</size>
         <input_file_ref idref="fl-eb"/>
      </object_component>
      <object_component id="oc-41">
         <name>.debug_info</name>
         <load_address>0xec8d</load_address>
         <run_address>0xec8d</run_address>
         <size>0x46</size>
         <input_file_ref idref="fl-eb"/>
      </object_component>
      <object_component id="oc-81">
         <name>.debug_info</name>
         <load_address>0xecd3</load_address>
         <run_address>0xecd3</run_address>
         <size>0x2c</size>
         <input_file_ref idref="fl-eb"/>
      </object_component>
      <object_component id="oc-7f">
         <name>.debug_info</name>
         <load_address>0xecff</load_address>
         <run_address>0xecff</run_address>
         <size>0x29e</size>
         <input_file_ref idref="fl-ec"/>
      </object_component>
      <object_component id="oc-19">
         <name>.debug_info</name>
         <load_address>0xef9d</load_address>
         <run_address>0xef9d</run_address>
         <size>0x250</size>
         <input_file_ref idref="fl-ec"/>
      </object_component>
      <object_component id="oc-31">
         <name>.debug_info</name>
         <load_address>0xf1ed</load_address>
         <run_address>0xf1ed</run_address>
         <size>0x60</size>
         <input_file_ref idref="fl-ec"/>
      </object_component>
      <object_component id="oc-b3">
         <name>.debug_info</name>
         <load_address>0xf24d</load_address>
         <run_address>0xf24d</run_address>
         <size>0x46</size>
         <input_file_ref idref="fl-ec"/>
      </object_component>
      <object_component id="oc-7a">
         <name>.debug_info</name>
         <load_address>0xf293</load_address>
         <run_address>0xf293</run_address>
         <size>0x39</size>
         <input_file_ref idref="fl-ec"/>
      </object_component>
      <object_component id="oc-25">
         <name>.debug_info</name>
         <load_address>0xf2cc</load_address>
         <run_address>0xf2cc</run_address>
         <size>0x10b</size>
         <input_file_ref idref="fl-ed"/>
      </object_component>
      <object_component id="oc-5b">
         <name>.debug_info</name>
         <load_address>0xf3d7</load_address>
         <run_address>0xf3d7</run_address>
         <size>0x1a9</size>
         <input_file_ref idref="fl-ed"/>
      </object_component>
      <object_component id="oc-28d">
         <name>.debug_info</name>
         <load_address>0xf580</load_address>
         <run_address>0xf580</run_address>
         <size>0x590</size>
         <input_file_ref idref="fl-ee"/>
      </object_component>
      <object_component id="oc-258">
         <name>.debug_info</name>
         <load_address>0xfb10</load_address>
         <run_address>0xfb10</run_address>
         <size>0x21e</size>
         <input_file_ref idref="fl-ee"/>
      </object_component>
      <object_component id="oc-2cf">
         <name>.debug_info</name>
         <load_address>0xfd2e</load_address>
         <run_address>0xfd2e</run_address>
         <size>0x1b3</size>
         <input_file_ref idref="fl-ee"/>
      </object_component>
      <object_component id="oc-2d6">
         <name>.debug_info</name>
         <load_address>0xfee1</load_address>
         <run_address>0xfee1</run_address>
         <size>0x21b</size>
         <input_file_ref idref="fl-ee"/>
      </object_component>
      <object_component id="oc-264">
         <name>.debug_info</name>
         <load_address>0x100fc</load_address>
         <run_address>0x100fc</run_address>
         <size>0x3c0</size>
         <input_file_ref idref="fl-ee"/>
      </object_component>
      <object_component id="oc-2dc">
         <name>.debug_info</name>
         <load_address>0x104bc</load_address>
         <run_address>0x104bc</run_address>
         <size>0x30a</size>
         <input_file_ref idref="fl-ee"/>
      </object_component>
      <object_component id="oc-2e2">
         <name>.debug_info</name>
         <load_address>0x107c6</load_address>
         <run_address>0x107c6</run_address>
         <size>0x215</size>
         <input_file_ref idref="fl-ee"/>
      </object_component>
      <object_component id="oc-269">
         <name>.debug_info</name>
         <load_address>0x109db</load_address>
         <run_address>0x109db</run_address>
         <size>0x215</size>
         <input_file_ref idref="fl-ee"/>
      </object_component>
      <object_component id="oc-270">
         <name>.debug_info</name>
         <load_address>0x10bf0</load_address>
         <run_address>0x10bf0</run_address>
         <size>0x304</size>
         <input_file_ref idref="fl-ee"/>
      </object_component>
      <object_component id="oc-275">
         <name>.debug_info</name>
         <load_address>0x10ef4</load_address>
         <run_address>0x10ef4</run_address>
         <size>0x4b5</size>
         <input_file_ref idref="fl-ee"/>
      </object_component>
      <object_component id="oc-1f3">
         <name>.debug_info</name>
         <load_address>0x113a9</load_address>
         <run_address>0x113a9</run_address>
         <size>0x5f4</size>
         <input_file_ref idref="fl-ee"/>
      </object_component>
      <object_component id="oc-28e">
         <name>.debug_info</name>
         <load_address>0x1199d</load_address>
         <run_address>0x1199d</run_address>
         <size>0x86</size>
         <input_file_ref idref="fl-ee"/>
      </object_component>
      <object_component id="oc-30c">
         <name>.debug_info</name>
         <load_address>0x11a23</load_address>
         <run_address>0x11a23</run_address>
         <size>0x39</size>
         <input_file_ref idref="fl-ee"/>
      </object_component>
      <object_component id="oc-34d">
         <name>.debug_info</name>
         <load_address>0x11a5c</load_address>
         <run_address>0x11a5c</run_address>
         <size>0xb6</size>
         <input_file_ref idref="fl-ee"/>
      </object_component>
      <object_component id="oc-311">
         <name>.debug_info</name>
         <load_address>0x11b12</load_address>
         <run_address>0x11b12</run_address>
         <size>0x46</size>
         <input_file_ref idref="fl-ee"/>
      </object_component>
      <object_component id="oc-293">
         <name>.debug_info</name>
         <load_address>0x11b58</load_address>
         <run_address>0x11b58</run_address>
         <size>0x46</size>
         <input_file_ref idref="fl-ee"/>
      </object_component>
      <object_component id="oc-2cb">
         <name>.debug_info</name>
         <load_address>0x11b9e</load_address>
         <run_address>0x11b9e</run_address>
         <size>0x14c</size>
         <input_file_ref idref="fl-ef"/>
      </object_component>
      <object_component id="oc-25e">
         <name>.debug_info</name>
         <load_address>0x11cea</load_address>
         <run_address>0x11cea</run_address>
         <size>0x128</size>
         <input_file_ref idref="fl-f0"/>
      </object_component>
      <object_component id="oc-2b6">
         <name>.debug_info</name>
         <load_address>0x11e12</load_address>
         <run_address>0x11e12</run_address>
         <size>0x12a</size>
         <input_file_ref idref="fl-f0"/>
      </object_component>
      <object_component id="oc-2b1">
         <name>.debug_info</name>
         <load_address>0x11f3c</load_address>
         <run_address>0x11f3c</run_address>
         <size>0x13a</size>
         <input_file_ref idref="fl-f1"/>
      </object_component>
      <object_component id="oc-2ad">
         <name>.debug_info</name>
         <load_address>0x12076</load_address>
         <run_address>0x12076</run_address>
         <size>0x13a</size>
         <input_file_ref idref="fl-f2"/>
      </object_component>
      <object_component id="oc-2ba">
         <name>.debug_info</name>
         <load_address>0x121b0</load_address>
         <run_address>0x121b0</run_address>
         <size>0x12e</size>
         <input_file_ref idref="fl-f3"/>
      </object_component>
      <object_component id="oc-2c6">
         <name>.debug_info</name>
         <load_address>0x122de</load_address>
         <run_address>0x122de</run_address>
         <size>0x12c</size>
         <input_file_ref idref="fl-f4"/>
      </object_component>
      <object_component id="oc-2a4">
         <name>.debug_info</name>
         <load_address>0x1240a</load_address>
         <run_address>0x1240a</run_address>
         <size>0x134</size>
         <input_file_ref idref="fl-f5"/>
      </object_component>
      <object_component id="oc-142">
         <name>.debug_info</name>
         <load_address>0x1253e</load_address>
         <run_address>0x1253e</run_address>
         <size>0x4b3</size>
         <input_file_ref idref="fl-f6"/>
      </object_component>
      <object_component id="oc-dd">
         <name>.debug_info</name>
         <load_address>0x129f1</load_address>
         <run_address>0x129f1</run_address>
         <size>0x1a6</size>
         <input_file_ref idref="fl-f6"/>
      </object_component>
      <object_component id="oc-1b9">
         <name>.debug_info</name>
         <load_address>0x12b97</load_address>
         <run_address>0x12b97</run_address>
         <size>0x39</size>
         <input_file_ref idref="fl-f6"/>
      </object_component>
      <object_component id="oc-22b">
         <name>.debug_info</name>
         <load_address>0x12bd0</load_address>
         <run_address>0x12bd0</run_address>
         <size>0x39</size>
         <input_file_ref idref="fl-f6"/>
      </object_component>
      <object_component id="oc-1be">
         <name>.debug_info</name>
         <load_address>0x12c09</load_address>
         <run_address>0x12c09</run_address>
         <size>0x39</size>
         <input_file_ref idref="fl-f6"/>
      </object_component>
      <object_component id="oc-1c3">
         <name>.debug_info</name>
         <load_address>0x12c42</load_address>
         <run_address>0x12c42</run_address>
         <size>0xcd</size>
         <input_file_ref idref="fl-f6"/>
      </object_component>
      <object_component id="oc-96">
         <name>.debug_info</name>
         <load_address>0x12d0f</load_address>
         <run_address>0x12d0f</run_address>
         <size>0x153</size>
         <input_file_ref idref="fl-f7"/>
      </object_component>
      <object_component id="oc-d3">
         <name>.debug_info</name>
         <load_address>0x12e62</load_address>
         <run_address>0x12e62</run_address>
         <size>0x122</size>
         <input_file_ref idref="fl-f9"/>
      </object_component>
      <object_component id="oc-328">
         <name>.debug_info</name>
         <load_address>0x12f84</load_address>
         <run_address>0x12f84</run_address>
         <size>0x29c</size>
         <input_file_ref idref="fl-fb"/>
      </object_component>
      <object_component id="oc-2bf">
         <name>.debug_info</name>
         <load_address>0x13220</load_address>
         <run_address>0x13220</run_address>
         <size>0x1da</size>
         <input_file_ref idref="fl-fb"/>
      </object_component>
      <object_component id="oc-2a2">
         <name>.debug_info</name>
         <load_address>0x133fa</load_address>
         <run_address>0x133fa</run_address>
         <size>0x2b9</size>
         <input_file_ref idref="fl-fd"/>
      </object_component>
      <object_component id="oc-255">
         <name>.debug_info</name>
         <load_address>0x136b3</load_address>
         <run_address>0x136b3</run_address>
         <size>0x17c</size>
         <input_file_ref idref="fl-fd"/>
      </object_component>
      <object_component id="oc-31a">
         <name>.debug_info</name>
         <load_address>0x1382f</load_address>
         <run_address>0x1382f</run_address>
         <size>0xf9</size>
         <input_file_ref idref="fl-fe"/>
      </object_component>
      <object_component id="oc-29f">
         <name>.debug_info</name>
         <load_address>0x13928</load_address>
         <run_address>0x13928</run_address>
         <size>0x105</size>
         <input_file_ref idref="fl-fe"/>
      </object_component>
      <object_component id="oc-2fd">
         <name>.debug_info</name>
         <load_address>0x13a2d</load_address>
         <run_address>0x13a2d</run_address>
         <size>0x2a7</size>
         <input_file_ref idref="fl-ff"/>
      </object_component>
      <object_component id="oc-27d">
         <name>.debug_info</name>
         <load_address>0x13cd4</load_address>
         <run_address>0x13cd4</run_address>
         <size>0x1b8</size>
         <input_file_ref idref="fl-ff"/>
      </object_component>
      <object_component id="oc-33f">
         <name>.debug_info</name>
         <load_address>0x13e8c</load_address>
         <run_address>0x13e8c</run_address>
         <size>0x29a</size>
         <input_file_ref idref="fl-100"/>
      </object_component>
      <object_component id="oc-2f7">
         <name>.debug_info</name>
         <load_address>0x14126</load_address>
         <run_address>0x14126</run_address>
         <size>0x262</size>
         <input_file_ref idref="fl-100"/>
      </object_component>
      <object_component id="oc-29d">
         <name>.debug_info</name>
         <load_address>0x14388</load_address>
         <run_address>0x14388</run_address>
         <size>0x28f</size>
         <input_file_ref idref="fl-101"/>
      </object_component>
      <object_component id="oc-24c">
         <name>.debug_info</name>
         <load_address>0x14617</load_address>
         <run_address>0x14617</run_address>
         <size>0x245</size>
         <input_file_ref idref="fl-101"/>
      </object_component>
      <object_component id="oc-309">
         <name>.debug_info</name>
         <load_address>0x1485c</load_address>
         <run_address>0x1485c</run_address>
         <size>0x289</size>
         <input_file_ref idref="fl-102"/>
      </object_component>
      <object_component id="oc-306">
         <name>.debug_info</name>
         <load_address>0x14ae5</load_address>
         <run_address>0x14ae5</run_address>
         <size>0x10e</size>
         <input_file_ref idref="fl-102"/>
      </object_component>
      <object_component id="oc-28a">
         <name>.debug_info</name>
         <load_address>0x14bf3</load_address>
         <run_address>0x14bf3</run_address>
         <size>0x14e</size>
         <input_file_ref idref="fl-102"/>
      </object_component>
      <object_component id="oc-304">
         <name>.debug_info</name>
         <load_address>0x14d41</load_address>
         <run_address>0x14d41</run_address>
         <size>0x28f</size>
         <input_file_ref idref="fl-103"/>
      </object_component>
      <object_component id="oc-281">
         <name>.debug_info</name>
         <load_address>0x14fd0</load_address>
         <run_address>0x14fd0</run_address>
         <size>0x15a</size>
         <input_file_ref idref="fl-103"/>
      </object_component>
      <object_component id="oc-342">
         <name>.debug_info</name>
         <load_address>0x1512a</load_address>
         <run_address>0x1512a</run_address>
         <size>0x46</size>
         <input_file_ref idref="fl-103"/>
      </object_component>
      <object_component id="oc-2ff">
         <name>.debug_info</name>
         <load_address>0x15170</load_address>
         <run_address>0x15170</run_address>
         <size>0x39</size>
         <input_file_ref idref="fl-103"/>
      </object_component>
      <object_component id="oc-330">
         <name>.debug_info</name>
         <load_address>0x151a9</load_address>
         <run_address>0x151a9</run_address>
         <size>0x295</size>
         <input_file_ref idref="fl-104"/>
      </object_component>
      <object_component id="oc-2eb">
         <name>.debug_info</name>
         <load_address>0x1543e</load_address>
         <run_address>0x1543e</run_address>
         <size>0x195</size>
         <input_file_ref idref="fl-104"/>
      </object_component>
      <object_component id="oc-359">
         <name>.debug_info</name>
         <load_address>0x155d3</load_address>
         <run_address>0x155d3</run_address>
         <size>0x39</size>
         <input_file_ref idref="fl-104"/>
      </object_component>
      <object_component id="oc-331">
         <name>.debug_info</name>
         <load_address>0x1560c</load_address>
         <run_address>0x1560c</run_address>
         <size>0x2c</size>
         <input_file_ref idref="fl-104"/>
      </object_component>
      <object_component id="oc-33d">
         <name>.debug_info</name>
         <load_address>0x15638</load_address>
         <run_address>0x15638</run_address>
         <size>0x2f8</size>
         <input_file_ref idref="fl-105"/>
      </object_component>
      <object_component id="oc-2f0">
         <name>.debug_info</name>
         <load_address>0x15930</load_address>
         <run_address>0x15930</run_address>
         <size>0x225</size>
         <input_file_ref idref="fl-105"/>
      </object_component>
      <object_component id="oc-31e">
         <name>.debug_info</name>
         <load_address>0x15b55</load_address>
         <run_address>0x15b55</run_address>
         <size>0x115</size>
         <input_file_ref idref="fl-106"/>
      </object_component>
      <object_component id="oc-337">
         <name>.debug_info</name>
         <load_address>0x15c6a</load_address>
         <run_address>0x15c6a</run_address>
         <size>0x161</size>
         <input_file_ref idref="fl-107"/>
      </object_component>
      <object_component id="oc-392">
         <name>.debug_info</name>
         <load_address>0x15dcb</load_address>
         <run_address>0x15dcb</run_address>
         <size>0x9f</size>
      </object_component>
      <object_component id="oc-10f">
         <name>.debug_line</name>
         <load_address>0x0</load_address>
         <run_address>0x0</run_address>
         <size>0xb4</size>
         <input_file_ref idref="fl-2"/>
      </object_component>
      <object_component id="oc-9c">
         <name>.debug_line</name>
         <load_address>0xb4</load_address>
         <run_address>0xb4</run_address>
         <size>0x43</size>
         <input_file_ref idref="fl-2"/>
      </object_component>
      <object_component id="oc-118">
         <name>.debug_line</name>
         <load_address>0xf7</load_address>
         <run_address>0xf7</run_address>
         <size>0x62</size>
         <input_file_ref idref="fl-2"/>
      </object_component>
      <object_component id="oc-73">
         <name>.debug_line</name>
         <load_address>0x159</load_address>
         <run_address>0x159</run_address>
         <size>0x6f</size>
         <input_file_ref idref="fl-2"/>
      </object_component>
      <object_component id="oc-39">
         <name>.debug_line</name>
         <load_address>0x1c8</load_address>
         <run_address>0x1c8</run_address>
         <size>0x20</size>
         <input_file_ref idref="fl-2"/>
      </object_component>
      <object_component id="oc-b0">
         <name>.debug_line</name>
         <load_address>0x1e8</load_address>
         <run_address>0x1e8</run_address>
         <size>0x73</size>
         <input_file_ref idref="fl-2"/>
      </object_component>
      <object_component id="oc-1a3">
         <name>.debug_line</name>
         <load_address>0x25b</load_address>
         <run_address>0x25b</run_address>
         <size>0x6f</size>
         <input_file_ref idref="fl-2"/>
      </object_component>
      <object_component id="oc-78">
         <name>.debug_line</name>
         <load_address>0x2ca</load_address>
         <run_address>0x2ca</run_address>
         <size>0x70</size>
         <input_file_ref idref="fl-2"/>
      </object_component>
      <object_component id="oc-217">
         <name>.debug_line</name>
         <load_address>0x33a</load_address>
         <run_address>0x33a</run_address>
         <size>0x6a</size>
         <input_file_ref idref="fl-2"/>
      </object_component>
      <object_component id="oc-194">
         <name>.debug_line</name>
         <load_address>0x3a4</load_address>
         <run_address>0x3a4</run_address>
         <size>0x6b</size>
         <input_file_ref idref="fl-2"/>
      </object_component>
      <object_component id="oc-113">
         <name>.debug_line</name>
         <load_address>0x40f</load_address>
         <run_address>0x40f</run_address>
         <size>0x74</size>
         <input_file_ref idref="fl-2"/>
      </object_component>
      <object_component id="oc-125">
         <name>.debug_line</name>
         <load_address>0x483</load_address>
         <run_address>0x483</run_address>
         <size>0x52</size>
         <input_file_ref idref="fl-3"/>
      </object_component>
      <object_component id="oc-6f">
         <name>.debug_line</name>
         <load_address>0x4d5</load_address>
         <run_address>0x4d5</run_address>
         <size>0x42</size>
         <input_file_ref idref="fl-4"/>
      </object_component>
      <object_component id="oc-2e">
         <name>.debug_line</name>
         <load_address>0x517</load_address>
         <run_address>0x517</run_address>
         <size>0x42</size>
         <input_file_ref idref="fl-4"/>
      </object_component>
      <object_component id="oc-2c">
         <name>.debug_line</name>
         <load_address>0x559</load_address>
         <run_address>0x559</run_address>
         <size>0xa2</size>
         <input_file_ref idref="fl-4"/>
      </object_component>
      <object_component id="oc-c5">
         <name>.debug_line</name>
         <load_address>0x5fb</load_address>
         <run_address>0x5fb</run_address>
         <size>0x62</size>
         <input_file_ref idref="fl-5"/>
      </object_component>
      <object_component id="oc-176">
         <name>.debug_line</name>
         <load_address>0x65d</load_address>
         <run_address>0x65d</run_address>
         <size>0x20</size>
         <input_file_ref idref="fl-5"/>
      </object_component>
      <object_component id="oc-15c">
         <name>.debug_line</name>
         <load_address>0x67d</load_address>
         <run_address>0x67d</run_address>
         <size>0xd7</size>
         <input_file_ref idref="fl-a"/>
      </object_component>
      <object_component id="oc-220">
         <name>.debug_line</name>
         <load_address>0x754</load_address>
         <run_address>0x754</run_address>
         <size>0x5b</size>
         <input_file_ref idref="fl-13"/>
      </object_component>
      <object_component id="oc-21a">
         <name>.debug_line</name>
         <load_address>0x7af</load_address>
         <run_address>0x7af</run_address>
         <size>0x35</size>
         <input_file_ref idref="fl-13"/>
      </object_component>
      <object_component id="oc-21c">
         <name>.debug_line</name>
         <load_address>0x7e4</load_address>
         <run_address>0x7e4</run_address>
         <size>0x35</size>
         <input_file_ref idref="fl-13"/>
      </object_component>
      <object_component id="oc-21e">
         <name>.debug_line</name>
         <load_address>0x819</load_address>
         <run_address>0x819</run_address>
         <size>0x35</size>
         <input_file_ref idref="fl-13"/>
      </object_component>
      <object_component id="oc-12f">
         <name>.debug_line</name>
         <load_address>0x84e</load_address>
         <run_address>0x84e</run_address>
         <size>0x62b</size>
         <input_file_ref idref="fl-13"/>
      </object_component>
      <object_component id="oc-1da">
         <name>.debug_line</name>
         <load_address>0xe79</load_address>
         <run_address>0xe79</run_address>
         <size>0x55</size>
         <input_file_ref idref="fl-16"/>
      </object_component>
      <object_component id="oc-1ce">
         <name>.debug_line</name>
         <load_address>0xece</load_address>
         <run_address>0xece</run_address>
         <size>0x3a</size>
         <input_file_ref idref="fl-16"/>
      </object_component>
      <object_component id="oc-1d0">
         <name>.debug_line</name>
         <load_address>0xf08</load_address>
         <run_address>0xf08</run_address>
         <size>0x3a</size>
         <input_file_ref idref="fl-16"/>
      </object_component>
      <object_component id="oc-1d2">
         <name>.debug_line</name>
         <load_address>0xf42</load_address>
         <run_address>0xf42</run_address>
         <size>0x3a</size>
         <input_file_ref idref="fl-16"/>
      </object_component>
      <object_component id="oc-1d4">
         <name>.debug_line</name>
         <load_address>0xf7c</load_address>
         <run_address>0xf7c</run_address>
         <size>0x3a</size>
         <input_file_ref idref="fl-16"/>
      </object_component>
      <object_component id="oc-1d6">
         <name>.debug_line</name>
         <load_address>0xfb6</load_address>
         <run_address>0xfb6</run_address>
         <size>0x3a</size>
         <input_file_ref idref="fl-16"/>
      </object_component>
      <object_component id="oc-1d8">
         <name>.debug_line</name>
         <load_address>0xff0</load_address>
         <run_address>0xff0</run_address>
         <size>0x3a</size>
         <input_file_ref idref="fl-16"/>
      </object_component>
      <object_component id="oc-1cc">
         <name>.debug_line</name>
         <load_address>0x102a</load_address>
         <run_address>0x102a</run_address>
         <size>0x3a</size>
         <input_file_ref idref="fl-16"/>
      </object_component>
      <object_component id="oc-11f">
         <name>.debug_line</name>
         <load_address>0x1064</load_address>
         <run_address>0x1064</run_address>
         <size>0x2b8</size>
         <input_file_ref idref="fl-16"/>
      </object_component>
      <object_component id="oc-240">
         <name>.debug_line</name>
         <load_address>0x131c</load_address>
         <run_address>0x131c</run_address>
         <size>0xc8</size>
         <input_file_ref idref="fl-1f"/>
      </object_component>
      <object_component id="oc-23a">
         <name>.debug_line</name>
         <load_address>0x13e4</load_address>
         <run_address>0x13e4</run_address>
         <size>0x37</size>
         <input_file_ref idref="fl-1f"/>
      </object_component>
      <object_component id="oc-23e">
         <name>.debug_line</name>
         <load_address>0x141b</load_address>
         <run_address>0x141b</run_address>
         <size>0x37</size>
         <input_file_ref idref="fl-1f"/>
      </object_component>
      <object_component id="oc-238">
         <name>.debug_line</name>
         <load_address>0x1452</load_address>
         <run_address>0x1452</run_address>
         <size>0x37</size>
         <input_file_ref idref="fl-1f"/>
      </object_component>
      <object_component id="oc-23c">
         <name>.debug_line</name>
         <load_address>0x1489</load_address>
         <run_address>0x1489</run_address>
         <size>0x37</size>
         <input_file_ref idref="fl-1f"/>
      </object_component>
      <object_component id="oc-17e">
         <name>.debug_line</name>
         <load_address>0x14c0</load_address>
         <run_address>0x14c0</run_address>
         <size>0x975</size>
         <input_file_ref idref="fl-1f"/>
      </object_component>
      <object_component id="oc-243">
         <name>.debug_line</name>
         <load_address>0x1e35</load_address>
         <run_address>0x1e35</run_address>
         <size>0x37</size>
         <input_file_ref idref="fl-1f"/>
      </object_component>
      <object_component id="oc-24a">
         <name>.debug_line</name>
         <load_address>0x1e6c</load_address>
         <run_address>0x1e6c</run_address>
[...]
      </symbol>
      <symbol id="sm-395">
         <name>SysCtlVCOGet</name>
         <value>0x103d</value>
         <object_component_ref idref="oc-179"/>
      </symbol>
      <symbol id="sm-396">
         <name>SysCtlResetBehaviorSet</name>
         <value>0x80d</value>
         <object_component_ref idref="oc-179"/>
      </symbol>
      <symbol id="sm-397">
         <name>SysCtlReset</name>
         <value>0x761</value>
         <object_component_ref idref="oc-179"/>
      </symbol>
      <symbol id="sm-398">
         <name>SysCtlGPIOAHBDisable</name>
         <value>0xfcf</value>
         <object_component_ref idref="oc-179"/>
      </symbol>
      <symbol id="sm-399">
         <name>SysCtlSRAMSizeGet</name>
         <value>0x2c9</value>
         <object_component_ref idref="oc-179"/>
      </symbol>
      <symbol id="sm-39a">
         <name>SysCtlClockGet</name>
         <value>0xd35</value>
         <object_component_ref idref="oc-179"/>
      </symbol>
      <symbol id="sm-39b">
         <name>SysCtlPeripheralDisable</name>
         <value>0x4e1</value>
         <object_component_ref idref="oc-179"/>
      </symbol>
      <symbol id="sm-39c">
         <name>SysCtlPWMClockSet</name>
         <value>0xf83</value>
         <object_component_ref idref="oc-179"/>
      </symbol>
      <symbol id="sm-39d">
         <name>SysCtlUSBPLLEnable</name>
         <value>0xfeb</value>
         <object_component_ref idref="oc-179"/>
      </symbol>
      <symbol id="sm-39e">
         <name>SysCtlPeripheralSleepEnable</name>
         <value>0x525</value>
         <object_component_ref idref="oc-179"/>
      </symbol>
      <symbol id="sm-39f">
         <name>SysCtlIntUnregister</name>
         <value>0x6a9</value>
         <object_component_ref idref="oc-179"/>
      </symbol>
      <symbol id="sm-3a0">
         <name>SysCtlUSBPLLDisable</name>
         <value>0xff7</value>
         <object_component_ref idref="oc-179"/>
      </symbol>
      <symbol id="sm-3a1">
         <name>SysCtlPeripheralReady</name>
         <value>0x365</value>
         <object_component_ref idref="oc-179"/>
      </symbol>
      <symbol id="sm-3a2">
         <name>SysCtlPIOSCCalibrate</name>
         <value>0x7bd</value>
         <object_component_ref idref="oc-179"/>
      </symbol>
      <symbol id="sm-3a3">
         <name>SysCtlResetCauseClear</name>
         <value>0x793</value>
         <object_component_ref idref="oc-179"/>
      </symbol>
      <symbol id="sm-3a4">
         <name>SysCtlLDOSleepGet</name>
         <value>0x721</value>
         <object_component_ref idref="oc-179"/>
      </symbol>
      <symbol id="sm-3a5">
         <name>SysCtlClockFreqSet</name>
         <value>0x86d</value>
         <object_component_ref idref="oc-179"/>
      </symbol>
      <symbol id="sm-3a6">
         <name>SysCtlPeripheralReset</name>
         <value>0x41d</value>
         <object_component_ref idref="oc-179"/>
      </symbol>
      <symbol id="sm-41c">
         <name>UARTClockSourceGet</name>
         <value>0x2cdb</value>
         <object_component_ref idref="oc-180"/>
      </symbol>
      <symbol id="sm-41d">
         <name>UARTCharPutNonBlocking</name>
         <value>0x2b4d</value>
         <object_component_ref idref="oc-180"/>
      </symbol>
      <symbol id="sm-41e">
         <name>UARTDMAEnable</name>
         <value>0x2c75</value>
         <object_component_ref idref="oc-180"/>
      </symbol>
      <symbol id="sm-41f">
         <name>UARTTxIntModeSet</name>
         <value>0x2ab1</value>
         <object_component_ref idref="oc-180"/>
      </symbol>
      <symbol id="sm-420">
         <name>UARTFIFODisable</name>
         <value>0x295f</value>
         <object_component_ref idref="oc-180"/>
      </symbol>
      <symbol id="sm-421">
         <name>UARTIntUnregister</name>
         <value>0x2bf5</value>
         <object_component_ref idref="oc-180"/>
      </symbol>
      <symbol id="sm-422">
         <name>UARTRxErrorClear</name>
         <value>0x2cb7</value>
         <object_component_ref idref="oc-180"/>
      </symbol>
      <symbol id="sm-423">
         <name>UARTModemControlSet</name>
         <value>0x2a01</value>
         <object_component_ref idref="oc-180"/>
      </symbol>
      <symbol id="sm-424">
         <name>UARTFlowControlSet</name>
         <value>0x2a83</value>
         <object_component_ref idref="oc-180"/>
      </symbol>
      <symbol id="sm-425">
         <name>UARTConfigSetExpClk</name>
         <value>0x2839</value>
         <object_component_ref idref="oc-180"/>
      </symbol>
      <symbol id="sm-426">
         <name>UARTSmartCardDisable</name>
         <value>0x29eb</value>
         <object_component_ref idref="oc-180"/>
      </symbol>
      <symbol id="sm-427">
         <name>UARTDisable</name>
         <value>0x291f</value>
         <object_component_ref idref="oc-180"/>
      </symbol>
      <symbol id="sm-428">
         <name>UART9BitDisable</name>
         <value>0x2d01</value>
         <object_component_ref idref="oc-180"/>
      </symbol>
      <symbol id="sm-429">
         <name>UARTFIFOLevelGet</name>
         <value>0x2811</value>
         <object_component_ref idref="oc-180"/>
      </symbol>
      <symbol id="sm-42a">
         <name>UARTBusy</name>
         <value>0x2bb9</value>
         <object_component_ref idref="oc-180"/>
      </symbol>
      <symbol id="sm-42b">
         <name>UARTDisableSIR</name>
         <value>0x29a3</value>
         <object_component_ref idref="oc-180"/>
      </symbol>
      <symbol id="sm-42c">
         <name>UARTLoopbackEnable</name>
         <value>0x2d85</value>
         <object_component_ref idref="oc-180"/>
      </symbol>
      <symbol id="sm-42d">
         <name>UARTIntEnable</name>
         <value>0x2c15</value>
         <object_component_ref idref="oc-180"/>
      </symbol>
      <symbol id="sm-42e">
         <name>UARTCharsAvail</name>
         <value>0x2adf</value>
         <object_component_ref idref="oc-180"/>
      </symbol>
      <symbol id="sm-42f">
         <name>UARTCharGetNonBlocking</name>
         <value>0x2b1b</value>
         <object_component_ref idref="oc-180"/>
      </symbol>
      <symbol id="sm-430">
         <name>UARTClockSourceSet</name>
         <value>0x2cc7</value>
         <object_component_ref idref="oc-180"/>
      </symbol>
      <symbol id="sm-431">
         <name>UARTTxIntModeGet</name>
         <value>0x2acd</value>
         <object_component_ref idref="oc-180"/>
      </symbol>
      <symbol id="sm-432">
         <name>UARTModemStatusGet</name>
         <value>0x2a6f</value>
         <object_component_ref idref="oc-180"/>
      </symbol>
      <symbol id="sm-433">
         <name>UARTIntDisable</name>
         <value>0x2c2d</value>
         <object_component_ref idref="oc-180"/>
      </symbol>
      <symbol id="sm-434">
         <name>UARTCharPut</name>
         <value>0x2b71</value>
         <object_component_ref idref="oc-180"/>
      </symbol>
      <symbol id="sm-435">
         <name>UARTParityModeSet</name>
         <value>0x27cb</value>
         <object_component_ref idref="oc-180"/>
      </symbol>
      <symbol id="sm-436">
         <name>UARTRxErrorGet</name>
         <value>0x2ca5</value>
         <object_component_ref idref="oc-180"/>
      </symbol>
      <symbol id="sm-437">
         <name>UARTConfigGetExpClk</name>
         <value>0x28af</value>
         <object_component_ref idref="oc-180"/>
      </symbol>
      <symbol id="sm-438">
         <name>UARTEnableSIR</name>
         <value>0x2975</value>
         <object_component_ref idref="oc-180"/>
      </symbol>
      <symbol id="sm-439">
         <name>UARTEnable</name>
         <value>0x28fb</value>
         <object_component_ref idref="oc-180"/>
      </symbol>
      <symbol id="sm-43a">
         <name>UART9BitAddrSend</name>
         <value>0x2d3d</value>
         <object_component_ref idref="oc-180"/>
      </symbol>
      <symbol id="sm-43b">
         <name>UARTModemControlGet</name>
         <value>0x2a5d</value>
         <object_component_ref idref="oc-180"/>
      </symbol>
      <symbol id="sm-43c">
         <name>UARTSmartCardEnable</name>
         <value>0x29b9</value>
         <object_component_ref idref="oc-180"/>
      </symbol>
      <symbol id="sm-43d">
         <name>UARTFlowControlGet</name>
         <value>0x2a9f</value>
         <object_component_ref idref="oc-180"/>
      </symbol>
      <symbol id="sm-43e">
         <name>UARTFIFOEnable</name>
         <value>0x2949</value>
         <object_component_ref idref="oc-180"/>
      </symbol>
      <symbol id="sm-43f">
         <name>UARTIntClear</name>
         <value>0x2c63</value>
         <object_component_ref idref="oc-180"/>
      </symbol>
      <symbol id="sm-440">
         <name>UARTIntStatus</name>
         <value>0x2c45</value>
         <object_component_ref idref="oc-180"/>
      </symbol>
      <symbol id="sm-441">
         <name>UARTDMADisable</name>
         <value>0x2c8d</value>
         <object_component_ref idref="oc-180"/>
      </symbol>
      <symbol id="sm-442">
         <name>UART9BitEnable</name>
         <value>0x2ceb</value>
         <object_component_ref idref="oc-180"/>
      </symbol>
      <symbol id="sm-443">
         <name>UARTSpaceAvail</name>
         <value>0x2afd</value>
         <object_component_ref idref="oc-180"/>
      </symbol>
      <symbol id="sm-444">
         <name>UARTCharGet</name>
         <value>0x2b37</value>
         <object_component_ref idref="oc-180"/>
      </symbol>
      <symbol id="sm-445">
         <name>UARTFIFOLevelSet</name>
         <value>0x27f9</value>
         <object_component_ref idref="oc-180"/>
      </symbol>
      <symbol id="sm-446">
         <name>UARTModemControlClear</name>
         <value>0x2a39</value>
         <object_component_ref idref="oc-180"/>
      </symbol>
      <symbol id="sm-447">
         <name>UARTParityModeGet</name>
         <value>0x27e7</value>
         <object_component_ref idref="oc-180"/>
      </symbol>
      <symbol id="sm-448">
         <name>UARTIntRegister</name>
         <value>0x2bd7</value>
         <object_component_ref idref="oc-180"/>
      </symbol>
      <symbol id="sm-449">
         <name>UARTBreakCtl</name>
         <value>0x2b8f</value>
         <object_component_ref idref="oc-180"/>
      </symbol>
      <symbol id="sm-44a">
         <name>UART9BitAddrSet</name>
         <value>0x2d17</value>
         <object_component_ref idref="oc-180"/>
      </symbol>
      <symbol id="sm-46c">
         <name>setGpioPin</name>
         <value>0x429d</value>
         <object_component_ref idref="oc-c9"/>
      </symbol>
      <symbol id="sm-46d">
         <name>gpioInit</name>
         <value>0x4291</value>
         <object_component_ref idref="oc-c9"/>
      </symbol>
      <symbol id="sm-46e">
         <name>readGpioPin</name>
         <value>0x42c5</value>
         <object_component_ref idref="oc-c9"/>
      </symbol>
      <symbol id="sm-490">
         <name>uartSendBlocking</name>
         <value>0x3825</value>
         <object_component_ref idref="oc-126"/>
      </symbol>
      <symbol id="sm-491">
         <name>uartInit</name>
         <value>0x3799</value>
         <object_component_ref idref="oc-126"/>
      </symbol>
      <symbol id="sm-492">
         <name>uartInterruptCallback</name>
         <value>0x3755</value>
         <object_component_ref idref="oc-126"/>
      </symbol>
      <symbol id="sm-493">
         <name>receivedMessage</name>
         <value>0x2000047c</value>
         <object_component_ref idref="oc-18c"/>
      </symbol>
      <symbol id="sm-4c2">
         <name>vsnprintf</name>
         <value>0x4581</value>
         <object_component_ref idref="oc-186"/>
      </symbol>
      <symbol id="sm-4dd">
         <name>memcpy</name>
         <value>0x3f03</value>
         <object_component_ref idref="oc-3b"/>
      </symbol>
      <symbol id="sm-4de">
         <name>__aeabi_memcpy</name>
         <value>0x3f03</value>
         <object_component_ref idref="oc-3b"/>
      </symbol>
      <symbol id="sm-4df">
         <name>__aeabi_memcpy8</name>
         <value>0x3f03</value>
         <object_component_ref idref="oc-3b"/>
      </symbol>
      <symbol id="sm-4e0">
         <name>__aeabi_memcpy4</name>
         <value>0x3f03</value>
         <object_component_ref idref="oc-3b"/>
      </symbol>
      <symbol id="sm-4ef">
         <name>__aeabi_memset</name>
         <value>0x4143</value>
         <object_component_ref idref="oc-8f"/>
      </symbol>
      <symbol id="sm-4f0">
         <name>memset</name>
         <value>0x4149</value>
         <object_component_ref idref="oc-8f"/>
      </symbol>
      <symbol id="sm-4f1">
         <name>__aeabi_memset8</name>
         <value>0x4143</value>
         <object_component_ref idref="oc-8f"/>
      </symbol>
      <symbol id="sm-4f2">
         <name>__aeabi_memset4</name>
         <value>0x4143</value>
         <object_component_ref idref="oc-8f"/>
      </symbol>
      <symbol id="sm-4f3">
         <name>__aeabi_memclr8</name>
         <value>0x4141</value>
         <object_component_ref idref="oc-8f"/>
      </symbol>
      <symbol id="sm-4f4">
         <name>__aeabi_memclr4</name>
         <value>0x4141</value>
         <object_component_ref idref="oc-8f"/>
      </symbol>
      <symbol id="sm-4f5">
         <name>__aeabi_memclr</name>
         <value>0x4141</value>
         <object_component_ref idref="oc-8f"/>
      </symbol>
      <symbol id="sm-50e">
         <name>__TI_zero_init_nomemset</name>
         <value>0x46cf</value>
         <object_component_ref idref="oc-47"/>
      </symbol>
      <symbol id="sm-525">
         <name>__TI_decompress_none</name>
         <value>0x4799</value>
         <object_component_ref idref="oc-1b"/>
      </symbol>
      <symbol id="sm-548">
         <name>__TI_decompress_lzss</name>
         <value>0x4229</value>
         <object_component_ref idref="oc-15"/>
      </symbol>
      <symbol id="sm-55b">
         <name>__stack</name>
         <value>0x20000270</value>
         <object_component_ref idref="oc-24"/>
      </symbol>
      <symbol id="sm-55c">
         <name>_c_int00_noargs</name>
         <value>0x463d</value>
         <object_component_ref idref="oc-59"/>
      </symbol>
      <symbol id="sm-6c1">
         <name>__TI_printfi</name>
         <value>0x1d1d</value>
         <object_component_ref idref="oc-1f2"/>
      </symbol>
      <symbol id="sm-6d8">
         <name>__aeabi_dsub</name>
         <value>0x359d</value>
         <object_component_ref idref="oc-2c9"/>
      </symbol>
      <symbol id="sm-6d9">
         <name>__aeabi_dadd</name>
         <value>0x35a7</value>
         <object_component_ref idref="oc-2c9"/>
      </symbol>
      <symbol id="sm-6fb">
         <name>__aeabi_cdcmpeq</name>
         <value>0x4035</value>
         <object_component_ref idref="oc-25d"/>
      </symbol>
      <symbol id="sm-6fc">
         <name>__aeabi_cdcmple</name>
         <value>0x4035</value>
         <object_component_ref idref="oc-25d"/>
      </symbol>
      <symbol id="sm-6fd">
         <name>__aeabi_cdrcmple</name>
         <value>0x40bb</value>
         <object_component_ref idref="oc-2b4"/>
      </symbol>
      <symbol id="sm-711">
         <name>__aeabi_ddiv</name>
         <value>0x39e9</value>
         <object_component_ref idref="oc-2af"/>
      </symbol>
      <symbol id="sm-71c">
         <name>__aeabi_dmul</name>
         <value>0x3d55</value>
         <object_component_ref idref="oc-2aa"/>
      </symbol>
      <symbol id="sm-726">
         <name>__aeabi_d2iz</name>
         <value>0x44f5</value>
         <object_component_ref idref="oc-2b9"/>
      </symbol>
      <symbol id="sm-730">
         <name>__aeabi_i2d</name>
         <value>0x46a1</value>
         <object_component_ref idref="oc-2c4"/>
      </symbol>
      <symbol id="sm-73d">
         <name>__aeabi_uldivmod</name>
         <value>0x3f9f</value>
         <object_component_ref idref="oc-2a3"/>
      </symbol>
      <symbol id="sm-765">
         <name>__TI_auto_init_nobinit_nopinit</name>
         <value>0x453d</value>
         <object_component_ref idref="oc-dc"/>
      </symbol>
      <symbol id="sm-76f">
         <name>_system_pre_init</name>
         <value>0x47c3</value>
         <object_component_ref idref="oc-95"/>
      </symbol>
      <symbol id="sm-77b">
         <name>C$$EXIT</name>
         <value>0x47c7</value>
         <object_component_ref idref="oc-d0"/>
      </symbol>
      <symbol id="sm-77c">
         <name>abort</name>
         <value>0x47c7</value>
         <object_component_ref idref="oc-d0"/>
      </symbol>
      <symbol id="sm-78c">
         <name>__TI_ltoa</name>
         <value>0x43b3</value>
         <object_component_ref idref="oc-2be"/>
      </symbol>
      <symbol id="sm-7a3">
         <name>atoi</name>
         <value>0x44a9</value>
         <object_component_ref idref="oc-251"/>
      </symbol>
      <symbol id="sm-7ae">
         <name>_ctypes_</name>
         <value>0x497c</value>
         <object_component_ref idref="oc-29e"/>
      </symbol>
      <symbol id="sm-7be">
         <name>memccpy</name>
         <value>0x46eb</value>
         <object_component_ref idref="oc-27a"/>
      </symbol>
      <symbol id="sm-7ce">
         <name>strchr</name>
         <value>0x4739</value>
         <object_component_ref idref="oc-2f5"/>
      </symbol>
      <symbol id="sm-7dc">
         <name>strlen</name>
         <value>0x474f</value>
         <object_component_ref idref="oc-24b"/>
      </symbol>
      <symbol id="sm-7f2">
         <name>__aeabi_errno_addr</name>
         <value>0x47b5</value>
         <object_component_ref idref="oc-286"/>
      </symbol>
      <symbol id="sm-7f3">
         <name>errno</name>
         <value>0x20000478</value>
         <object_component_ref idref="oc-305"/>
      </symbol>
      <symbol id="sm-80c">
         <name>wcslen</name>
         <value>0x4777</value>
         <object_component_ref idref="oc-280"/>
      </symbol>
      <symbol id="sm-82c">
         <name>frexpl</name>
         <value>0x42f9</value>
         <object_component_ref idref="oc-2e9"/>
      </symbol>
      <symbol id="sm-82d">
         <name>frexp</name>
         <value>0x42f9</value>
         <object_component_ref idref="oc-2e9"/>
      </symbol>
      <symbol id="sm-84a">
         <name>scalbn</name>
         <value>0x3c45</value>
         <object_component_ref idref="oc-2ef"/>
      </symbol>
      <symbol id="sm-84b">
         <name>scalbnl</name>
         <value>0x3c45</value>
         <object_component_ref idref="oc-2ef"/>
      </symbol>
      <symbol id="sm-84c">
         <name>ldexpl</name>
         <value>0x3c45</value>
         <object_component_ref idref="oc-2ef"/>
      </symbol>
      <symbol id="sm-84d">
         <name>ldexp</name>
         <value>0x3c45</value>
         <object_component_ref idref="oc-2ef"/>
      </symbol>
      <symbol id="sm-857">
         <name>__aeabi_idiv0</name>
         <value>0x276b</value>
         <object_component_ref idref="oc-31d"/>
      </symbol>
      <symbol id="sm-858">
         <name>__aeabi_ldiv0</name>
         <value>0x276b</value>
         <object_component_ref idref="oc-31d"/>
      </symbol>
      <symbol id="sm-862">
         <name>copysign</name>
         <value>0x4707</value>
         <object_component_ref idref="oc-336"/>
      </symbol>
      <symbol id="sm-863">
         <name>copysignl</name>
         <value>0x4707</value>
         <object_component_ref idref="oc-336"/>
      </symbol>
      <symbol id="sm-864">
         <name>__TI_static_base__</name>
         <value>0x0</value>
      </symbol>
      <symbol id="sm-867">
         <name>__mpu_init</name>
         <value>0x0</value>
      </symbol>
      <symbol id="sm-868">
         <name>_system_post_cinit</name>
         <value>0x0</value>
      </symbol>
   </symbol_table>
   <title>Link successful</title>
</link_info>
