******************************************************************************
                  TI ARM Linker PC v20.2.7                     
******************************************************************************
>> Linked Sat Dec 14 20:56:20 2024

OUTPUT FILE NAME:   <SampleProject.out>
ENTRY POINT SYMBOL: "_c_int00_noargs"  address: 0000231d


MEMORY CONFIGURATION

         name            origin    length      used     unused   attr    fill
----------------------  --------  ---------  --------  --------  ----  --------
  FLASH                 00000000   00100000  00002970  000fd690  R  X
  SRAM                  20000000   00040000  00000474  0003fb8c  RW X


SEGMENT ALLOCATION MAP

run origin  load origin   length   init length attrs members
----------  ----------- ---------- ----------- ----- -------
00000000    00000000    00002970   00002970    r-x
  00000000    00000000    00000208   00000208    r-- .intvecs
  00000208    00000208    000021a8   000021a8    r-x .text
  000023b0    000023b0    00000588   00000588    r-- .const
  00002938    00002938    00000038   00000038    r-- .cinit
20000000    20000000    00000478   00000000    rw-
  20000000    20000000    0000026c   00000000    rw- .vtable
  20000270    20000270    00000200   00000000    rw- .stack
  20000470    20000470    00000008   00000000    rw- .data


SECTION ALLOCATION MAP

 output                                  attributes/
section   page    origin      length       input sections
--------  ----  ----------  ----------   ----------------
.intvecs   0    00000000    00000208     
                  00000000    00000208     tm4c1294ncpdt_startup_ccs.obj (.intvecs)

.text      0    00000208    000021a8     
                  00000208    00000f80     sysctl.obj (.text)
                  00001188    00000b94     gpio.obj (.text)
                  00001d1c    000003c0     interrupt.obj (.text)
                  000020dc    0000009c     rtsv7M4_T_le_v4SPD16_eabi.lib : memcpy_t2.asm.obj (.text)
                  00002178    00000068                                   : copy_decompress_lzss.c.obj (.text:decompress:lzss:__TI_decompress_lzss)
                  000021e0    00000068     hal_gpio.obj (.text)
                  00002248    00000050     pinout.obj (.text)
                  00002298    00000044     rtsv7M4_T_le_v4SPD16_eabi.lib : autoinit.c.obj (.text:__TI_auto_init_nobinit_nopinit:__TI_auto_init_nobinit_nopinit)
                  000022dc    0000003e     cpu.obj (.text)
                  0000231a    00000002     --HOLE-- [fill = 0]
                  0000231c    00000034     rtsv7M4_T_le_v4SPD16_eabi.lib : boot_cortex_m.c.obj (.text:_c_int00_noargs:_c_int00_noargs)
                  00002350    0000001c                                   : copy_zero_init.c.obj (.text:decompress:ZI:__TI_zero_init_nomemset:__TI_zero_init_nomemset)
                  0000236c    00000010     main.obj (.text)
                  0000237c    0000000e     rtsv7M4_T_le_v4SPD16_eabi.lib : copy_decompress_none.c.obj (.text:decompress:none:__TI_decompress_none)
                  0000238a    0000000c     systemInit.obj (.text)
                  00002396    0000000c     tm4c1294ncpdt_startup_ccs.obj (.text)
                  000023a2    00000006     sysctl.obj (.text:SysCtlDelay)
                  000023a8    00000004     rtsv7M4_T_le_v4SPD16_eabi.lib : pre_init.c.obj (.text:_system_pre_init)
                  000023ac    00000004                                   : exit.c.obj (.text:abort:abort)

.const     0    000023b0    00000588     
                  000023b0    000001b0     sysctl.obj (.const:g_pppui32XTALtoVCO)
                  00002560    000000d8     gpio.obj (.const:g_ppui32GPIOIntMapSnowflake)
                  00002638    000000c0     gpio.obj (.const:g_ppui32GPIOIntMapBlizzard)
                  000026f8    0000009c     interrupt.obj (.const:g_pui32Regs)
                  00002794    00000090     gpio.obj (.const:g_pui32GPIOBaseAddrs)
                  00002824    0000006c     sysctl.obj (.const:g_pui32Xtals)
                  00002890    00000030     sysctl.obj (.const:g_sXTALtoMEMTIM)
                  000028c0    00000020     interrupt.obj (.const:g_pui32Priority)
                  000028e0    00000014     interrupt.obj (.const:g_pui32Dii16Regs)
                  000028f4    00000014     interrupt.obj (.const:g_pui32EnRegs)
                  00002908    00000014     interrupt.obj (.const:g_pui32PendRegs)
                  0000291c    00000014     interrupt.obj (.const:g_pui32UnpendRegs)
                  00002930    00000008     sysctl.obj (.const:g_pui32VCOFrequencies)

.cinit     0    00002938    00000038     
                  00002938    0000000d     (.cinit..data.load) [load image, compression = lzss]
                  00002945    00000003     --HOLE-- [fill = 0]
                  00002948    0000000c     (__TI_handler_table)
                  00002954    00000004     --HOLE-- [fill = 0]
                  00002958    00000008     (.cinit..vtable.load) [load image, compression = zero_init]
                  00002960    00000010     (__TI_cinit_table)

.init_array 
*          0    00000000    00000000     UNINITIALIZED

.vtable    0    20000000    0000026c     UNINITIALIZED
                  20000000    0000026c     interrupt.obj (.vtable)

.data      0    20000470    00000008     UNINITIALIZED
                  20000470    00000008     hal_gpio.obj (.data:gpioPinMap)

.stack     0    20000270    00000200     UNINITIALIZED
                  20000270    00000004     rtsv7M4_T_le_v4SPD16_eabi.lib : boot_cortex_m.c.obj (.stack)
                  20000274    000001fc     --HOLE--

__llvm_prf_cnts 
*          0    20000000    00000000     UNINITIALIZED

MODULE SUMMARY

       Module                          code   ro data   rw data
       ------                          ----   -------   -------
    .\
       tm4c1294ncpdt_startup_ccs.obj   12     520       0      
       main.obj                        16     0         0      
    +--+-------------------------------+------+---------+---------+
       Total:                          28     520       0      
                                                               
    .\Application\SystemInit\
       systemInit.obj                  12     0         0      
    +--+-------------------------------+------+---------+---------+
       Total:                          12     0         0      
                                                               
    .\Drivers\
       sysctl.obj                      3974   596       0      
       gpio.obj                        2964   552       0      
       interrupt.obj                   960    268       620    
       cpu.obj                         62     0         0      
    +--+-------------------------------+------+---------+---------+
       Total:                          7960   1416      620    
                                                               
    .\HAL\GPIO\
       hal_gpio.obj                    104    0         8      
    +--+-------------------------------+------+---------+---------+
       Total:                          104    0         8      
                                                               
    .\syscfg\
       pinout.obj                      80     0         0      
    +--+-------------------------------+------+---------+---------+
       Total:                          80     0         0      
                                                               
    C:\ti\ccs1281\ccs\tools\compiler\ti-cgt-arm_20.2.7.LTS\lib\rtsv7M4_T_le_v4SPD16_eabi.lib
       memcpy_t2.asm.obj               156    0         0      
       copy_decompress_lzss.c.obj      104    0         0      
       autoinit.c.obj                  68     0         0      
       boot_cortex_m.c.obj             52     0         0      
       copy_zero_init.c.obj            28     0         0      
       copy_decompress_none.c.obj      14     0         0      
       exit.c.obj                      4      0         0      
       pre_init.c.obj                  4      0         0      
    +--+-------------------------------+------+---------+---------+
       Total:                          430    0         0      
                                                               
       Stack:                          0      0         512    
       Linker Generated:               0      49        0      
    +--+-------------------------------+------+---------+---------+
       Grand Total:                    8614   1985      1140   


LINKER GENERATED COPY TABLES

__TI_cinit_table @ 00002960 records: 2, size/record: 8, table size: 16
	.data: load addr=00002938, load size=0000000d bytes, run addr=20000470, run size=00000008 bytes, compression=lzss
	.vtable: load addr=00002958, load size=00000008 bytes, run addr=20000000, run size=0000026c bytes, compression=zero_init


LINKER GENERATED HANDLER TABLE

__TI_handler_table @ 00002948 records: 3, size/record: 4, table size: 12
	index: 0, handler: __TI_zero_init
	index: 1, handler: __TI_decompress_lzss
	index: 2, handler: __TI_decompress_none


GLOBAL SYMBOLS: SORTED ALPHABETICALLY BY Name 

address   name                            
-------   ----                            
000023ad  C$$EXIT                         
00002311  CPUbasepriGet                   
00002303  CPUbasepriSet                   
000022dd  CPUcpsid                        
000022f3  CPUcpsie                        
000022e9  CPUprimask                      
000022ff  CPUwfi                          
00001cf5  GPIOADCTriggerDisable           
00001cd7  GPIOADCTriggerEnable            
00001cb9  GPIODMATriggerDisable           
00001c9b  GPIODMATriggerEnable            
00001243  GPIODirModeGet                  
000011e7  GPIODirModeSet                  
000017ab  GPIOIntClear                    
0000176f  GPIOIntDisable                  
00001755  GPIOIntEnable                   
000017bf  GPIOIntRegister                 
000017f7  GPIOIntRegisterPin              
00001789  GPIOIntStatus                   
00001333  GPIOIntTypeGet                  
0000128f  GPIOIntTypeSet                  
000017dd  GPIOIntUnregister               
00001825  GPIOIntUnregisterPin            
00001603  GPIOPadConfigGet                
000013c9  GPIOPadConfigSet                
00001c3d  GPIOPinConfigure                
00001849  GPIOPinRead                     
00001881  GPIOPinTypeADC                  
000018a5  GPIOPinTypeCAN                  
000018c9  GPIOPinTypeComparator           
000018ed  GPIOPinTypeComparatorOutput     
00001911  GPIOPinTypeDIVSCLK              
00001935  GPIOPinTypeEPI                  
00001959  GPIOPinTypeEthernetLED          
0000197d  GPIOPinTypeEthernetMII          
000019a1  GPIOPinTypeGPIOInput            
000019c5  GPIOPinTypeGPIOOutput           
000019e9  GPIOPinTypeGPIOOutputOD         
00001a0d  GPIOPinTypeHibernateRTCCLK      
00001a31  GPIOPinTypeI2C                  
00001a55  GPIOPinTypeI2CSCL               
00001a79  GPIOPinTypeLCD                  
00001a9d  GPIOPinTypeOneWire              
00001ac1  GPIOPinTypePWM                  
00001ae5  GPIOPinTypeQEI                  
00001b09  GPIOPinTypeSSI                  
00001b2d  GPIOPinTypeTimer                
00001b51  GPIOPinTypeTrace                
00001b75  GPIOPinTypeUART                 
00001b99  GPIOPinTypeUSBAnalog            
00001bbd  GPIOPinTypeUSBDigital           
00001be1  GPIOPinTypeWakeHigh             
00001c07  GPIOPinTypeWakeLow              
00001c2d  GPIOPinWakeStatus               
00001861  GPIOPinWrite                    
00001edd  IntDisable                      
00001e6b  IntEnable                       
00001f4f  IntIsEnabled                    
00001d2f  IntMasterDisable                
00001d1f  IntMasterEnable                 
00002045  IntPendClear                    
00001fd5  IntPendSet                      
00001e47  IntPriorityGet                  
00001dbf  IntPriorityGroupingGet          
00001da5  IntPriorityGroupingSet          
0000209f  IntPriorityMaskGet              
00002093  IntPriorityMaskSet              
00001df7  IntPrioritySet                  
00001d3f  IntRegister                     
000020a7  IntTrigger                      
00001d91  IntUnregister                   
00002249  PinoutSet                       
00002397  ResetISR                        
00001145  SysCtlAltClkConfig              
0000086d  SysCtlClockFreqSet              
00000d35  SysCtlClockGet                  
00001129  SysCtlClockOutConfig            
00000b65  SysCtlClockSet                  
00000771  SysCtlDeepSleep                 
00000ef9  SysCtlDeepSleepClockConfigSet   
00000edb  SysCtlDeepSleepClockSet         
00000751  SysCtlDeepSleepPowerSet         
000023a3  SysCtlDelay                     
000002ff  SysCtlFlashSectorSizeGet        
000002d3  SysCtlFlashSizeGet              
00000fcf  SysCtlGPIOAHBDisable            
00000fb3  SysCtlGPIOAHBEnable             
000006e5  SysCtlIntClear                  
000006cd  SysCtlIntDisable                
000006b9  SysCtlIntEnable                 
00000691  SysCtlIntRegister               
000006f5  SysCtlIntStatus                 
000006a9  SysCtlIntUnregister             
00000737  SysCtlLDODeepSleepGet           
00000727  SysCtlLDODeepSleepSet           
00000721  SysCtlLDOSleepGet               
00000711  SysCtlLDOSleepSet               
000007a7  SysCtlMOSCConfigSet             
0000110d  SysCtlNMIClear                  
000010f9  SysCtlNMIStatus                 
000007bd  SysCtlPIOSCCalibrate            
00000f9d  SysCtlPWMClockGet               
00000f83  SysCtlPWMClockSet               
0000063d  SysCtlPeripheralClockGating     
000005f5  SysCtlPeripheralDeepSleepDisable
000005a5  SysCtlPeripheralDeepSleepEnable 
000004e1  SysCtlPeripheralDisable         
000004a5  SysCtlPeripheralEnable          
000003e1  SysCtlPeripheralPowerOff        
000003a5  SysCtlPeripheralPowerOn         
00000325  SysCtlPeripheralPresent         
00000365  SysCtlPeripheralReady           
0000041d  SysCtlPeripheralReset           
00000569  SysCtlPeripheralSleepDisable    
00000525  SysCtlPeripheralSleepEnable     
00000761  SysCtlReset                     
0000081d  SysCtlResetBehaviorGet          
0000080d  SysCtlResetBehaviorSet          
00000793  SysCtlResetCauseClear           
0000078d  SysCtlResetCauseGet             
000002c9  SysCtlSRAMSizeGet               
00000769  SysCtlSleep                     
0000073d  SysCtlSleepPowerSet             
00000ff7  SysCtlUSBPLLDisable             
00000feb  SysCtlUSBPLLEnable              
0000103d  SysCtlVCOGet                    
00001025  SysCtlVoltageEventClear         
00001009  SysCtlVoltageEventConfig        
00001019  SysCtlVoltageEventStatus        
20000470  __STACK_END                     
00000200  __STACK_SIZE                    
20000470  __STACK_TOP                     
00002960  __TI_CINIT_Base                 
00002970  __TI_CINIT_Limit                
00002948  __TI_Handler_Table_Base         
00002954  __TI_Handler_Table_Limit        
00002299  __TI_auto_init_nobinit_nopinit  
00002179  __TI_decompress_lzss            
0000237d  __TI_decompress_none            
ffffffff  __TI_pprof_out_hndl             
ffffffff  __TI_prof_data_size             
ffffffff  __TI_prof_data_start            
00000000  __TI_static_base__              
00002351  __TI_zero_init_nomemset         
000020dd  __aeabi_memcpy                  
000020dd  __aeabi_memcpy4                 
000020dd  __aeabi_memcpy8                 
ffffffff  __binit__                       
ffffffff  __c_args__                      
UNDEFED   __mpu_init                      
20000270  __stack                         
20000000  __start___llvm_prf_cnts         
20000000  __stop___llvm_prf_cnts          
0000231d  _c_int00_noargs                 
UNDEFED   _system_post_cinit              
000023a9  _system_pre_init                
000023ad  abort                           
ffffffff  binit                           
20000000  g_pfnRAMVectors                 
00000000  g_pfnVectors                    
000021e1  gpioInit                        
0000236d  main                            
000020dd  memcpy                          
00002215  readGpioPin                     
000021ed  setGpioPin                      
0000238b  systemInit                      


GLOBAL SYMBOLS: SORTED BY Symbol Address 

address   name                            
-------   ----                            
00000000  __TI_static_base__              
00000000  g_pfnVectors                    
00000200  __STACK_SIZE                    
000002c9  SysCtlSRAMSizeGet               
000002d3  SysCtlFlashSizeGet              
000002ff  SysCtlFlashSectorSizeGet        
00000325  SysCtlPeripheralPresent         
00000365  SysCtlPeripheralReady           
000003a5  SysCtlPeripheralPowerOn         
000003e1  SysCtlPeripheralPowerOff        
0000041d  SysCtlPeripheralReset           
000004a5  SysCtlPeripheralEnable          
000004e1  SysCtlPeripheralDisable         
00000525  SysCtlPeripheralSleepEnable     
00000569  SysCtlPeripheralSleepDisable    
000005a5  SysCtlPeripheralDeepSleepEnable 
000005f5  SysCtlPeripheralDeepSleepDisable
0000063d  SysCtlPeripheralClockGating     
00000691  SysCtlIntRegister               
000006a9  SysCtlIntUnregister             
000006b9  SysCtlIntEnable                 
000006cd  SysCtlIntDisable                
000006e5  SysCtlIntClear                  
000006f5  SysCtlIntStatus                 
00000711  SysCtlLDOSleepSet               
00000721  SysCtlLDOSleepGet               
00000727  SysCtlLDODeepSleepSet           
00000737  SysCtlLDODeepSleepGet           
0000073d  SysCtlSleepPowerSet             
00000751  SysCtlDeepSleepPowerSet         
00000761  SysCtlReset                     
00000769  SysCtlSleep                     
00000771  SysCtlDeepSleep                 
0000078d  SysCtlResetCauseGet             
00000793  SysCtlResetCauseClear           
000007a7  SysCtlMOSCConfigSet             
000007bd  SysCtlPIOSCCalibrate            
0000080d  SysCtlResetBehaviorSet          
0000081d  SysCtlResetBehaviorGet          
0000086d  SysCtlClockFreqSet              
00000b65  SysCtlClockSet                  
00000d35  SysCtlClockGet                  
00000edb  SysCtlDeepSleepClockSet         
00000ef9  SysCtlDeepSleepClockConfigSet   
00000f83  SysCtlPWMClockSet               
00000f9d  SysCtlPWMClockGet               
00000fb3  SysCtlGPIOAHBEnable             
00000fcf  SysCtlGPIOAHBDisable            
00000feb  SysCtlUSBPLLEnable              
00000ff7  SysCtlUSBPLLDisable             
00001009  SysCtlVoltageEventConfig        
00001019  SysCtlVoltageEventStatus        
00001025  SysCtlVoltageEventClear         
0000103d  SysCtlVCOGet                    
000010f9  SysCtlNMIStatus                 
0000110d  SysCtlNMIClear                  
00001129  SysCtlClockOutConfig            
00001145  SysCtlAltClkConfig              
000011e7  GPIODirModeSet                  
00001243  GPIODirModeGet                  
0000128f  GPIOIntTypeSet                  
00001333  GPIOIntTypeGet                  
000013c9  GPIOPadConfigSet                
00001603  GPIOPadConfigGet                
00001755  GPIOIntEnable                   
0000176f  GPIOIntDisable                  
00001789  GPIOIntStatus                   
000017ab  GPIOIntClear                    
000017bf  GPIOIntRegister                 
000017dd  GPIOIntUnregister               
000017f7  GPIOIntRegisterPin              
00001825  GPIOIntUnregisterPin            
00001849  GPIOPinRead                     
00001861  GPIOPinWrite                    
00001881  GPIOPinTypeADC                  
000018a5  GPIOPinTypeCAN                  
000018c9  GPIOPinTypeComparator           
000018ed  GPIOPinTypeComparatorOutput     
00001911  GPIOPinTypeDIVSCLK              
00001935  GPIOPinTypeEPI                  
00001959  GPIOPinTypeEthernetLED          
0000197d  GPIOPinTypeEthernetMII          
000019a1  GPIOPinTypeGPIOInput            
000019c5  GPIOPinTypeGPIOOutput           
000019e9  GPIOPinTypeGPIOOutputOD         
00001a0d  GPIOPinTypeHibernateRTCCLK      
00001a31  GPIOPinTypeI2C                  
00001a55  GPIOPinTypeI2CSCL               
00001a79  GPIOPinTypeLCD                  
00001a9d  GPIOPinTypeOneWire              
00001ac1  GPIOPinTypePWM                  
00001ae5  GPIOPinTypeQEI                  
00001b09  GPIOPinTypeSSI                  
00001b2d  GPIOPinTypeTimer                
00001b51  GPIOPinTypeTrace                
00001b75  GPIOPinTypeUART                 
00001b99  GPIOPinTypeUSBAnalog            
00001bbd  GPIOPinTypeUSBDigital           
00001be1  GPIOPinTypeWakeHigh             
00001c07  GPIOPinTypeWakeLow              
00001c2d  GPIOPinWakeStatus               
00001c3d  GPIOPinConfigure                
00001c9b  GPIODMATriggerEnable            
00001cb9  GPIODMATriggerDisable           
00001cd7  GPIOADCTriggerEnable            
00001cf5  GPIOADCTriggerDisable           
00001d1f  IntMasterEnable                 
00001d2f  IntMasterDisable                
00001d3f  IntRegister                     
00001d91  IntUnregister                   
00001da5  IntPriorityGroupingSet          
00001dbf  IntPriorityGroupingGet          
00001df7  IntPrioritySet                  
00001e47  IntPriorityGet                  
00001e6b  IntEnable                       
00001edd  IntDisable                      
00001f4f  IntIsEnabled                    
00001fd5  IntPendSet                      
00002045  IntPendClear                    
00002093  IntPriorityMaskSet              
0000209f  IntPriorityMaskGet              
000020a7  IntTrigger                      
000020dd  __aeabi_memcpy                  
000020dd  __aeabi_memcpy4                 
000020dd  __aeabi_memcpy8                 
000020dd  memcpy                          
00002179  __TI_decompress_lzss            
000021e1  gpioInit                        
000021ed  setGpioPin                      
00002215  readGpioPin                     
00002249  PinoutSet                       
00002299  __TI_auto_init_nobinit_nopinit  
000022dd  CPUcpsid                        
000022e9  CPUprimask                      
000022f3  CPUcpsie                        
000022ff  CPUwfi                          
00002303  CPUbasepriSet                   
00002311  CPUbasepriGet                   
0000231d  _c_int00_noargs                 
00002351  __TI_zero_init_nomemset         
0000236d  main                            
0000237d  __TI_decompress_none            
0000238b  systemInit                      
00002397  ResetISR                        
000023a3  SysCtlDelay                     
000023a9  _system_pre_init                
000023ad  C$$EXIT                         
000023ad  abort                           
00002948  __TI_Handler_Table_Base         
00002954  __TI_Handler_Table_Limit        
00002960  __TI_CINIT_Base                 
00002970  __TI_CINIT_Limit                
20000000  __start___llvm_prf_cnts         
20000000  __stop___llvm_prf_cnts          
20000000  g_pfnRAMVectors                 
20000270  __stack                         
20000470  __STACK_END                     
20000470  __STACK_TOP                     
ffffffff  __TI_pprof_out_hndl             
ffffffff  __TI_prof_data_size             
ffffffff  __TI_prof_data_start            
ffffffff  __binit__                       
ffffffff  __c_args__                      
ffffffff  binit                           
UNDEFED   __mpu_init                      
UNDEFED   _system_post_cinit              

[166 symbols]
