<?xml version="1.0" encoding="ISO-8859-1" ?>
<link_info>
   <banner>TI ARM Linker PC v20.2.7.LTS</banner>
   <copyright>Copyright (c) 1996-2018 Texas Instruments Incorporated</copyright>
   <link_time>0x675d9d43</link_time>
   <link_errors>0x0</link_errors>
   <output_file>SampleProject.out</output_file>
   <entry_point>
      <name>_c_int00_noargs</name>
      <address>0x4965</address>
   </entry_point>
   <input_file_list>
      <input_file id="fl-2">
         <path>.\</path>
         <kind>object</kind>
         <file>main.obj</file>
         <name>main.obj</name>
      </input_file>
      <input_file id="fl-3">
         <path>.\syscfg\</path>
         <kind>object</kind>
         <file>pinout.obj</file>
         <name>pinout.obj</name>
      </input_file>
      <input_file id="fl-4">
         <path>.\</path>
         <kind>object</kind>
         <file>tm4c1294ncpdt_startup_ccs.obj</file>
         <name>tm4c1294ncpdt_startup_ccs.obj</name>
      </input_file>
      <input_file id="fl-5">
         <path>.\Drivers\</path>
         <kind>object</kind>
         <file>adc.obj</file>
         <name>adc.obj</name>
      </input_file>
      <input_file id="fl-6">
         <path>.\Drivers\</path>
         <kind>object</kind>
         <file>aes.obj</file>
         <name>aes.obj</name>
      </input_file>
      <input_file id="fl-7">
         <path>.\Drivers\</path>
         <kind>object</kind>
         <file>can.obj</file>
         <name>can.obj</name>
      </input_file>
      <input_file id="fl-8">
         <path>.\Drivers\</path>
         <kind>object</kind>
         <file>comp.obj</file>
         <name>comp.obj</name>
      </input_file>
      <input_file id="fl-9">
         <path>.\Drivers\</path>
         <kind>object</kind>
         <file>cpu.obj</file>
         <name>cpu.obj</name>
      </input_file>
      <input_file id="fl-a">
         <path>.\Drivers\</path>
         <kind>object</kind>
         <file>crc.obj</file>
         <name>crc.obj</name>
      </input_file>
      <input_file id="fl-b">
         <path>.\Drivers\</path>
         <kind>object</kind>
         <file>des.obj</file>
         <name>des.obj</name>
      </input_file>
      <input_file id="fl-c">
         <path>.\Drivers\</path>
         <kind>object</kind>
         <file>eeprom.obj</file>
         <name>eeprom.obj</name>
      </input_file>
      <input_file id="fl-d">
         <path>.\Drivers\</path>
         <kind>object</kind>
         <file>emac.obj</file>
         <name>emac.obj</name>
      </input_file>
      <input_file id="fl-e">
         <path>.\Drivers\</path>
         <kind>object</kind>
         <file>epi.obj</file>
         <name>epi.obj</name>
      </input_file>
      <input_file id="fl-f">
         <path>.\Drivers\</path>
         <kind>object</kind>
         <file>epi_workaround_ccs.obj</file>
         <name>epi_workaround_ccs.obj</name>
      </input_file>
      <input_file id="fl-10">
         <path>.\Drivers\</path>
         <kind>object</kind>
         <file>flash.obj</file>
         <name>flash.obj</name>
      </input_file>
      <input_file id="fl-11">
         <path>.\Drivers\</path>
         <kind>object</kind>
         <file>fpu.obj</file>
         <name>fpu.obj</name>
      </input_file>
      <input_file id="fl-12">
         <path>.\Drivers\</path>
         <kind>object</kind>
         <file>gpio.obj</file>
         <name>gpio.obj</name>
      </input_file>
      <input_file id="fl-13">
         <path>.\Drivers\</path>
         <kind>object</kind>
         <file>hibernate.obj</file>
         <name>hibernate.obj</name>
      </input_file>
      <input_file id="fl-14">
         <path>.\Drivers\</path>
         <kind>object</kind>
         <file>i2c.obj</file>
         <name>i2c.obj</name>
      </input_file>
      <input_file id="fl-15">
         <path>.\Drivers\</path>
         <kind>object</kind>
         <file>interrupt.obj</file>
         <name>interrupt.obj</name>
      </input_file>
      <input_file id="fl-16">
         <path>.\Drivers\</path>
         <kind>object</kind>
         <file>lcd.obj</file>
         <name>lcd.obj</name>
      </input_file>
      <input_file id="fl-17">
         <path>.\Drivers\</path>
         <kind>object</kind>
         <file>mpu.obj</file>
         <name>mpu.obj</name>
      </input_file>
      <input_file id="fl-18">
         <path>.\Drivers\</path>
         <kind>object</kind>
         <file>onewire.obj</file>
         <name>onewire.obj</name>
      </input_file>
      <input_file id="fl-19">
         <path>.\Drivers\</path>
         <kind>object</kind>
         <file>pwm.obj</file>
         <name>pwm.obj</name>
      </input_file>
      <input_file id="fl-1a">
         <path>.\Drivers\</path>
         <kind>object</kind>
         <file>qei.obj</file>
         <name>qei.obj</name>
      </input_file>
      <input_file id="fl-1b">
         <path>.\Drivers\</path>
         <kind>object</kind>
         <file>shamd5.obj</file>
         <name>shamd5.obj</name>
      </input_file>
      <input_file id="fl-1c">
         <path>.\Drivers\</path>
         <kind>object</kind>
         <file>ssi.obj</file>
         <name>ssi.obj</name>
      </input_file>
      <input_file id="fl-1d">
         <path>.\Drivers\</path>
         <kind>object</kind>
         <file>sw_crc.obj</file>
         <name>sw_crc.obj</name>
      </input_file>
      <input_file id="fl-1e">
         <path>.\Drivers\</path>
         <kind>object</kind>
         <file>sysctl.obj</file>
         <name>sysctl.obj</name>
      </input_file>
      <input_file id="fl-1f">
         <path>.\Drivers\</path>
         <kind>object</kind>
         <file>sysexc.obj</file>
         <name>sysexc.obj</name>
      </input_file>
      <input_file id="fl-20">
         <path>.\Drivers\</path>
         <kind>object</kind>
         <file>systick.obj</file>
         <name>systick.obj</name>
      </input_file>
      <input_file id="fl-21">
         <path>.\Drivers\</path>
         <kind>object</kind>
         <file>timer.obj</file>
         <name>timer.obj</name>
      </input_file>
      <input_file id="fl-22">
         <path>.\Drivers\</path>
         <kind>object</kind>
         <file>uart.obj</file>
         <name>uart.obj</name>
      </input_file>
      <input_file id="fl-23">
         <path>.\Drivers\</path>
         <kind>object</kind>
         <file>udma.obj</file>
         <name>udma.obj</name>
      </input_file>
      <input_file id="fl-24">
         <path>.\Drivers\</path>
         <kind>object</kind>
         <file>usb.obj</file>
         <name>usb.obj</name>
      </input_file>
      <input_file id="fl-25">
         <path>.\Drivers\</path>
         <kind>object</kind>
         <file>watchdog.obj</file>
         <name>watchdog.obj</name>
      </input_file>
      <input_file id="fl-26">
         <path>.\HAL\GPIO\</path>
         <kind>object</kind>
         <file>hal_gpio.obj</file>
         <name>hal_gpio.obj</name>
      </input_file>
      <input_file id="fl-2f">
         <kind>object</kind>
         <file>&lt;internal&gt;</file>
         <name>&lt;internal&gt;</name>
      </input_file>
      <input_file id="fl-e5">
         <path>C:\ti\ccs1281\ccs\tools\compiler\ti-cgt-arm_20.2.7.LTS\lib\</path>
         <kind>archive</kind>
         <file>rtsv7M4_T_le_v4SPD16_eabi.lib</file>
         <name>printf.c.obj</name>
      </input_file>
      <input_file id="fl-e6">
         <path>C:\ti\ccs1281\ccs\tools\compiler\ti-cgt-arm_20.2.7.LTS\lib\</path>
         <kind>archive</kind>
         <file>rtsv7M4_T_le_v4SPD16_eabi.lib</file>
         <name>_printfi.c.obj</name>
      </input_file>
      <input_file id="fl-e7">
         <path>C:\ti\ccs1281\ccs\tools\compiler\ti-cgt-arm_20.2.7.LTS\lib\</path>
         <kind>archive</kind>
         <file>rtsv7M4_T_le_v4SPD16_eabi.lib</file>
         <name>fputc.c.obj</name>
      </input_file>
      <input_file id="fl-e8">
         <path>C:\ti\ccs1281\ccs\tools\compiler\ti-cgt-arm_20.2.7.LTS\lib\</path>
         <kind>archive</kind>
         <file>rtsv7M4_T_le_v4SPD16_eabi.lib</file>
         <name>fputs.c.obj</name>
      </input_file>
      <input_file id="fl-e9">
         <path>C:\ti\ccs1281\ccs\tools\compiler\ti-cgt-arm_20.2.7.LTS\lib\</path>
         <kind>archive</kind>
         <file>rtsv7M4_T_le_v4SPD16_eabi.lib</file>
         <name>_io_perm.c.obj</name>
      </input_file>
      <input_file id="fl-ea">
         <path>C:\ti\ccs1281\ccs\tools\compiler\ti-cgt-arm_20.2.7.LTS\lib\</path>
         <kind>archive</kind>
         <file>rtsv7M4_T_le_v4SPD16_eabi.lib</file>
         <name>setvbuf.c.obj</name>
      </input_file>
      <input_file id="fl-eb">
         <path>C:\ti\ccs1281\ccs\tools\compiler\ti-cgt-arm_20.2.7.LTS\lib\</path>
         <kind>archive</kind>
         <file>rtsv7M4_T_le_v4SPD16_eabi.lib</file>
         <name>fd_add_t2.asm.obj</name>
      </input_file>
      <input_file id="fl-ec">
         <path>C:\ti\ccs1281\ccs\tools\compiler\ti-cgt-arm_20.2.7.LTS\lib\</path>
         <kind>archive</kind>
         <file>rtsv7M4_T_le_v4SPD16_eabi.lib</file>
         <name>fd_cmp_t2.asm.obj</name>
      </input_file>
      <input_file id="fl-ed">
         <path>C:\ti\ccs1281\ccs\tools\compiler\ti-cgt-arm_20.2.7.LTS\lib\</path>
         <kind>archive</kind>
         <file>rtsv7M4_T_le_v4SPD16_eabi.lib</file>
         <name>fd_div_t2.asm.obj</name>
      </input_file>
      <input_file id="fl-ee">
         <path>C:\ti\ccs1281\ccs\tools\compiler\ti-cgt-arm_20.2.7.LTS\lib\</path>
         <kind>archive</kind>
         <file>rtsv7M4_T_le_v4SPD16_eabi.lib</file>
         <name>fd_mul_t2.asm.obj</name>
      </input_file>
      <input_file id="fl-ef">
         <path>C:\ti\ccs1281\ccs\tools\compiler\ti-cgt-arm_20.2.7.LTS\lib\</path>
         <kind>archive</kind>
         <file>rtsv7M4_T_le_v4SPD16_eabi.lib</file>
         <name>fd_toi_t2.asm.obj</name>
      </input_file>
      <input_file id="fl-f0">
         <path>C:\ti\ccs1281\ccs\tools\compiler\ti-cgt-arm_20.2.7.LTS\lib\</path>
         <kind>archive</kind>
         <file>rtsv7M4_T_le_v4SPD16_eabi.lib</file>
         <name>i_tofd_t2.asm.obj</name>
      </input_file>
      <input_file id="fl-f1">
         <path>C:\ti\ccs1281\ccs\tools\compiler\ti-cgt-arm_20.2.7.LTS\lib\</path>
         <kind>archive</kind>
         <file>rtsv7M4_T_le_v4SPD16_eabi.lib</file>
         <name>memcpy_t2.asm.obj</name>
      </input_file>
      <input_file id="fl-f2">
         <path>C:\ti\ccs1281\ccs\tools\compiler\ti-cgt-arm_20.2.7.LTS\lib\</path>
         <kind>archive</kind>
         <file>rtsv7M4_T_le_v4SPD16_eabi.lib</file>
         <name>memset_t2.asm.obj</name>
      </input_file>
      <input_file id="fl-f3">
         <path>C:\ti\ccs1281\ccs\tools\compiler\ti-cgt-arm_20.2.7.LTS\lib\</path>
         <kind>archive</kind>
         <file>rtsv7M4_T_le_v4SPD16_eabi.lib</file>
         <name>ull_div_t2.asm.obj</name>
      </input_file>
      <input_file id="fl-f4">
         <path>C:\ti\ccs1281\ccs\tools\compiler\ti-cgt-arm_20.2.7.LTS\lib\</path>
         <kind>archive</kind>
         <file>rtsv7M4_T_le_v4SPD16_eabi.lib</file>
         <name>copy_zero_init.c.obj</name>
      </input_file>
      <input_file id="fl-f5">
         <path>C:\ti\ccs1281\ccs\tools\compiler\ti-cgt-arm_20.2.7.LTS\lib\</path>
         <kind>archive</kind>
         <file>rtsv7M4_T_le_v4SPD16_eabi.lib</file>
         <name>copy_decompress_none.c.obj</name>
      </input_file>
      <input_file id="fl-f6">
         <path>C:\ti\ccs1281\ccs\tools\compiler\ti-cgt-arm_20.2.7.LTS\lib\</path>
         <kind>archive</kind>
         <file>rtsv7M4_T_le_v4SPD16_eabi.lib</file>
         <name>copy_decompress_lzss.c.obj</name>
      </input_file>
      <input_file id="fl-f7">
         <path>C:\ti\ccs1281\ccs\tools\compiler\ti-cgt-arm_20.2.7.LTS\lib\</path>
         <kind>archive</kind>
         <file>rtsv7M4_T_le_v4SPD16_eabi.lib</file>
         <name>exit.c.obj</name>
      </input_file>
      <input_file id="fl-f8">
         <path>C:\ti\ccs1281\ccs\tools\compiler\ti-cgt-arm_20.2.7.LTS\lib\</path>
         <kind>archive</kind>
         <file>rtsv7M4_T_le_v4SPD16_eabi.lib</file>
         <name>_lock.c.obj</name>
      </input_file>
      <input_file id="fl-f9">
         <path>C:\ti\ccs1281\ccs\tools\compiler\ti-cgt-arm_20.2.7.LTS\lib\</path>
         <kind>archive</kind>
         <file>rtsv7M4_T_le_v4SPD16_eabi.lib</file>
         <name>_ltoa.c.obj</name>
      </input_file>
      <input_file id="fl-fa">
         <path>C:\ti\ccs1281\ccs\tools\compiler\ti-cgt-arm_20.2.7.LTS\lib\</path>
         <kind>archive</kind>
         <file>rtsv7M4_T_le_v4SPD16_eabi.lib</file>
         <name>atoi.c.obj</name>
      </input_file>
      <input_file id="fl-fb">
         <path>C:\ti\ccs1281\ccs\tools\compiler\ti-cgt-arm_20.2.7.LTS\lib\</path>
         <kind>archive</kind>
         <file>rtsv7M4_T_le_v4SPD16_eabi.lib</file>
         <name>ctype.c.obj</name>
      </input_file>
      <input_file id="fl-fc">
         <path>C:\ti\ccs1281\ccs\tools\compiler\ti-cgt-arm_20.2.7.LTS\lib\</path>
         <kind>archive</kind>
         <file>rtsv7M4_T_le_v4SPD16_eabi.lib</file>
         <name>defs.c.obj</name>
      </input_file>
      <input_file id="fl-fd">
         <path>C:\ti\ccs1281\ccs\tools\compiler\ti-cgt-arm_20.2.7.LTS\lib\</path>
         <kind>archive</kind>
         <file>rtsv7M4_T_le_v4SPD16_eabi.lib</file>
         <name>memccpy.c.obj</name>
      </input_file>
      <input_file id="fl-fe">
         <path>C:\ti\ccs1281\ccs\tools\compiler\ti-cgt-arm_20.2.7.LTS\lib\</path>
         <kind>archive</kind>
         <file>rtsv7M4_T_le_v4SPD16_eabi.lib</file>
         <name>memchr.c.obj</name>
      </input_file>
      <input_file id="fl-ff">
         <path>C:\ti\ccs1281\ccs\tools\compiler\ti-cgt-arm_20.2.7.LTS\lib\</path>
         <kind>archive</kind>
         <file>rtsv7M4_T_le_v4SPD16_eabi.lib</file>
         <name>memory.c.obj</name>
      </input_file>
      <input_file id="fl-100">
         <path>C:\ti\ccs1281\ccs\tools\compiler\ti-cgt-arm_20.2.7.LTS\lib\</path>
         <kind>archive</kind>
         <file>rtsv7M4_T_le_v4SPD16_eabi.lib</file>
         <name>strchr.c.obj</name>
      </input_file>
      <input_file id="fl-101">
         <path>C:\ti\ccs1281\ccs\tools\compiler\ti-cgt-arm_20.2.7.LTS\lib\</path>
         <kind>archive</kind>
         <file>rtsv7M4_T_le_v4SPD16_eabi.lib</file>
         <name>strlen.c.obj</name>
      </input_file>
      <input_file id="fl-102">
         <path>C:\ti\ccs1281\ccs\tools\compiler\ti-cgt-arm_20.2.7.LTS\lib\</path>
         <kind>archive</kind>
         <file>rtsv7M4_T_le_v4SPD16_eabi.lib</file>
         <name>boot_cortex_m.c.obj</name>
      </input_file>
      <input_file id="fl-103">
         <path>C:\ti\ccs1281\ccs\tools\compiler\ti-cgt-arm_20.2.7.LTS\lib\</path>
         <kind>archive</kind>
         <file>rtsv7M4_T_le_v4SPD16_eabi.lib</file>
         <name>write.c.obj</name>
      </input_file>
      <input_file id="fl-104">
         <path>C:\ti\ccs1281\ccs\tools\compiler\ti-cgt-arm_20.2.7.LTS\lib\</path>
         <kind>archive</kind>
         <file>rtsv7M4_T_le_v4SPD16_eabi.lib</file>
         <name>host_device.c.obj</name>
      </input_file>
      <input_file id="fl-105">
         <path>C:\ti\ccs1281\ccs\tools\compiler\ti-cgt-arm_20.2.7.LTS\lib\</path>
         <kind>archive</kind>
         <file>rtsv7M4_T_le_v4SPD16_eabi.lib</file>
         <name>errno.c.obj</name>
      </input_file>
      <input_file id="fl-106">
         <path>C:\ti\ccs1281\ccs\tools\compiler\ti-cgt-arm_20.2.7.LTS\lib\</path>
         <kind>archive</kind>
         <file>rtsv7M4_T_le_v4SPD16_eabi.lib</file>
         <name>wcslen.c.obj</name>
      </input_file>
      <input_file id="fl-107">
         <path>C:\ti\ccs1281\ccs\tools\compiler\ti-cgt-arm_20.2.7.LTS\lib\</path>
         <kind>archive</kind>
         <file>rtsv7M4_T_le_v4SPD16_eabi.lib</file>
         <name>s_frexp.c.obj</name>
      </input_file>
      <input_file id="fl-108">
         <path>C:\ti\ccs1281\ccs\tools\compiler\ti-cgt-arm_20.2.7.LTS\lib\</path>
         <kind>archive</kind>
         <file>rtsv7M4_T_le_v4SPD16_eabi.lib</file>
         <name>s_scalbn.c.obj</name>
      </input_file>
      <input_file id="fl-109">
         <path>C:\ti\ccs1281\ccs\tools\compiler\ti-cgt-arm_20.2.7.LTS\lib\</path>
         <kind>archive</kind>
         <file>rtsv7M4_T_le_v4SPD16_eabi.lib</file>
         <name>fflush.c.obj</name>
      </input_file>
      <input_file id="fl-10a">
         <path>C:\ti\ccs1281\ccs\tools\compiler\ti-cgt-arm_20.2.7.LTS\lib\</path>
         <kind>archive</kind>
         <file>rtsv7M4_T_le_v4SPD16_eabi.lib</file>
         <name>fopen.c.obj</name>
      </input_file>
      <input_file id="fl-10b">
         <path>C:\ti\ccs1281\ccs\tools\compiler\ti-cgt-arm_20.2.7.LTS\lib\</path>
         <kind>archive</kind>
         <file>rtsv7M4_T_le_v4SPD16_eabi.lib</file>
         <name>fseek.c.obj</name>
      </input_file>
      <input_file id="fl-10c">
         <path>C:\ti\ccs1281\ccs\tools\compiler\ti-cgt-arm_20.2.7.LTS\lib\</path>
         <kind>archive</kind>
         <file>rtsv7M4_T_le_v4SPD16_eabi.lib</file>
         <name>div0.asm.obj</name>
      </input_file>
      <input_file id="fl-10d">
         <path>C:\ti\ccs1281\ccs\tools\compiler\ti-cgt-arm_20.2.7.LTS\lib\</path>
         <kind>archive</kind>
         <file>rtsv7M4_T_le_v4SPD16_eabi.lib</file>
         <name>autoinit.c.obj</name>
      </input_file>
      <input_file id="fl-10e">
         <path>C:\ti\ccs1281\ccs\tools\compiler\ti-cgt-arm_20.2.7.LTS\lib\</path>
         <kind>archive</kind>
         <file>rtsv7M4_T_le_v4SPD16_eabi.lib</file>
         <name>pre_init.c.obj</name>
      </input_file>
      <input_file id="fl-10f">
         <path>C:\ti\ccs1281\ccs\tools\compiler\ti-cgt-arm_20.2.7.LTS\lib\</path>
         <kind>archive</kind>
         <file>rtsv7M4_T_le_v4SPD16_eabi.lib</file>
         <name>cpy_tbl.c.obj</name>
      </input_file>
      <input_file id="fl-110">
         <path>C:\ti\ccs1281\ccs\tools\compiler\ti-cgt-arm_20.2.7.LTS\lib\</path>
         <kind>archive</kind>
         <file>rtsv7M4_T_le_v4SPD16_eabi.lib</file>
         <name>args_main.c.obj</name>
      </input_file>
      <input_file id="fl-111">
         <path>C:\ti\ccs1281\ccs\tools\compiler\ti-cgt-arm_20.2.7.LTS\lib\</path>
         <kind>archive</kind>
         <file>rtsv7M4_T_le_v4SPD16_eabi.lib</file>
         <name>hostclose.c.obj</name>
      </input_file>
      <input_file id="fl-112">
         <path>C:\ti\ccs1281\ccs\tools\compiler\ti-cgt-arm_20.2.7.LTS\lib\</path>
         <kind>archive</kind>
         <file>rtsv7M4_T_le_v4SPD16_eabi.lib</file>
         <name>hostlseek.c.obj</name>
      </input_file>
      <input_file id="fl-113">
         <path>C:\ti\ccs1281\ccs\tools\compiler\ti-cgt-arm_20.2.7.LTS\lib\</path>
         <kind>archive</kind>
         <file>rtsv7M4_T_le_v4SPD16_eabi.lib</file>
         <name>hostopen.c.obj</name>
      </input_file>
      <input_file id="fl-114">
         <path>C:\ti\ccs1281\ccs\tools\compiler\ti-cgt-arm_20.2.7.LTS\lib\</path>
         <kind>archive</kind>
         <file>rtsv7M4_T_le_v4SPD16_eabi.lib</file>
         <name>hostread.c.obj</name>
      </input_file>
      <input_file id="fl-115">
         <path>C:\ti\ccs1281\ccs\tools\compiler\ti-cgt-arm_20.2.7.LTS\lib\</path>
         <kind>archive</kind>
         <file>rtsv7M4_T_le_v4SPD16_eabi.lib</file>
         <name>hostrename.c.obj</name>
      </input_file>
      <input_file id="fl-116">
         <path>C:\ti\ccs1281\ccs\tools\compiler\ti-cgt-arm_20.2.7.LTS\lib\</path>
         <kind>archive</kind>
         <file>rtsv7M4_T_le_v4SPD16_eabi.lib</file>
         <name>hostunlink.c.obj</name>
      </input_file>
      <input_file id="fl-117">
         <path>C:\ti\ccs1281\ccs\tools\compiler\ti-cgt-arm_20.2.7.LTS\lib\</path>
         <kind>archive</kind>
         <file>rtsv7M4_T_le_v4SPD16_eabi.lib</file>
         <name>hostwrite.c.obj</name>
      </input_file>
      <input_file id="fl-118">
         <path>C:\ti\ccs1281\ccs\tools\compiler\ti-cgt-arm_20.2.7.LTS\lib\</path>
         <kind>archive</kind>
         <file>rtsv7M4_T_le_v4SPD16_eabi.lib</file>
         <name>trgmsg.c.obj</name>
      </input_file>
      <input_file id="fl-119">
         <path>C:\ti\ccs1281\ccs\tools\compiler\ti-cgt-arm_20.2.7.LTS\lib\</path>
         <kind>archive</kind>
         <file>rtsv7M4_T_le_v4SPD16_eabi.lib</file>
         <name>open.c.obj</name>
      </input_file>
      <input_file id="fl-11a">
         <path>C:\ti\ccs1281\ccs\tools\compiler\ti-cgt-arm_20.2.7.LTS\lib\</path>
         <kind>archive</kind>
         <file>rtsv7M4_T_le_v4SPD16_eabi.lib</file>
         <name>lseek.c.obj</name>
      </input_file>
      <input_file id="fl-11b">
         <path>C:\ti\ccs1281\ccs\tools\compiler\ti-cgt-arm_20.2.7.LTS\lib\</path>
         <kind>archive</kind>
         <file>rtsv7M4_T_le_v4SPD16_eabi.lib</file>
         <name>s_copysign.c.obj</name>
      </input_file>
      <input_file id="fl-11c">
         <path>C:\ti\ccs1281\ccs\tools\compiler\ti-cgt-arm_20.2.7.LTS\lib\</path>
         <kind>archive</kind>
         <file>rtsv7M4_T_le_v4SPD16_eabi.lib</file>
         <name>fclose.c.obj</name>
      </input_file>
      <input_file id="fl-11d">
         <path>C:\ti\ccs1281\ccs\tools\compiler\ti-cgt-arm_20.2.7.LTS\lib\</path>
         <kind>archive</kind>
         <file>rtsv7M4_T_le_v4SPD16_eabi.lib</file>
         <name>getdevice.c.obj</name>
      </input_file>
      <input_file id="fl-11e">
         <path>C:\ti\ccs1281\ccs\tools\compiler\ti-cgt-arm_20.2.7.LTS\lib\</path>
         <kind>archive</kind>
         <file>rtsv7M4_T_le_v4SPD16_eabi.lib</file>
         <name>strcmp.c.obj</name>
      </input_file>
      <input_file id="fl-11f">
         <path>C:\ti\ccs1281\ccs\tools\compiler\ti-cgt-arm_20.2.7.LTS\lib\</path>
         <kind>archive</kind>
         <file>rtsv7M4_T_le_v4SPD16_eabi.lib</file>
         <name>strcpy.c.obj</name>
      </input_file>
      <input_file id="fl-120">
         <path>C:\ti\ccs1281\ccs\tools\compiler\ti-cgt-arm_20.2.7.LTS\lib\</path>
         <kind>archive</kind>
         <file>rtsv7M4_T_le_v4SPD16_eabi.lib</file>
         <name>strncpy.c.obj</name>
      </input_file>
      <input_file id="fl-121">
         <path>C:\ti\ccs1281\ccs\tools\compiler\ti-cgt-arm_20.2.7.LTS\lib\</path>
         <kind>archive</kind>
         <file>rtsv7M4_T_le_v4SPD16_eabi.lib</file>
         <name>remove.c.obj</name>
      </input_file>
      <input_file id="fl-122">
         <path>C:\ti\ccs1281\ccs\tools\compiler\ti-cgt-arm_20.2.7.LTS\lib\</path>
         <kind>archive</kind>
         <file>rtsv7M4_T_le_v4SPD16_eabi.lib</file>
         <name>close.c.obj</name>
      </input_file>
      <input_file id="fl-123">
         <path>C:\ti\ccs1281\ccs\tools\compiler\ti-cgt-arm_20.2.7.LTS\lib\</path>
         <kind>archive</kind>
         <file>rtsv7M4_T_le_v4SPD16_eabi.lib</file>
         <name>unlink.c.obj</name>
      </input_file>
   </input_file_list>
   <object_component_list>
      <object_component id="oc-12">
         <name>.intvecs</name>
         <load_address>0x0</load_address>
         <run_address>0x0</run_address>
         <size>0x208</size>
         <input_file_ref idref="fl-4"/>
      </object_component>
      <object_component id="oc-133">
         <name>.text</name>
         <load_address>0x208</load_address>
         <run_address>0x208</run_address>
         <size>0xf80</size>
         <input_file_ref idref="fl-1e"/>
      </object_component>
      <object_component id="oc-139">
         <name>.text</name>
         <load_address>0x1188</load_address>
         <run_address>0x1188</run_address>
         <size>0xb94</size>
         <input_file_ref idref="fl-12"/>
      </object_component>
      <object_component id="oc-144">
         <name>.text:__TI_printfi</name>
         <load_address>0x1d1c</load_address>
         <run_address>0x1d1c</run_address>
         <size>0xa4e</size>
         <input_file_ref idref="fl-e6"/>
      </object_component>
      <object_component id="oc-200">
         <name>.text:_nop</name>
         <load_address>0x276a</load_address>
         <run_address>0x276a</run_address>
         <size>0x2</size>
         <input_file_ref idref="fl-f8"/>
      </object_component>
      <object_component id="oc-183">
         <name>.text</name>
         <load_address>0x276c</load_address>
         <run_address>0x276c</run_address>
         <size>0x3c0</size>
         <input_file_ref idref="fl-15"/>
      </object_component>
      <object_component id="oc-1dc">
         <name>.text:_pconv_a</name>
         <load_address>0x2b2c</load_address>
         <run_address>0x2b2c</run_address>
         <size>0x270</size>
         <input_file_ref idref="fl-e6"/>
      </object_component>
      <object_component id="oc-1ca">
         <name>.text:_pconv_g</name>
         <load_address>0x2d9c</load_address>
         <run_address>0x2d9c</run_address>
         <size>0x1d0</size>
         <input_file_ref idref="fl-e6"/>
      </object_component>
      <object_component id="oc-29c">
         <name>.text</name>
         <load_address>0x2f6c</load_address>
         <run_address>0x2f6c</run_address>
         <size>0x1b6</size>
         <input_file_ref idref="fl-eb"/>
      </object_component>
      <object_component id="oc-332">
         <name>.text</name>
         <load_address>0x3122</load_address>
         <run_address>0x3122</run_address>
         <size>0x2</size>
         <input_file_ref idref="fl-10c"/>
      </object_component>
      <object_component id="oc-1d6">
         <name>.text:_pconv_e</name>
         <load_address>0x3124</load_address>
         <run_address>0x3124</run_address>
         <size>0x13c</size>
         <input_file_ref idref="fl-e6"/>
      </object_component>
      <object_component id="oc-282">
         <name>.text</name>
         <load_address>0x3260</load_address>
         <run_address>0x3260</run_address>
         <size>0x136</size>
         <input_file_ref idref="fl-ed"/>
      </object_component>
      <object_component id="oc-2ae">
         <name>.text:fcvt</name>
         <load_address>0x3398</load_address>
         <run_address>0x3398</run_address>
         <size>0x124</size>
         <input_file_ref idref="fl-e6"/>
      </object_component>
      <object_component id="oc-20e">
         <name>.text:fputs</name>
         <load_address>0x34bc</load_address>
         <run_address>0x34bc</run_address>
         <size>0x114</size>
         <input_file_ref idref="fl-e8"/>
      </object_component>
      <object_component id="oc-2c2">
         <name>.text:scalbn</name>
         <load_address>0x35d0</load_address>
         <run_address>0x35d0</run_address>
         <size>0x110</size>
         <input_file_ref idref="fl-108"/>
      </object_component>
      <object_component id="oc-3dd">
         <name>.text:aligned_alloc</name>
         <load_address>0x36e0</load_address>
         <run_address>0x36e0</run_address>
         <size>0x100</size>
         <input_file_ref idref="fl-ff"/>
      </object_component>
      <object_component id="oc-27d">
         <name>.text</name>
         <load_address>0x37e0</load_address>
         <run_address>0x37e0</run_address>
         <size>0xfc</size>
         <input_file_ref idref="fl-ee"/>
      </object_component>
      <object_component id="oc-39b">
         <name>.text:free</name>
         <load_address>0x38dc</load_address>
         <run_address>0x38dc</run_address>
         <size>0xe4</size>
         <input_file_ref idref="fl-ff"/>
      </object_component>
      <object_component id="oc-36d">
         <name>.text:setvbuf</name>
         <load_address>0x39c0</load_address>
         <run_address>0x39c0</run_address>
         <size>0xdc</size>
         <input_file_ref idref="fl-ea"/>
      </object_component>
      <object_component id="oc-1bf">
         <name>.text:_ltostr</name>
         <load_address>0x3a9c</load_address>
         <run_address>0x3a9c</run_address>
         <size>0xb1</size>
         <input_file_ref idref="fl-e6"/>
      </object_component>
      <object_component id="oc-3e">
         <name>.text</name>
         <load_address>0x3b4e</load_address>
         <run_address>0x3b4e</run_address>
         <size>0x9c</size>
         <input_file_ref idref="fl-f1"/>
      </object_component>
      <object_component id="oc-276">
         <name>.text</name>
         <load_address>0x3bea</load_address>
         <run_address>0x3bea</run_address>
         <size>0x96</size>
         <input_file_ref idref="fl-f3"/>
      </object_component>
      <object_component id="oc-215">
         <name>.text:fputc</name>
         <load_address>0x3c80</load_address>
         <run_address>0x3c80</run_address>
         <size>0x8c</size>
         <input_file_ref idref="fl-e7"/>
      </object_component>
      <object_component id="oc-1c5">
         <name>.text:__aeabi_cdcmple</name>
         <load_address>0x3d0c</load_address>
         <run_address>0x3d0c</run_address>
         <size>0x86</size>
         <input_file_ref idref="fl-ec"/>
      </object_component>
      <object_component id="oc-287">
         <name>.text:__aeabi_cdrcmple</name>
         <load_address>0x3d92</load_address>
         <run_address>0x3d92</run_address>
         <size>0x86</size>
         <input_file_ref idref="fl-ec"/>
      </object_component>
      <object_component id="oc-96">
         <name>.text</name>
         <load_address>0x3e18</load_address>
         <run_address>0x3e18</run_address>
         <size>0x7a</size>
         <input_file_ref idref="fl-f2"/>
      </object_component>
      <object_component id="oc-3e4">
         <name>.text:__TI_closefile</name>
         <load_address>0x3e94</load_address>
         <run_address>0x3e94</run_address>
         <size>0x74</size>
         <input_file_ref idref="fl-11c"/>
      </object_component>
      <object_component id="oc-425">
         <name>.text:split</name>
         <load_address>0x3f08</load_address>
         <run_address>0x3f08</run_address>
         <size>0x70</size>
         <input_file_ref idref="fl-ff"/>
      </object_component>
      <object_component id="oc-2a7">
         <name>.text:_mcpy</name>
         <load_address>0x3f78</load_address>
         <run_address>0x3f78</run_address>
         <size>0x6e</size>
         <input_file_ref idref="fl-e6"/>
      </object_component>
      <object_component id="oc-414">
         <name>.text:HOSTrename</name>
         <load_address>0x3fe8</load_address>
         <run_address>0x3fe8</run_address>
         <size>0x6c</size>
         <input_file_ref idref="fl-115"/>
      </object_component>
      <object_component id="oc-408">
         <name>.text:HOSTlseek</name>
         <load_address>0x4054</load_address>
         <run_address>0x4054</run_address>
         <size>0x68</size>
         <input_file_ref idref="fl-112"/>
      </object_component>
      <object_component id="oc-15">
         <name>.text:decompress:lzss:__TI_decompress_lzss</name>
         <load_address>0x40bc</load_address>
         <run_address>0x40bc</run_address>
         <size>0x68</size>
         <input_file_ref idref="fl-f6"/>
      </object_component>
      <object_component id="oc-dc">
         <name>.text</name>
         <load_address>0x4124</load_address>
         <run_address>0x4124</run_address>
         <size>0x68</size>
         <input_file_ref idref="fl-26"/>
      </object_component>
      <object_component id="oc-e2">
         <name>.text:printf</name>
         <load_address>0x418c</load_address>
         <run_address>0x418c</run_address>
         <size>0x68</size>
         <input_file_ref idref="fl-e5"/>
      </object_component>
      <object_component id="oc-2bc">
         <name>.text:frexp</name>
         <load_address>0x41f4</load_address>
         <run_address>0x41f4</run_address>
         <size>0x64</size>
         <input_file_ref idref="fl-107"/>
      </object_component>
      <object_component id="oc-367">
         <name>.text:fseek</name>
         <load_address>0x4258</load_address>
         <run_address>0x4258</run_address>
         <size>0x64</size>
         <input_file_ref idref="fl-10b"/>
      </object_component>
      <object_component id="oc-2f3">
         <name>.text:__TI_wrt_ok</name>
         <load_address>0x42bc</load_address>
         <run_address>0x42bc</run_address>
         <size>0x62</size>
         <input_file_ref idref="fl-e9"/>
      </object_component>
      <object_component id="oc-3f0">
         <name>.text:HOSTopen</name>
         <load_address>0x4320</load_address>
         <run_address>0x4320</run_address>
         <size>0x60</size>
         <input_file_ref idref="fl-113"/>
      </object_component>
      <object_component id="oc-42c">
         <name>.text:close</name>
         <load_address>0x4380</load_address>
         <run_address>0x4380</run_address>
         <size>0x5c</size>
         <input_file_ref idref="fl-122"/>
      </object_component>
      <object_component id="oc-3fc">
         <name>.text:HOSTread</name>
         <load_address>0x43dc</load_address>
         <run_address>0x43dc</run_address>
         <size>0x58</size>
         <input_file_ref idref="fl-114"/>
      </object_component>
      <object_component id="oc-402">
         <name>.text:HOSTwrite</name>
         <load_address>0x4434</load_address>
         <run_address>0x4434</run_address>
         <size>0x58</size>
         <input_file_ref idref="fl-117"/>
      </object_component>
      <object_component id="oc-1d0">
         <name>.text:_pconv_f</name>
         <load_address>0x448c</load_address>
         <run_address>0x448c</run_address>
         <size>0x56</size>
         <input_file_ref idref="fl-e6"/>
      </object_component>
      <object_component id="oc-291">
         <name>.text:__TI_ltoa</name>
         <load_address>0x44e2</load_address>
         <run_address>0x44e2</run_address>
         <size>0x54</size>
         <input_file_ref idref="fl-f9"/>
      </object_component>
      <object_component id="oc-2a1">
         <name>.text:_ecpy</name>
         <load_address>0x4536</load_address>
         <run_address>0x4536</run_address>
         <size>0x52</size>
         <input_file_ref idref="fl-e6"/>
      </object_component>
      <object_component id="oc-d6">
         <name>.text</name>
         <load_address>0x4588</load_address>
         <run_address>0x4588</run_address>
         <size>0x50</size>
         <input_file_ref idref="fl-3"/>
      </object_component>
      <object_component id="oc-2ff">
         <name>.text:__TI_doflush</name>
         <load_address>0x45d8</load_address>
         <run_address>0x45d8</run_address>
         <size>0x4c</size>
         <input_file_ref idref="fl-109"/>
      </object_component>
      <object_component id="oc-1b9">
         <name>.text:atoi</name>
         <load_address>0x4624</load_address>
         <run_address>0x4624</run_address>
         <size>0x4c</size>
         <input_file_ref idref="fl-fa"/>
      </object_component>
      <object_component id="oc-ef">
         <name>.text:exit</name>
         <load_address>0x4670</load_address>
         <run_address>0x4670</run_address>
         <size>0x48</size>
         <input_file_ref idref="fl-f7"/>
      </object_component>
      <object_component id="oc-28c">
         <name>.text</name>
         <load_address>0x46b8</load_address>
         <run_address>0x46b8</run_address>
         <size>0x48</size>
         <input_file_ref idref="fl-ef"/>
      </object_component>
      <object_component id="oc-3f6">
         <name>.text:HOSTclose</name>
         <load_address>0x4700</load_address>
         <run_address>0x4700</run_address>
         <size>0x44</size>
         <input_file_ref idref="fl-111"/>
      </object_component>
      <object_component id="oc-40e">
         <name>.text:HOSTunlink</name>
         <load_address>0x4744</load_address>
         <run_address>0x4744</run_address>
         <size>0x44</size>
         <input_file_ref idref="fl-116"/>
      </object_component>
      <object_component id="oc-f5">
         <name>.text:__TI_auto_init_nobinit_nopinit:__TI_auto_init_nobinit_nopinit</name>
         <load_address>0x4788</load_address>
         <run_address>0x4788</run_address>
         <size>0x44</size>
         <input_file_ref idref="fl-10d"/>
      </object_component>
      <object_component id="oc-464">
         <name>.text:getdevice</name>
         <load_address>0x47cc</load_address>
         <run_address>0x47cc</run_address>
         <size>0x44</size>
         <input_file_ref idref="fl-11d"/>
      </object_component>
      <object_component id="oc-2b4">
         <name>.text:_fcpy</name>
         <load_address>0x4810</load_address>
         <run_address>0x4810</run_address>
         <size>0x3e</size>
         <input_file_ref idref="fl-e6"/>
      </object_component>
      <object_component id="oc-189">
         <name>.text</name>
         <load_address>0x484e</load_address>
         <run_address>0x484e</run_address>
         <size>0x3e</size>
         <input_file_ref idref="fl-9"/>
      </object_component>
      <object_component id="oc-43d">
         <name>.text:__TI_writemsg</name>
         <load_address>0x488c</load_address>
         <run_address>0x488c</run_address>
         <size>0x38</size>
         <input_file_ref idref="fl-118"/>
      </object_component>
      <object_component id="oc-486">
         <name>.text:strncpy</name>
         <load_address>0x48c4</load_address>
         <run_address>0x48c4</run_address>
         <size>0x36</size>
         <input_file_ref idref="fl-120"/>
      </object_component>
      <object_component id="oc-3a7">
         <name>.text:__TI_cleanup</name>
         <load_address>0x48fc</load_address>
         <run_address>0x48fc</run_address>
         <size>0x34</size>
         <input_file_ref idref="fl-10a"/>
      </object_component>
      <object_component id="oc-443">
         <name>.text:__TI_readmsg</name>
         <load_address>0x4930</load_address>
         <run_address>0x4930</run_address>
         <size>0x34</size>
         <input_file_ref idref="fl-118"/>
      </object_component>
      <object_component id="oc-5c">
         <name>.text:_c_int00_noargs:_c_int00_noargs</name>
         <load_address>0x4964</load_address>
         <run_address>0x4964</run_address>
         <size>0x34</size>
         <input_file_ref idref="fl-102"/>
      </object_component>
      <object_component id="oc-48c">
         <name>.text:finddevice</name>
         <load_address>0x4998</load_address>
         <run_address>0x4998</run_address>
         <size>0x30</size>
         <input_file_ref idref="fl-11d"/>
      </object_component>
      <object_component id="oc-297">
         <name>.text</name>
         <load_address>0x49c8</load_address>
         <run_address>0x49c8</run_address>
         <size>0x2e</size>
         <input_file_ref idref="fl-f0"/>
      </object_component>
      <object_component id="oc-432">
         <name>.text:unlink</name>
         <load_address>0x49f8</load_address>
         <run_address>0x49f8</run_address>
         <size>0x2c</size>
         <input_file_ref idref="fl-123"/>
      </object_component>
      <object_component id="oc-3d6">
         <name>.text:free_list_insert</name>
         <load_address>0x4a24</load_address>
         <run_address>0x4a24</run_address>
         <size>0x28</size>
         <input_file_ref idref="fl-ff"/>
      </object_component>
      <object_component id="oc-393">
         <name>.text:lseek</name>
         <load_address>0x4a4c</load_address>
         <run_address>0x4a4c</run_address>
         <size>0x28</size>
         <input_file_ref idref="fl-11a"/>
      </object_component>
      <object_component id="oc-305">
         <name>.text:write</name>
         <load_address>0x4a74</load_address>
         <run_address>0x4a74</run_address>
         <size>0x28</size>
         <input_file_ref idref="fl-103"/>
      </object_component>
      <object_component id="oc-a2">
         <name>.text</name>
         <load_address>0x4a9c</load_address>
         <run_address>0x4a9c</run_address>
         <size>0x22</size>
         <input_file_ref idref="fl-2"/>
      </object_component>
      <object_component id="oc-2f9">
         <name>.text:memchr</name>
         <load_address>0x4abe</load_address>
         <run_address>0x4abe</run_address>
         <size>0x20</size>
         <input_file_ref idref="fl-fe"/>
      </object_component>
      <object_component id="oc-3d0">
         <name>.text:free_list_remove</name>
         <load_address>0x4ae0</load_address>
         <run_address>0x4ae0</run_address>
         <size>0x1c</size>
         <input_file_ref idref="fl-ff"/>
      </object_component>
      <object_component id="oc-1e2">
         <name>.text:memccpy</name>
         <load_address>0x4afc</load_address>
         <run_address>0x4afc</run_address>
         <size>0x1c</size>
         <input_file_ref idref="fl-fd"/>
      </object_component>
      <object_component id="oc-34b">
         <name>.text:copysign</name>
         <load_address>0x4b18</load_address>
         <run_address>0x4b18</run_address>
         <size>0x1a</size>
         <input_file_ref idref="fl-11b"/>
      </object_component>
      <object_component id="oc-4a3">
         <name>.text:strcmp</name>
         <load_address>0x4b32</load_address>
         <run_address>0x4b32</run_address>
         <size>0x18</size>
         <input_file_ref idref="fl-11e"/>
      </object_component>
      <object_component id="oc-2c8">
         <name>.text:strchr</name>
         <load_address>0x4b4a</load_address>
         <run_address>0x4b4a</run_address>
         <size>0x16</size>
         <input_file_ref idref="fl-100"/>
      </object_component>
      <object_component id="oc-457">
         <name>.text:strcpy</name>
         <load_address>0x4b60</load_address>
         <run_address>0x4b60</run_address>
         <size>0x14</size>
         <input_file_ref idref="fl-11f"/>
      </object_component>
      <object_component id="oc-1b3">
         <name>.text:strlen</name>
         <load_address>0x4b74</load_address>
         <run_address>0x4b74</run_address>
         <size>0x14</size>
         <input_file_ref idref="fl-101"/>
      </object_component>
      <object_component id="oc-1e8">
         <name>.text:wcslen</name>
         <load_address>0x4b88</load_address>
         <run_address>0x4b88</run_address>
         <size>0x12</size>
         <input_file_ref idref="fl-106"/>
      </object_component>
      <object_component id="oc-1b">
         <name>.text:decompress:none:__TI_decompress_none</name>
         <load_address>0x4b9a</load_address>
         <run_address>0x4b9a</run_address>
         <size>0xe</size>
         <input_file_ref idref="fl-f5"/>
      </object_component>
      <object_component id="oc-50">
         <name>.text:decompress:ZI:__TI_zero_init</name>
         <load_address>0x4ba8</load_address>
         <run_address>0x4ba8</run_address>
         <size>0xc</size>
         <input_file_ref idref="fl-f4"/>
      </object_component>
      <object_component id="oc-2a">
         <name>.text</name>
         <load_address>0x4bb4</load_address>
         <run_address>0x4bb4</run_address>
         <size>0xc</size>
         <input_file_ref idref="fl-4"/>
      </object_component>
      <object_component id="oc-1ee">
         <name>.text:__aeabi_errno_addr</name>
         <load_address>0x4bc0</load_address>
         <run_address>0x4bc0</run_address>
         <size>0x8</size>
         <input_file_ref idref="fl-105"/>
      </object_component>
      <object_component id="oc-3a1">
         <name>.text:malloc</name>
         <load_address>0x4bc8</load_address>
         <run_address>0x4bc8</run_address>
         <size>0x8</size>
         <input_file_ref idref="fl-ff"/>
      </object_component>
      <object_component id="oc-198">
         <name>.text:SysCtlDelay</name>
         <load_address>0x4bd0</load_address>
         <run_address>0x4bd0</run_address>
         <size>0x6</size>
         <input_file_ref idref="fl-1e"/>
      </object_component>
      <object_component id="oc-156">
         <name>.text:_outc</name>
         <load_address>0x4bd6</load_address>
         <run_address>0x4bd6</run_address>
         <size>0x4</size>
         <input_file_ref idref="fl-e5"/>
      </object_component>
      <object_component id="oc-150">
         <name>.text:_outs</name>
         <load_address>0x4bda</load_address>
         <run_address>0x4bda</run_address>
         <size>0x4</size>
         <input_file_ref idref="fl-e5"/>
      </object_component>
      <object_component id="oc-9c">
         <name>.text:_system_pre_init</name>
         <load_address>0x4bde</load_address>
         <run_address>0x4bde</run_address>
         <size>0x4</size>
         <input_file_ref idref="fl-10e"/>
      </object_component>
      <object_component id="oc-e9">
         <name>.text:abort:abort</name>
         <load_address>0x4be2</load_address>
         <run_address>0x4be2</run_address>
         <size>0x4</size>
         <input_file_ref idref="fl-f7"/>
      </object_component>
      <object_component id="oc-195">
         <name>.const:g_pppui32XTALtoVCO</name>
         <load_address>0x4be8</load_address>
         <run_address>0x4be8</run_address>
         <size>0x1b0</size>
         <input_file_ref idref="fl-1e"/>
      </object_component>
      <object_component id="oc-271">
         <name>.const:.string:_ctypes_</name>
         <load_address>0x4d98</load_address>
         <run_address>0x4d98</run_address>
         <size>0x101</size>
         <input_file_ref idref="fl-fb"/>
      </object_component>
      <object_component id="oc-1a8">
         <name>.const:g_ppui32GPIOIntMapSnowflake</name>
         <load_address>0x4e9c</load_address>
         <run_address>0x4e9c</run_address>
         <size>0xd8</size>
         <input_file_ref idref="fl-12"/>
      </object_component>
      <object_component id="oc-1a5">
         <name>.const:g_ppui32GPIOIntMapBlizzard</name>
         <load_address>0x4f74</load_address>
         <run_address>0x4f74</run_address>
         <size>0xc0</size>
         <input_file_ref idref="fl-12"/>
      </object_component>
      <object_component id="oc-242">
         <name>.const:g_pui32Regs</name>
         <load_address>0x5034</load_address>
         <run_address>0x5034</run_address>
         <size>0x9c</size>
         <input_file_ref idref="fl-15"/>
      </object_component>
      <object_component id="oc-1ab">
         <name>.const:g_pui32GPIOBaseAddrs</name>
         <load_address>0x50d0</load_address>
         <run_address>0x50d0</run_address>
         <size>0x90</size>
         <input_file_ref idref="fl-12"/>
      </object_component>
      <object_component id="oc-18f">
         <name>.const:g_pui32Xtals</name>
         <load_address>0x5160</load_address>
         <run_address>0x5160</run_address>
         <size>0x6c</size>
         <input_file_ref idref="fl-1e"/>
      </object_component>
      <object_component id="oc-180">
         <name>.const:g_sXTALtoMEMTIM</name>
         <load_address>0x51cc</load_address>
         <run_address>0x51cc</run_address>
         <size>0x30</size>
         <input_file_ref idref="fl-1e"/>
      </object_component>
      <object_component id="oc-23f">
         <name>.const:g_pui32Priority</name>
         <load_address>0x51fc</load_address>
         <run_address>0x51fc</run_address>
         <size>0x20</size>
         <input_file_ref idref="fl-15"/>
      </object_component>
      <object_component id="oc-248">
         <name>.const:g_pui32Dii16Regs</name>
         <load_address>0x521c</load_address>
         <run_address>0x521c</run_address>
         <size>0x14</size>
         <input_file_ref idref="fl-15"/>
      </object_component>
      <object_component id="oc-245">
         <name>.const:g_pui32EnRegs</name>
         <load_address>0x5230</load_address>
         <run_address>0x5230</run_address>
         <size>0x14</size>
         <input_file_ref idref="fl-15"/>
      </object_component>
      <object_component id="oc-24b">
         <name>.const:g_pui32PendRegs</name>
         <load_address>0x5244</load_address>
         <run_address>0x5244</run_address>
         <size>0x14</size>
         <input_file_ref idref="fl-15"/>
      </object_component>
      <object_component id="oc-24e">
         <name>.const:g_pui32UnpendRegs</name>
         <load_address>0x5258</load_address>
         <run_address>0x5258</run_address>
         <size>0x14</size>
         <input_file_ref idref="fl-15"/>
      </object_component>
      <object_component id="oc-192">
         <name>.const:g_pui32VCOFrequencies</name>
         <load_address>0x526c</load_address>
         <run_address>0x526c</run_address>
         <size>0x8</size>
         <input_file_ref idref="fl-1e"/>
      </object_component>
      <object_component id="oc-4de">
         <name>.cinit..data.load</name>
         <load_address>0x5278</load_address>
         <run_address>0x5278</run_address>
         <size>0x6e</size>
      </object_component>
      <object_component id="oc-4db">
         <name>__TI_handler_table</name>
         <load_address>0x52e8</load_address>
         <run_address>0x52e8</run_address>
         <size>0xc</size>
      </object_component>
      <object_component id="oc-4df">
         <name>.cinit..bss.load</name>
         <load_address>0x52f8</load_address>
         <run_address>0x52f8</run_address>
         <size>0x8</size>
      </object_component>
      <object_component id="oc-4dd">
         <name>.cinit..vtable.load</name>
         <load_address>0x5300</load_address>
         <run_address>0x5300</run_address>
         <size>0x8</size>
      </object_component>
      <object_component id="oc-4dc">
         <name>__TI_cinit_table</name>
         <load_address>0x5308</load_address>
         <run_address>0x5308</run_address>
         <size>0x18</size>
      </object_component>
      <object_component id="oc-23c">
         <name>.vtable</name>
         <uninitialized>true</uninitialized>
         <run_address>0x20000000</run_address>
         <size>0x26c</size>
         <input_file_ref idref="fl-15"/>
      </object_component>
      <object_component id="oc-140">
         <name>.data:gpioPinMap</name>
         <load_address>0x20000654</load_address>
         <run_address>0x20000654</run_address>
         <size>0x8</size>
         <input_file_ref idref="fl-26"/>
      </object_component>
      <object_component id="oc-164">
         <name>.data:$O1$$</name>
         <load_address>0x20000638</load_address>
         <run_address>0x20000638</run_address>
         <size>0xc</size>
         <input_file_ref idref="fl-f7"/>
      </object_component>
      <object_component id="oc-14a">
         <name>.data:$O1$$</name>
         <load_address>0x20000644</load_address>
         <run_address>0x20000644</run_address>
         <size>0x8</size>
         <input_file_ref idref="fl-f8"/>
      </object_component>
      <object_component id="oc-14d">
         <name>.data:_ftable</name>
         <load_address>0x20000470</load_address>
         <run_address>0x20000470</run_address>
         <size>0xf0</size>
         <input_file_ref idref="fl-fc"/>
      </object_component>
      <object_component id="oc-3ea">
         <name>.data</name>
         <load_address>0x20000628</load_address>
         <run_address>0x20000628</run_address>
         <size>0x10</size>
         <input_file_ref idref="fl-fc"/>
      </object_component>
      <object_component id="oc-420">
         <name>.data:$O1$$</name>
         <load_address>0x2000064c</load_address>
         <run_address>0x2000064c</run_address>
         <size>0x8</size>
         <input_file_ref idref="fl-ff"/>
      </object_component>
      <object_component id="oc-3ba">
         <name>.data:_device</name>
         <load_address>0x20000560</load_address>
         <run_address>0x20000560</run_address>
         <size>0x78</size>
         <input_file_ref idref="fl-104"/>
      </object_component>
      <object_component id="oc-379">
         <name>.data:_stream</name>
         <load_address>0x200005d8</load_address>
         <run_address>0x200005d8</run_address>
         <size>0x50</size>
         <input_file_ref idref="fl-104"/>
      </object_component>
      <object_component id="oc-2d8">
         <name>.data</name>
         <load_address>0x2000065c</load_address>
         <run_address>0x2000065c</run_address>
         <size>0x4</size>
         <input_file_ref idref="fl-105"/>
      </object_component>
      <object_component id="oc-46e">
         <name>.bss:_CIOBUF_</name>
         <uninitialized>true</uninitialized>
         <run_address>0x20000660</run_address>
         <size>0x120</size>
         <input_file_ref idref="fl-118"/>
      </object_component>
      <object_component id="oc-438">
         <name>.common:__TI_tmpnams</name>
         <uninitialized>true</uninitialized>
         <run_address>0x20000780</run_address>
         <size>0xa0</size>
      </object_component>
      <object_component id="oc-449">
         <name>.common:parmbuf</name>
         <uninitialized>true</uninitialized>
         <run_address>0x20000820</run_address>
         <size>0x8</size>
      </object_component>
      <object_component id="oc-24">
         <name>.sysmem</name>
         <uninitialized>true</uninitialized>
         <run_address>0x20000828</run_address>
         <size>0x10</size>
         <input_file_ref idref="fl-ff"/>
      </object_component>
      <object_component id="oc-4e2">
         <name>.sysmem</name>
         <uninitialized>true</uninitialized>
         <run_address>0x20000828</run_address>
         <size>0x0</size>
      </object_component>
      <object_component id="oc-27">
         <name>.stack</name>
         <uninitialized>true</uninitialized>
         <run_address>0x20000270</run_address>
         <size>0x4</size>
         <input_file_ref idref="fl-102"/>
      </object_component>
      <object_component id="oc-4e1">
         <name>.stack</name>
         <uninitialized>true</uninitialized>
         <run_address>0x20000270</run_address>
         <size>0x0</size>
      </object_component>
      <object_component id="oc-c5">
         <name>.debug_info</name>
         <load_address>0x0</load_address>
         <run_address>0x0</run_address>
         <size>0x2f7</size>
         <input_file_ref idref="fl-2"/>
      </object_component>
      <object_component id="oc-a4">
         <name>.debug_info</name>
         <load_address>0x2f7</load_address>
         <run_address>0x2f7</run_address>
         <size>0x12d</size>
         <input_file_ref idref="fl-2"/>
      </object_component>
      <object_component id="oc-12e">
         <name>.debug_info</name>
         <load_address>0x424</load_address>
         <run_address>0x424</run_address>
         <size>0x68</size>
         <input_file_ref idref="fl-2"/>
      </object_component>
      <object_component id="oc-77">
         <name>.debug_info</name>
         <load_address>0x48c</load_address>
         <run_address>0x48c</run_address>
         <size>0x26b</size>
         <input_file_ref idref="fl-2"/>
      </object_component>
      <object_component id="oc-39">
         <name>.debug_info</name>
         <load_address>0x6f7</load_address>
         <run_address>0x6f7</run_address>
         <size>0x84</size>
         <input_file_ref idref="fl-2"/>
      </object_component>
      <object_component id="oc-c0">
         <name>.debug_info</name>
         <load_address>0x77b</load_address>
         <run_address>0x77b</run_address>
         <size>0x2a4</size>
         <input_file_ref idref="fl-2"/>
      </object_component>
      <object_component id="oc-19a">
         <name>.debug_info</name>
         <load_address>0xa1f</load_address>
         <run_address>0xa1f</run_address>
         <size>0xef</size>
         <input_file_ref idref="fl-2"/>
      </object_component>
      <object_component id="oc-7c">
         <name>.debug_info</name>
         <load_address>0xb0e</load_address>
         <run_address>0xb0e</run_address>
         <size>0xbb</size>
         <input_file_ref idref="fl-2"/>
      </object_component>
      <object_component id="oc-15e">
         <name>.debug_info</name>
         <load_address>0xbc9</load_address>
         <run_address>0xbc9</run_address>
         <size>0x2c</size>
         <input_file_ref idref="fl-2"/>
      </object_component>
      <object_component id="oc-129">
         <name>.debug_info</name>
         <load_address>0xbf5</load_address>
         <run_address>0xbf5</run_address>
         <size>0x35</size>
         <input_file_ref idref="fl-2"/>
      </object_component>
      <object_component id="oc-d7">
         <name>.debug_info</name>
         <load_address>0xc2a</load_address>
         <run_address>0xc2a</run_address>
         <size>0x1d1</size>
         <input_file_ref idref="fl-3"/>
      </object_component>
      <object_component id="oc-32">
         <name>.debug_info</name>
         <load_address>0xdfb</load_address>
         <run_address>0xdfb</run_address>
         <size>0x2ae</size>
         <input_file_ref idref="fl-4"/>
      </object_component>
      <object_component id="oc-13">
         <name>.debug_info</name>
         <load_address>0x10a9</load_address>
         <run_address>0x10a9</run_address>
         <size>0xed</size>
         <input_file_ref idref="fl-4"/>
      </object_component>
      <object_component id="oc-2b">
         <name>.debug_info</name>
         <load_address>0x1196</load_address>
         <run_address>0x1196</run_address>
         <size>0x26c</size>
         <input_file_ref idref="fl-4"/>
      </object_component>
      <object_component id="oc-19f">
         <name>.debug_info</name>
         <load_address>0x1402</load_address>
         <run_address>0x1402</run_address>
         <size>0x8b</size>
         <input_file_ref idref="fl-5"/>
      </object_component>
      <object_component id="oc-18b">
         <name>.debug_info</name>
         <load_address>0x148d</load_address>
         <run_address>0x148d</run_address>
         <size>0x31f</size>
         <input_file_ref idref="fl-9"/>
      </object_component>
      <object_component id="oc-1af">
         <name>.debug_info</name>
         <load_address>0x17ac</load_address>
         <run_address>0x17ac</run_address>
         <size>0x35b</size>
         <input_file_ref idref="fl-12"/>
      </object_component>
      <object_component id="oc-1a6">
         <name>.debug_info</name>
         <load_address>0x1b07</load_address>
         <run_address>0x1b07</run_address>
         <size>0xfb</size>
         <input_file_ref idref="fl-12"/>
      </object_component>
      <object_component id="oc-1a9">
         <name>.debug_info</name>
         <load_address>0x1c02</load_address>
         <run_address>0x1c02</run_address>
         <size>0xfd</size>
         <input_file_ref idref="fl-12"/>
      </object_component>
      <object_component id="oc-1ac">
         <name>.debug_info</name>
         <load_address>0x1cff</load_address>
         <run_address>0x1cff</run_address>
         <size>0xef</size>
         <input_file_ref idref="fl-12"/>
      </object_component>
      <object_component id="oc-13c">
         <name>.debug_info</name>
         <load_address>0x1dee</load_address>
         <run_address>0x1dee</run_address>
         <size>0x305a</size>
         <input_file_ref idref="fl-12"/>
      </object_component>
      <object_component id="oc-252">
         <name>.debug_info</name>
         <load_address>0x4e48</load_address>
         <run_address>0x4e48</run_address>
         <size>0x338</size>
         <input_file_ref idref="fl-15"/>
      </object_component>
      <object_component id="oc-240">
         <name>.debug_info</name>
         <load_address>0x5180</load_address>
         <run_address>0x5180</run_address>
         <size>0xea</size>
         <input_file_ref idref="fl-15"/>
      </object_component>
      <object_component id="oc-243">
         <name>.debug_info</name>
         <load_address>0x526a</load_address>
         <run_address>0x526a</run_address>
         <size>0xe2</size>
         <input_file_ref idref="fl-15"/>
      </object_component>
      <object_component id="oc-246">
         <name>.debug_info</name>
         <load_address>0x534c</load_address>
         <run_address>0x534c</run_address>
         <size>0xe6</size>
         <input_file_ref idref="fl-15"/>
      </object_component>
      <object_component id="oc-249">
         <name>.debug_info</name>
         <load_address>0x5432</load_address>
         <run_address>0x5432</run_address>
         <size>0xec</size>
         <input_file_ref idref="fl-15"/>
      </object_component>
      <object_component id="oc-24c">
         <name>.debug_info</name>
         <load_address>0x551e</load_address>
         <run_address>0x551e</run_address>
         <size>0xea</size>
         <input_file_ref idref="fl-15"/>
      </object_component>
      <object_component id="oc-24f">
         <name>.debug_info</name>
         <load_address>0x5608</load_address>
         <run_address>0x5608</run_address>
         <size>0xee</size>
         <input_file_ref idref="fl-15"/>
      </object_component>
      <object_component id="oc-23d">
         <name>.debug_info</name>
         <load_address>0x56f6</load_address>
         <run_address>0x56f6</run_address>
         <size>0xeb</size>
         <input_file_ref idref="fl-15"/>
      </object_component>
      <object_component id="oc-186">
         <name>.debug_info</name>
         <load_address>0x57e1</load_address>
         <run_address>0x57e1</run_address>
         <size>0xca7</size>
         <input_file_ref idref="fl-15"/>
      </object_component>
      <object_component id="oc-1a4">
         <name>.debug_info</name>
         <load_address>0x6488</load_address>
         <run_address>0x6488</run_address>
         <size>0x3bd</size>
         <input_file_ref idref="fl-1e"/>
      </object_component>
      <object_component id="oc-190">
         <name>.debug_info</name>
         <load_address>0x6845</load_address>
         <run_address>0x6845</run_address>
         <size>0xe1</size>
         <input_file_ref idref="fl-1e"/>
      </object_component>
      <object_component id="oc-196">
         <name>.debug_info</name>
         <load_address>0x6926</load_address>
         <run_address>0x6926</run_address>
         <size>0xed</size>
         <input_file_ref idref="fl-1e"/>
      </object_component>
      <object_component id="oc-181">
         <name>.debug_info</name>
         <load_address>0x6a13</load_address>
         <run_address>0x6a13</run_address>
         <size>0xe7</size>
         <input_file_ref idref="fl-1e"/>
      </object_component>
      <object_component id="oc-193">
         <name>.debug_info</name>
         <load_address>0x6afa</load_address>
         <run_address>0x6afa</run_address>
         <size>0xf4</size>
         <input_file_ref idref="fl-1e"/>
      </object_component>
      <object_component id="oc-134">
         <name>.debug_info</name>
         <load_address>0x6bee</load_address>
         <run_address>0x6bee</run_address>
         <size>0x2a4d</size>
         <input_file_ref idref="fl-1e"/>
      </object_component>
      <object_component id="oc-25c">
         <name>.debug_info</name>
         <load_address>0x963b</load_address>
         <run_address>0x963b</run_address>
         <size>0x51</size>
         <input_file_ref idref="fl-1e"/>
      </object_component>
      <object_component id="oc-1b2">
         <name>.debug_info</name>
         <load_address>0x968c</load_address>
         <run_address>0x968c</run_address>
         <size>0x328</size>
         <input_file_ref idref="fl-26"/>
      </object_component>
      <object_component id="oc-141">
         <name>.debug_info</name>
         <load_address>0x99b4</load_address>
         <run_address>0x99b4</run_address>
         <size>0xe0</size>
         <input_file_ref idref="fl-26"/>
      </object_component>
      <object_component id="oc-de">
         <name>.debug_info</name>
         <load_address>0x9a94</load_address>
         <run_address>0x9a94</run_address>
         <size>0x2d5</size>
         <input_file_ref idref="fl-26"/>
      </object_component>
      <object_component id="oc-26a">
         <name>.debug_info</name>
         <load_address>0x9d69</load_address>
         <run_address>0x9d69</run_address>
         <size>0x5e</size>
         <input_file_ref idref="fl-26"/>
      </object_component>
      <object_component id="oc-15d">
         <name>.debug_info</name>
         <load_address>0x9dc7</load_address>
         <run_address>0x9dc7</run_address>
         <size>0x3e5</size>
         <input_file_ref idref="fl-e5"/>
      </object_component>
      <object_component id="oc-157">
         <name>.debug_info</name>
         <load_address>0xa1ac</load_address>
         <run_address>0xa1ac</run_address>
         <size>0x157</size>
         <input_file_ref idref="fl-e5"/>
      </object_component>
      <object_component id="oc-152">
         <name>.debug_info</name>
         <load_address>0xa303</load_address>
         <run_address>0xa303</run_address>
         <size>0x166</size>
         <input_file_ref idref="fl-e5"/>
      </object_component>
      <object_component id="oc-e6">
         <name>.debug_info</name>
         <load_address>0xa469</load_address>
         <run_address>0xa469</run_address>
         <size>0x1ac</size>
         <input_file_ref idref="fl-e5"/>
      </object_component>
      <object_component id="oc-21e">
         <name>.debug_info</name>
         <load_address>0xa615</load_address>
         <run_address>0xa615</run_address>
         <size>0xb2</size>
         <input_file_ref idref="fl-e5"/>
      </object_component>
      <object_component id="oc-1f5">
         <name>.debug_info</name>
         <load_address>0xa6c7</load_address>
         <run_address>0xa6c7</run_address>
         <size>0x590</size>
         <input_file_ref idref="fl-e6"/>
      </object_component>
      <object_component id="oc-1c1">
         <name>.debug_info</name>
         <load_address>0xac57</load_address>
         <run_address>0xac57</run_address>
         <size>0x21e</size>
         <input_file_ref idref="fl-e6"/>
      </object_component>
      <object_component id="oc-2a4">
         <name>.debug_info</name>
         <load_address>0xae75</load_address>
         <run_address>0xae75</run_address>
         <size>0x1b3</size>
         <input_file_ref idref="fl-e6"/>
      </object_component>
      <object_component id="oc-2aa">
         <name>.debug_info</name>
         <load_address>0xb028</load_address>
         <run_address>0xb028</run_address>
         <size>0x21b</size>
         <input_file_ref idref="fl-e6"/>
      </object_component>
      <object_component id="oc-1cc">
         <name>.debug_info</name>
         <load_address>0xb243</load_address>
         <run_address>0xb243</run_address>
         <size>0x3c0</size>
         <input_file_ref idref="fl-e6"/>
      </object_component>
      <object_component id="oc-2b0">
         <name>.debug_info</name>
         <load_address>0xb603</load_address>
         <run_address>0xb603</run_address>
         <size>0x30a</size>
         <input_file_ref idref="fl-e6"/>
      </object_component>
      <object_component id="oc-2b6">
         <name>.debug_info</name>
         <load_address>0xb90d</load_address>
         <run_address>0xb90d</run_address>
         <size>0x215</size>
         <input_file_ref idref="fl-e6"/>
      </object_component>
      <object_component id="oc-1d3">
         <name>.debug_info</name>
         <load_address>0xbb22</load_address>
         <run_address>0xbb22</run_address>
         <size>0x215</size>
         <input_file_ref idref="fl-e6"/>
      </object_component>
      <object_component id="oc-1d9">
         <name>.debug_info</name>
         <load_address>0xbd37</load_address>
         <run_address>0xbd37</run_address>
         <size>0x304</size>
         <input_file_ref idref="fl-e6"/>
      </object_component>
      <object_component id="oc-1df">
         <name>.debug_info</name>
         <load_address>0xc03b</load_address>
         <run_address>0xc03b</run_address>
         <size>0x4b5</size>
         <input_file_ref idref="fl-e6"/>
      </object_component>
      <object_component id="oc-147">
         <name>.debug_info</name>
         <load_address>0xc4f0</load_address>
         <run_address>0xc4f0</run_address>
         <size>0x5f4</size>
         <input_file_ref idref="fl-e6"/>
      </object_component>
      <object_component id="oc-1f6">
         <name>.debug_info</name>
         <load_address>0xcae4</load_address>
         <run_address>0xcae4</run_address>
         <size>0x86</size>
         <input_file_ref idref="fl-e6"/>
      </object_component>
      <object_component id="oc-2e4">
         <name>.debug_info</name>
         <load_address>0xcb6a</load_address>
         <run_address>0xcb6a</run_address>
         <size>0x39</size>
         <input_file_ref idref="fl-e6"/>
      </object_component>
      <object_component id="oc-362">
         <name>.debug_info</name>
         <load_address>0xcba3</load_address>
         <run_address>0xcba3</run_address>
         <size>0xb6</size>
         <input_file_ref idref="fl-e6"/>
      </object_component>
      <object_component id="oc-2e9">
         <name>.debug_info</name>
         <load_address>0xcc59</load_address>
         <run_address>0xcc59</run_address>
         <size>0x46</size>
         <input_file_ref idref="fl-e6"/>
      </object_component>
      <object_component id="oc-1fb">
         <name>.debug_info</name>
         <load_address>0xcc9f</load_address>
         <run_address>0xcc9f</run_address>
         <size>0x46</size>
         <input_file_ref idref="fl-e6"/>
      </object_component>
      <object_component id="oc-2df">
         <name>.debug_info</name>
         <load_address>0xcce5</load_address>
         <run_address>0xcce5</run_address>
         <size>0x2c</size>
         <input_file_ref idref="fl-e6"/>
      </object_component>
      <object_component id="oc-30e">
         <name>.debug_info</name>
         <load_address>0xcd11</load_address>
         <run_address>0xcd11</run_address>
         <size>0x383</size>
         <input_file_ref idref="fl-e7"/>
      </object_component>
      <object_component id="oc-217">
         <name>.debug_info</name>
         <load_address>0xd094</load_address>
         <run_address>0xd094</run_address>
         <size>0x1ea</size>
         <input_file_ref idref="fl-e7"/>
      </object_component>
      <object_component id="oc-30c">
         <name>.debug_info</name>
         <load_address>0xd27e</load_address>
         <run_address>0xd27e</run_address>
         <size>0x3fc</size>
         <input_file_ref idref="fl-e8"/>
      </object_component>
      <object_component id="oc-212">
         <name>.debug_info</name>
         <load_address>0xd67a</load_address>
         <run_address>0xd67a</run_address>
         <size>0x2e2</size>
         <input_file_ref idref="fl-e8"/>
      </object_component>
      <object_component id="oc-cd">
         <name>.debug_info</name>
         <load_address>0xd95c</load_address>
         <run_address>0xd95c</run_address>
         <size>0x2c</size>
         <input_file_ref idref="fl-e8"/>
      </object_component>
      <object_component id="oc-374">
         <name>.debug_info</name>
         <load_address>0xd988</load_address>
         <run_address>0xd988</run_address>
         <size>0x300</size>
         <input_file_ref idref="fl-e9"/>
      </object_component>
      <object_component id="oc-2f4">
         <name>.debug_info</name>
         <load_address>0xdc88</load_address>
         <run_address>0xdc88</run_address>
         <size>0x19c</size>
         <input_file_ref idref="fl-e9"/>
      </object_component>
      <object_component id="oc-3af">
         <name>.debug_info</name>
         <load_address>0xde24</load_address>
         <run_address>0xde24</run_address>
         <size>0xbf</size>
         <input_file_ref idref="fl-e9"/>
      </object_component>
      <object_component id="oc-3ae">
         <name>.debug_info</name>
         <load_address>0xdee3</load_address>
         <run_address>0xdee3</run_address>
         <size>0x374</size>
         <input_file_ref idref="fl-ea"/>
      </object_component>
      <object_component id="oc-36e">
         <name>.debug_info</name>
         <load_address>0xe257</load_address>
         <run_address>0xe257</run_address>
         <size>0x20b</size>
         <input_file_ref idref="fl-ea"/>
      </object_component>
      <object_component id="oc-29f">
         <name>.debug_info</name>
         <load_address>0xe462</load_address>
         <run_address>0xe462</run_address>
         <size>0x14c</size>
         <input_file_ref idref="fl-eb"/>
      </object_component>
      <object_component id="oc-1c7">
         <name>.debug_info</name>
         <load_address>0xe5ae</load_address>
         <run_address>0xe5ae</run_address>
         <size>0x128</size>
         <input_file_ref idref="fl-ec"/>
      </object_component>
      <object_component id="oc-289">
         <name>.debug_info</name>
         <load_address>0xe6d6</load_address>
         <run_address>0xe6d6</run_address>
         <size>0x12a</size>
         <input_file_ref idref="fl-ec"/>
      </object_component>
      <object_component id="oc-285">
         <name>.debug_info</name>
         <load_address>0xe800</load_address>
         <run_address>0xe800</run_address>
         <size>0x13a</size>
         <input_file_ref idref="fl-ed"/>
      </object_component>
      <object_component id="oc-27e">
         <name>.debug_info</name>
         <load_address>0xe93a</load_address>
         <run_address>0xe93a</run_address>
         <size>0x13a</size>
         <input_file_ref idref="fl-ee"/>
      </object_component>
      <object_component id="oc-28d">
         <name>.debug_info</name>
         <load_address>0xea74</load_address>
         <run_address>0xea74</run_address>
         <size>0x12e</size>
         <input_file_ref idref="fl-ef"/>
      </object_component>
      <object_component id="oc-299">
         <name>.debug_info</name>
         <load_address>0xeba2</load_address>
         <run_address>0xeba2</run_address>
         <size>0x12c</size>
         <input_file_ref idref="fl-f0"/>
      </object_component>
      <object_component id="oc-41">
         <name>.debug_info</name>
         <load_address>0xecce</load_address>
         <run_address>0xecce</run_address>
         <size>0x119</size>
         <input_file_ref idref="fl-f1"/>
      </object_component>
      <object_component id="oc-97">
         <name>.debug_info</name>
         <load_address>0xede7</load_address>
         <run_address>0xede7</run_address>
         <size>0x147</size>
         <input_file_ref idref="fl-f2"/>
      </object_component>
      <object_component id="oc-279">
         <name>.debug_info</name>
         <load_address>0xef2e</load_address>
         <run_address>0xef2e</run_address>
         <size>0x134</size>
         <input_file_ref idref="fl-f3"/>
      </object_component>
      <object_component id="oc-95">
         <name>.debug_info</name>
         <load_address>0xf062</load_address>
         <run_address>0xf062</run_address>
         <size>0x2d4</size>
         <input_file_ref idref="fl-f4"/>
      </object_component>
      <object_component id="oc-52">
         <name>.debug_info</name>
         <load_address>0xf336</load_address>
         <run_address>0xf336</run_address>
         <size>0x1b5</size>
         <input_file_ref idref="fl-f4"/>
      </object_component>
      <object_component id="oc-90">
         <name>.debug_info</name>
         <load_address>0xf4eb</load_address>
         <run_address>0xf4eb</run_address>
         <size>0x46</size>
         <input_file_ref idref="fl-f4"/>
      </object_component>
      <object_component id="oc-49">
         <name>.debug_info</name>
         <load_address>0xf531</load_address>
         <run_address>0xf531</run_address>
         <size>0x2a8</size>
         <input_file_ref idref="fl-f5"/>
      </object_component>
      <object_component id="oc-1e">
         <name>.debug_info</name>
         <load_address>0xf7d9</load_address>
         <run_address>0xf7d9</run_address>
         <size>0x1ea</size>
         <input_file_ref idref="fl-f5"/>
      </object_component>
      <object_component id="oc-44">
         <name>.debug_info</name>
         <load_address>0xf9c3</load_address>
         <run_address>0xf9c3</run_address>
         <size>0x46</size>
         <input_file_ref idref="fl-f5"/>
      </object_component>
      <object_component id="oc-88">
         <name>.debug_info</name>
         <load_address>0xfa09</load_address>
         <run_address>0xfa09</run_address>
         <size>0x2c</size>
         <input_file_ref idref="fl-f5"/>
      </object_component>
      <object_component id="oc-86">
         <name>.debug_info</name>
         <load_address>0xfa35</load_address>
         <run_address>0xfa35</run_address>
         <size>0x29e</size>
         <input_file_ref idref="fl-f6"/>
      </object_component>
      <object_component id="oc-19">
         <name>.debug_info</name>
         <load_address>0xfcd3</load_address>
         <run_address>0xfcd3</run_address>
         <size>0x250</size>
         <input_file_ref idref="fl-f6"/>
      </object_component>
      <object_component id="oc-34">
         <name>.debug_info</name>
         <load_address>0xff23</load_address>
         <run_address>0xff23</run_address>
         <size>0x60</size>
         <input_file_ref idref="fl-f6"/>
      </object_component>
      <object_component id="oc-c6">
         <name>.debug_info</name>
         <load_address>0xff83</load_address>
         <run_address>0xff83</run_address>
         <size>0x46</size>
         <input_file_ref idref="fl-f6"/>
      </object_component>
      <object_component id="oc-81">
         <name>.debug_info</name>
         <load_address>0xffc9</load_address>
         <run_address>0xffc9</run_address>
         <size>0x39</size>
         <input_file_ref idref="fl-f6"/>
      </object_component>
      <object_component id="oc-168">
         <name>.debug_info</name>
         <load_address>0x10002</load_address>
         <run_address>0x10002</run_address>
         <size>0x3ad</size>
         <input_file_ref idref="fl-f7"/>
      </object_component>
      <object_component id="oc-165">
         <name>.debug_info</name>
         <load_address>0x103af</load_address>
         <run_address>0x103af</run_address>
         <size>0x190</size>
         <input_file_ref idref="fl-f7"/>
      </object_component>
      <object_component id="oc-ed">
         <name>.debug_info</name>
         <load_address>0x1053f</load_address>
         <run_address>0x1053f</run_address>
         <size>0x122</size>
         <input_file_ref idref="fl-f7"/>
      </object_component>
      <object_component id="oc-f0">
         <name>.debug_info</name>
         <load_address>0x10661</load_address>
         <run_address>0x10661</run_address>
         <size>0x184</size>
         <input_file_ref idref="fl-f7"/>
      </object_component>
      <object_component id="oc-208">
         <name>.debug_info</name>
         <load_address>0x107e5</load_address>
         <run_address>0x107e5</run_address>
         <size>0x2c9</size>
         <input_file_ref idref="fl-f8"/>
      </object_component>
      <object_component id="oc-14b">
         <name>.debug_info</name>
         <load_address>0x10aae</load_address>
         <run_address>0x10aae</run_address>
         <size>0x11e</size>
         <input_file_ref idref="fl-f8"/>
      </object_component>
      <object_component id="oc-203">
         <name>.debug_info</name>
         <load_address>0x10bcc</load_address>
         <run_address>0x10bcc</run_address>
         <size>0x12e</size>
         <input_file_ref idref="fl-f8"/>
      </object_component>
      <object_component id="oc-33d">
         <name>.debug_info</name>
[...]
         <name>SysCtlPeripheralDeepSleepDisable</name>
         <value>0x5f5</value>
         <object_component_ref idref="oc-133"/>
      </symbol>
      <symbol id="sm-388">
         <name>SysCtlPeripheralSleepDisable</name>
         <value>0x569</value>
         <object_component_ref idref="oc-133"/>
      </symbol>
      <symbol id="sm-389">
         <name>SysCtlVCOGet</name>
         <value>0x103d</value>
         <object_component_ref idref="oc-133"/>
      </symbol>
      <symbol id="sm-38a">
         <name>SysCtlResetBehaviorSet</name>
         <value>0x80d</value>
         <object_component_ref idref="oc-133"/>
      </symbol>
      <symbol id="sm-38b">
         <name>SysCtlReset</name>
         <value>0x761</value>
         <object_component_ref idref="oc-133"/>
      </symbol>
      <symbol id="sm-38c">
         <name>SysCtlGPIOAHBDisable</name>
         <value>0xfcf</value>
         <object_component_ref idref="oc-133"/>
      </symbol>
      <symbol id="sm-38d">
         <name>SysCtlSRAMSizeGet</name>
         <value>0x2c9</value>
         <object_component_ref idref="oc-133"/>
      </symbol>
      <symbol id="sm-38e">
         <name>SysCtlClockGet</name>
         <value>0xd35</value>
         <object_component_ref idref="oc-133"/>
      </symbol>
      <symbol id="sm-38f">
         <name>SysCtlPeripheralDisable</name>
         <value>0x4e1</value>
         <object_component_ref idref="oc-133"/>
      </symbol>
      <symbol id="sm-390">
         <name>SysCtlPWMClockSet</name>
         <value>0xf83</value>
         <object_component_ref idref="oc-133"/>
      </symbol>
      <symbol id="sm-391">
         <name>SysCtlUSBPLLEnable</name>
         <value>0xfeb</value>
         <object_component_ref idref="oc-133"/>
      </symbol>
      <symbol id="sm-392">
         <name>SysCtlPeripheralSleepEnable</name>
         <value>0x525</value>
         <object_component_ref idref="oc-133"/>
      </symbol>
      <symbol id="sm-393">
         <name>SysCtlIntUnregister</name>
         <value>0x6a9</value>
         <object_component_ref idref="oc-133"/>
      </symbol>
      <symbol id="sm-394">
         <name>SysCtlUSBPLLDisable</name>
         <value>0xff7</value>
         <object_component_ref idref="oc-133"/>
      </symbol>
      <symbol id="sm-395">
         <name>SysCtlPeripheralReady</name>
         <value>0x365</value>
         <object_component_ref idref="oc-133"/>
      </symbol>
      <symbol id="sm-396">
         <name>SysCtlPIOSCCalibrate</name>
         <value>0x7bd</value>
         <object_component_ref idref="oc-133"/>
      </symbol>
      <symbol id="sm-397">
         <name>SysCtlResetCauseClear</name>
         <value>0x793</value>
         <object_component_ref idref="oc-133"/>
      </symbol>
      <symbol id="sm-398">
         <name>SysCtlLDOSleepGet</name>
         <value>0x721</value>
         <object_component_ref idref="oc-133"/>
      </symbol>
      <symbol id="sm-399">
         <name>SysCtlClockFreqSet</name>
         <value>0x86d</value>
         <object_component_ref idref="oc-133"/>
      </symbol>
      <symbol id="sm-39a">
         <name>SysCtlPeripheralReset</name>
         <value>0x41d</value>
         <object_component_ref idref="oc-133"/>
      </symbol>
      <symbol id="sm-3c0">
         <name>setGpioPin</name>
         <value>0x4131</value>
         <object_component_ref idref="oc-dc"/>
      </symbol>
      <symbol id="sm-3c1">
         <name>gpioInit</name>
         <value>0x4125</value>
         <object_component_ref idref="oc-dc"/>
      </symbol>
      <symbol id="sm-3c2">
         <name>readGpioPin</name>
         <value>0x4159</value>
         <object_component_ref idref="oc-dc"/>
      </symbol>
      <symbol id="sm-3ee">
         <name>printf</name>
         <value>0x418d</value>
         <object_component_ref idref="oc-e2"/>
      </symbol>
      <symbol id="sm-558">
         <name>__TI_printfi</name>
         <value>0x1d1d</value>
         <object_component_ref idref="oc-144"/>
      </symbol>
      <symbol id="sm-56d">
         <name>putc</name>
         <value>0x3c81</value>
         <object_component_ref idref="oc-215"/>
      </symbol>
      <symbol id="sm-56e">
         <name>fputc</name>
         <value>0x3c81</value>
         <object_component_ref idref="oc-215"/>
      </symbol>
      <symbol id="sm-591">
         <name>fputs</name>
         <value>0x34bd</value>
         <object_component_ref idref="oc-20e"/>
      </symbol>
      <symbol id="sm-5a9">
         <name>__TI_wrt_ok</name>
         <value>0x42bd</value>
         <object_component_ref idref="oc-2f3"/>
      </symbol>
      <symbol id="sm-5c5">
         <name>setvbuf</name>
         <value>0x39c1</value>
         <object_component_ref idref="oc-36d"/>
      </symbol>
      <symbol id="sm-5dc">
         <name>__aeabi_dsub</name>
         <value>0x2f6d</value>
         <object_component_ref idref="oc-29c"/>
      </symbol>
      <symbol id="sm-5dd">
         <name>__aeabi_dadd</name>
         <value>0x2f77</value>
         <object_component_ref idref="oc-29c"/>
      </symbol>
      <symbol id="sm-5ff">
         <name>__aeabi_cdcmpeq</name>
         <value>0x3d0d</value>
         <object_component_ref idref="oc-1c5"/>
      </symbol>
      <symbol id="sm-600">
         <name>__aeabi_cdcmple</name>
         <value>0x3d0d</value>
         <object_component_ref idref="oc-1c5"/>
      </symbol>
      <symbol id="sm-601">
         <name>__aeabi_cdrcmple</name>
         <value>0x3d93</value>
         <object_component_ref idref="oc-287"/>
      </symbol>
      <symbol id="sm-615">
         <name>__aeabi_ddiv</name>
         <value>0x3261</value>
         <object_component_ref idref="oc-282"/>
      </symbol>
      <symbol id="sm-620">
         <name>__aeabi_dmul</name>
         <value>0x37e1</value>
         <object_component_ref idref="oc-27d"/>
      </symbol>
      <symbol id="sm-62a">
         <name>__aeabi_d2iz</name>
         <value>0x46b9</value>
         <object_component_ref idref="oc-28c"/>
      </symbol>
      <symbol id="sm-634">
         <name>__aeabi_i2d</name>
         <value>0x49c9</value>
         <object_component_ref idref="oc-297"/>
      </symbol>
      <symbol id="sm-64f">
         <name>memcpy</name>
         <value>0x3b4f</value>
         <object_component_ref idref="oc-3e"/>
      </symbol>
      <symbol id="sm-650">
         <name>__aeabi_memcpy</name>
         <value>0x3b4f</value>
         <object_component_ref idref="oc-3e"/>
      </symbol>
      <symbol id="sm-651">
         <name>__aeabi_memcpy8</name>
         <value>0x3b4f</value>
         <object_component_ref idref="oc-3e"/>
      </symbol>
      <symbol id="sm-652">
         <name>__aeabi_memcpy4</name>
         <value>0x3b4f</value>
         <object_component_ref idref="oc-3e"/>
      </symbol>
      <symbol id="sm-661">
         <name>__aeabi_memset</name>
         <value>0x3e1b</value>
         <object_component_ref idref="oc-96"/>
      </symbol>
      <symbol id="sm-662">
         <name>memset</name>
         <value>0x3e21</value>
         <object_component_ref idref="oc-96"/>
      </symbol>
      <symbol id="sm-663">
         <name>__aeabi_memset8</name>
         <value>0x3e1b</value>
         <object_component_ref idref="oc-96"/>
      </symbol>
      <symbol id="sm-664">
         <name>__aeabi_memset4</name>
         <value>0x3e1b</value>
         <object_component_ref idref="oc-96"/>
      </symbol>
      <symbol id="sm-665">
         <name>__aeabi_memclr8</name>
         <value>0x3e19</value>
         <object_component_ref idref="oc-96"/>
      </symbol>
      <symbol id="sm-666">
         <name>__aeabi_memclr4</name>
         <value>0x3e19</value>
         <object_component_ref idref="oc-96"/>
      </symbol>
      <symbol id="sm-667">
         <name>__aeabi_memclr</name>
         <value>0x3e19</value>
         <object_component_ref idref="oc-96"/>
      </symbol>
      <symbol id="sm-674">
         <name>__aeabi_uldivmod</name>
         <value>0x3beb</value>
         <object_component_ref idref="oc-276"/>
      </symbol>
      <symbol id="sm-686">
         <name>__TI_zero_init</name>
         <value>0x4ba9</value>
         <object_component_ref idref="oc-50"/>
      </symbol>
      <symbol id="sm-69d">
         <name>__TI_decompress_none</name>
         <value>0x4b9b</value>
         <object_component_ref idref="oc-1b"/>
      </symbol>
      <symbol id="sm-6c0">
         <name>__TI_decompress_lzss</name>
         <value>0x40bd</value>
         <object_component_ref idref="oc-15"/>
      </symbol>
      <symbol id="sm-6e6">
         <name>C$$EXIT</name>
         <value>0x4be3</value>
         <object_component_ref idref="oc-e9"/>
      </symbol>
      <symbol id="sm-6e7">
         <name>abort</name>
         <value>0x4be3</value>
         <object_component_ref idref="oc-e9"/>
      </symbol>
      <symbol id="sm-6e8">
         <name>__TI_dtors_ptr</name>
         <value>0x2000063c</value>
         <object_component_ref idref="oc-164"/>
      </symbol>
      <symbol id="sm-6e9">
         <name>__TI_cleanup_ptr</name>
         <value>0x20000638</value>
         <object_component_ref idref="oc-164"/>
      </symbol>
      <symbol id="sm-6ea">
         <name>__TI_enable_exit_profile_output</name>
         <value>0x20000640</value>
         <object_component_ref idref="oc-164"/>
      </symbol>
      <symbol id="sm-6eb">
         <name>exit</name>
         <value>0x4671</value>
         <object_component_ref idref="oc-ef"/>
      </symbol>
      <symbol id="sm-700">
         <name>_nop</name>
         <value>0x276b</value>
         <object_component_ref idref="oc-200"/>
      </symbol>
      <symbol id="sm-701">
         <name>_lock</name>
         <value>0x20000644</value>
         <object_component_ref idref="oc-14a"/>
      </symbol>
      <symbol id="sm-702">
         <name>_unlock</name>
         <value>0x20000648</value>
         <object_component_ref idref="oc-14a"/>
      </symbol>
      <symbol id="sm-711">
         <name>__TI_ltoa</name>
         <value>0x44e3</value>
         <object_component_ref idref="oc-291"/>
      </symbol>
      <symbol id="sm-727">
         <name>atoi</name>
         <value>0x4625</value>
         <object_component_ref idref="oc-1b9"/>
      </symbol>
      <symbol id="sm-732">
         <name>_ctypes_</name>
         <value>0x4d98</value>
         <object_component_ref idref="oc-271"/>
      </symbol>
      <symbol id="sm-747">
         <name>__TI_tmpnams</name>
         <value>0x20000780</value>
      </symbol>
      <symbol id="sm-748">
         <name>__aeabi_stdout</name>
         <value>0x20000630</value>
         <object_component_ref idref="oc-3ea"/>
      </symbol>
      <symbol id="sm-749">
         <name>__aeabi_stderr</name>
         <value>0x20000634</value>
         <object_component_ref idref="oc-3ea"/>
      </symbol>
      <symbol id="sm-74a">
         <name>__aeabi_stdin</name>
         <value>0x2000062c</value>
         <object_component_ref idref="oc-3ea"/>
      </symbol>
      <symbol id="sm-74b">
         <name>_ftable</name>
         <value>0x20000470</value>
         <object_component_ref idref="oc-14d"/>
      </symbol>
      <symbol id="sm-74c">
         <name>__TI_ft_end</name>
         <value>0x20000628</value>
         <object_component_ref idref="oc-3ea"/>
      </symbol>
      <symbol id="sm-75c">
         <name>memccpy</name>
         <value>0x4afd</value>
         <object_component_ref idref="oc-1e2"/>
      </symbol>
      <symbol id="sm-76c">
         <name>memchr</name>
         <value>0x4abf</value>
         <object_component_ref idref="oc-2f9"/>
      </symbol>
      <symbol id="sm-7f5">
         <name>_sys_memory</name>
         <value>0x20000828</value>
         <object_component_ref idref="oc-24"/>
      </symbol>
      <symbol id="sm-7f6">
         <name>free</name>
         <value>0x38dd</value>
         <object_component_ref idref="oc-39b"/>
      </symbol>
      <symbol id="sm-7f7">
         <name>memalign</name>
         <value>0x36e1</value>
         <object_component_ref idref="oc-3dd"/>
      </symbol>
      <symbol id="sm-7f8">
         <name>malloc</name>
         <value>0x4bc9</value>
         <object_component_ref idref="oc-3a1"/>
      </symbol>
      <symbol id="sm-7f9">
         <name>aligned_alloc</name>
         <value>0x36e1</value>
         <object_component_ref idref="oc-3dd"/>
      </symbol>
      <symbol id="sm-809">
         <name>strchr</name>
         <value>0x4b4b</value>
         <object_component_ref idref="oc-2c8"/>
      </symbol>
      <symbol id="sm-817">
         <name>strlen</name>
         <value>0x4b75</value>
         <object_component_ref idref="oc-1b3"/>
      </symbol>
      <symbol id="sm-82a">
         <name>__stack</name>
         <value>0x20000270</value>
         <object_component_ref idref="oc-27"/>
      </symbol>
      <symbol id="sm-82b">
         <name>_c_int00_noargs</name>
         <value>0x4965</value>
         <object_component_ref idref="oc-5c"/>
      </symbol>
      <symbol id="sm-845">
         <name>write</name>
         <value>0x4a75</value>
         <object_component_ref idref="oc-305"/>
      </symbol>
      <symbol id="sm-856">
         <name>_stream</name>
         <value>0x200005d8</value>
         <object_component_ref idref="oc-379"/>
      </symbol>
      <symbol id="sm-857">
         <name>_device</name>
         <value>0x20000560</value>
         <object_component_ref idref="oc-3ba"/>
      </symbol>
      <symbol id="sm-86d">
         <name>__aeabi_errno_addr</name>
         <value>0x4bc1</value>
         <object_component_ref idref="oc-1ee"/>
      </symbol>
      <symbol id="sm-86e">
         <name>errno</name>
         <value>0x2000065c</value>
         <object_component_ref idref="oc-2d8"/>
      </symbol>
      <symbol id="sm-887">
         <name>wcslen</name>
         <value>0x4b89</value>
         <object_component_ref idref="oc-1e8"/>
      </symbol>
      <symbol id="sm-8a7">
         <name>frexpl</name>
         <value>0x41f5</value>
         <object_component_ref idref="oc-2bc"/>
      </symbol>
      <symbol id="sm-8a8">
         <name>frexp</name>
         <value>0x41f5</value>
         <object_component_ref idref="oc-2bc"/>
      </symbol>
      <symbol id="sm-8c5">
         <name>scalbn</name>
         <value>0x35d1</value>
         <object_component_ref idref="oc-2c2"/>
      </symbol>
      <symbol id="sm-8c6">
         <name>scalbnl</name>
         <value>0x35d1</value>
         <object_component_ref idref="oc-2c2"/>
      </symbol>
      <symbol id="sm-8c7">
         <name>ldexpl</name>
         <value>0x35d1</value>
         <object_component_ref idref="oc-2c2"/>
      </symbol>
      <symbol id="sm-8c8">
         <name>ldexp</name>
         <value>0x35d1</value>
         <object_component_ref idref="oc-2c2"/>
      </symbol>
      <symbol id="sm-8d8">
         <name>__TI_doflush</name>
         <value>0x45d9</value>
         <object_component_ref idref="oc-2ff"/>
      </symbol>
      <symbol id="sm-8e8">
         <name>__TI_cleanup</name>
         <value>0x48fd</value>
         <object_component_ref idref="oc-3a7"/>
      </symbol>
      <symbol id="sm-8fa">
         <name>fseek</name>
         <value>0x4259</value>
         <object_component_ref idref="oc-367"/>
      </symbol>
      <symbol id="sm-904">
         <name>__aeabi_idiv0</name>
         <value>0x3123</value>
         <object_component_ref idref="oc-332"/>
      </symbol>
      <symbol id="sm-905">
         <name>__aeabi_ldiv0</name>
         <value>0x3123</value>
         <object_component_ref idref="oc-332"/>
      </symbol>
      <symbol id="sm-92d">
         <name>__TI_auto_init_nobinit_nopinit</name>
         <value>0x4789</value>
         <object_component_ref idref="oc-f5"/>
      </symbol>
      <symbol id="sm-937">
         <name>_system_pre_init</name>
         <value>0x4bdf</value>
         <object_component_ref idref="oc-9c"/>
      </symbol>
      <symbol id="sm-94a">
         <name>HOSTclose</name>
         <value>0x4701</value>
         <object_component_ref idref="oc-3f6"/>
      </symbol>
      <symbol id="sm-95b">
         <name>HOSTlseek</name>
         <value>0x4055</value>
         <object_component_ref idref="oc-408"/>
      </symbol>
      <symbol id="sm-96d">
         <name>parmbuf</name>
         <value>0x20000820</value>
      </symbol>
      <symbol id="sm-96e">
         <name>HOSTopen</name>
         <value>0x4321</value>
         <object_component_ref idref="oc-3f0"/>
      </symbol>
      <symbol id="sm-97f">
         <name>HOSTread</name>
         <value>0x43dd</value>
         <object_component_ref idref="oc-3fc"/>
      </symbol>
      <symbol id="sm-990">
         <name>HOSTrename</name>
         <value>0x3fe9</value>
         <object_component_ref idref="oc-414"/>
      </symbol>
      <symbol id="sm-9a1">
         <name>HOSTunlink</name>
         <value>0x4745</value>
         <object_component_ref idref="oc-40e"/>
      </symbol>
      <symbol id="sm-9b2">
         <name>HOSTwrite</name>
         <value>0x4435</value>
         <object_component_ref idref="oc-402"/>
      </symbol>
      <symbol id="sm-9d6">
         <name>__TI_readmsg</name>
         <value>0x4931</value>
         <object_component_ref idref="oc-443"/>
      </symbol>
      <symbol id="sm-9d7">
         <name>C$$IO$$</name>
         <value>0x48bb</value>
         <object_component_ref idref="oc-43d"/>
      </symbol>
      <symbol id="sm-9d8">
         <name>__CIOBUF_</name>
         <value>0x20000660</value>
         <object_component_ref idref="oc-46e"/>
      </symbol>
      <symbol id="sm-9d9">
         <name>__TI_writemsg</name>
         <value>0x488d</value>
         <object_component_ref idref="oc-43d"/>
      </symbol>
      <symbol id="sm-9ea">
         <name>lseek</name>
         <value>0x4a4d</value>
         <object_component_ref idref="oc-393"/>
      </symbol>
      <symbol id="sm-9f4">
         <name>copysign</name>
         <value>0x4b19</value>
         <object_component_ref idref="oc-34b"/>
      </symbol>
      <symbol id="sm-9f5">
         <name>copysignl</name>
         <value>0x4b19</value>
         <object_component_ref idref="oc-34b"/>
      </symbol>
      <symbol id="sm-a0a">
         <name>__TI_closefile</name>
         <value>0x3e95</value>
         <object_component_ref idref="oc-3e4"/>
      </symbol>
      <symbol id="sm-a2d">
         <name>finddevice</name>
         <value>0x4999</value>
         <object_component_ref idref="oc-48c"/>
      </symbol>
      <symbol id="sm-a2e">
         <name>getdevice</name>
         <value>0x47cd</value>
         <object_component_ref idref="oc-464"/>
      </symbol>
      <symbol id="sm-a3d">
         <name>strcmp</name>
         <value>0x4b33</value>
         <object_component_ref idref="oc-4a3"/>
      </symbol>
      <symbol id="sm-a4b">
         <name>strcpy</name>
         <value>0x4b61</value>
         <object_component_ref idref="oc-457"/>
      </symbol>
      <symbol id="sm-a5b">
         <name>strncpy</name>
         <value>0x48c5</value>
         <object_component_ref idref="oc-486"/>
      </symbol>
      <symbol id="sm-a70">
         <name>close</name>
         <value>0x4381</value>
         <object_component_ref idref="oc-42c"/>
      </symbol>
      <symbol id="sm-a80">
         <name>unlink</name>
         <value>0x49f9</value>
         <object_component_ref idref="oc-432"/>
      </symbol>
      <symbol id="sm-a81">
         <name>__TI_static_base__</name>
         <value>0x0</value>
      </symbol>
      <symbol id="sm-a84">
         <name>__mpu_init</name>
         <value>0x0</value>
      </symbol>
      <symbol id="sm-a85">
         <name>_system_post_cinit</name>
         <value>0x0</value>
      </symbol>
      <symbol id="sm-a86">
         <name>remove</name>
         <value>0x49f9</value>
      </symbol>
   </symbol_table>
   <title>Link successful</title>
</link_info>
