******************************************************************************
                  TI ARM Linker PC v20.2.7                     
******************************************************************************
>> Linked Sat Dec 14 20:29:15 2024

OUTPUT FILE NAME:   <SampleProject.out>
ENTRY POINT SYMBOL: "_c_int00_noargs"  address: 00004965


MEMORY CONFIGURATION

         name            origin    length      used     unused   attr    fill
----------------------  --------  ---------  --------  --------  ----  --------
  FLASH                 00000000   00100000  0000531a  000face6  R  X
  SRAM                  20000000   00040000  00000834  0003f7cc  RW X


SEGMENT ALLOCATION MAP

run origin  load origin   length   init length attrs members
----------  ----------- ---------- ----------- ----- -------
00000000    00000000    00005320   00005320    r-x
  00000000    00000000    00000208   00000208    r-- .intvecs
  00000208    00000208    000049de   000049de    r-x .text
  00004be8    00004be8    0000068c   0000068c    r-- .const
  00005278    00005278    000000a8   000000a8    r-- .cinit
20000000    20000000    00000838   00000000    rw-
  20000000    20000000    0000026c   00000000    rw- .vtable
  20000270    20000270    00000200   00000000    rw- .stack
  20000470    20000470    000001f0   00000000    rw- .data
  20000660    20000660    000001c8   00000000    rw- .bss
  20000828    20000828    00000010   00000000    rw- .sysmem


SECTION ALLOCATION MAP

 output                                  attributes/
section   page    origin      length       input sections
--------  ----  ----------  ----------   ----------------
.intvecs   0    00000000    00000208     
                  00000000    00000208     tm4c1294ncpdt_startup_ccs.obj (.intvecs)

.text      0    00000208    000049de     
                  00000208    00000f80     sysctl.obj (.text)
                  00001188    00000b94     gpio.obj (.text)
                  00001d1c    00000a4e     rtsv7M4_T_le_v4SPD16_eabi.lib : _printfi.c.obj (.text:__TI_printfi)
                  0000276a    00000002                                   : _lock.c.obj (.text:_nop)
                  0000276c    000003c0     interrupt.obj (.text)
                  00002b2c    00000270     rtsv7M4_T_le_v4SPD16_eabi.lib : _printfi.c.obj (.text:_pconv_a)
                  00002d9c    000001d0                                   : _printfi.c.obj (.text:_pconv_g)
                  00002f6c    000001b6                                   : fd_add_t2.asm.obj (.text)
                  00003122    00000002                                   : div0.asm.obj (.text)
                  00003124    0000013c                                   : _printfi.c.obj (.text:_pconv_e)
                  00003260    00000136                                   : fd_div_t2.asm.obj (.text)
                  00003396    00000002     --HOLE-- [fill = 0]
                  00003398    00000124                                   : _printfi.c.obj (.text:fcvt)
                  000034bc    00000114                                   : fputs.c.obj (.text:fputs)
                  000035d0    00000110                                   : s_scalbn.c.obj (.text:scalbn)
                  000036e0    00000100                                   : memory.c.obj (.text:aligned_alloc)
                  000037e0    000000fc                                   : fd_mul_t2.asm.obj (.text)
                  000038dc    000000e4                                   : memory.c.obj (.text:free)
                  000039c0    000000dc                                   : setvbuf.c.obj (.text:setvbuf)
                  00003a9c    000000b1                                   : _printfi.c.obj (.text:_ltostr)
                  00003b4d    00000001     --HOLE-- [fill = 0]
                  00003b4e    0000009c                                   : memcpy_t2.asm.obj (.text)
                  00003bea    00000096                                   : ull_div_t2.asm.obj (.text)
                  00003c80    0000008c                                   : fputc.c.obj (.text:fputc)
                  00003d0c    00000086                                   : fd_cmp_t2.asm.obj (.text:__aeabi_cdcmple)
                  00003d92    00000086                                   : fd_cmp_t2.asm.obj (.text:__aeabi_cdrcmple)
                  00003e18    0000007a                                   : memset_t2.asm.obj (.text)
                  00003e92    00000002     --HOLE-- [fill = 0]
                  00003e94    00000074                                   : fclose.c.obj (.text:__TI_closefile)
                  00003f08    00000070                                   : memory.c.obj (.text:split)
                  00003f78    0000006e                                   : _printfi.c.obj (.text:_mcpy)
                  00003fe6    00000002     --HOLE-- [fill = 0]
                  00003fe8    0000006c                                   : hostrename.c.obj (.text:HOSTrename)
                  00004054    00000068                                   : hostlseek.c.obj (.text:HOSTlseek)
                  000040bc    00000068                                   : copy_decompress_lzss.c.obj (.text:decompress:lzss:__TI_decompress_lzss)
                  00004124    00000068     hal_gpio.obj (.text)
                  0000418c    00000068     rtsv7M4_T_le_v4SPD16_eabi.lib : printf.c.obj (.text:printf)
                  000041f4    00000064                                   : s_frexp.c.obj (.text:frexp)
                  00004258    00000064                                   : fseek.c.obj (.text:fseek)
                  000042bc    00000062                                   : _io_perm.c.obj (.text:__TI_wrt_ok)
                  0000431e    00000002     --HOLE-- [fill = 0]
                  00004320    00000060                                   : hostopen.c.obj (.text:HOSTopen)
                  00004380    0000005c                                   : close.c.obj (.text:close)
                  000043dc    00000058                                   : hostread.c.obj (.text:HOSTread)
                  00004434    00000058                                   : hostwrite.c.obj (.text:HOSTwrite)
                  0000448c    00000056                                   : _printfi.c.obj (.text:_pconv_f)
                  000044e2    00000054                                   : _ltoa.c.obj (.text:__TI_ltoa)
                  00004536    00000052                                   : _printfi.c.obj (.text:_ecpy)
                  00004588    00000050     pinout.obj (.text)
                  000045d8    0000004c     rtsv7M4_T_le_v4SPD16_eabi.lib : fflush.c.obj (.text:__TI_doflush)
                  00004624    0000004c                                   : atoi.c.obj (.text:atoi)
                  00004670    00000048                                   : exit.c.obj (.text:exit)
                  000046b8    00000048                                   : fd_toi_t2.asm.obj (.text)
                  00004700    00000044                                   : hostclose.c.obj (.text:HOSTclose)
                  00004744    00000044                                   : hostunlink.c.obj (.text:HOSTunlink)
                  00004788    00000044                                   : autoinit.c.obj (.text:__TI_auto_init_nobinit_nopinit:__TI_auto_init_nobinit_nopinit)
                  000047cc    00000044                                   : getdevice.c.obj (.text:getdevice)
                  00004810    0000003e                                   : _printfi.c.obj (.text:_fcpy)
                  0000484e    0000003e     cpu.obj (.text)
                  0000488c    00000038     rtsv7M4_T_le_v4SPD16_eabi.lib : trgmsg.c.obj (.text:__TI_writemsg)
                  000048c4    00000036                                   : strncpy.c.obj (.text:strncpy)
                  000048fa    00000002     --HOLE-- [fill = 0]
                  000048fc    00000034                                   : fopen.c.obj (.text:__TI_cleanup)
                  00004930    00000034                                   : trgmsg.c.obj (.text:__TI_readmsg)
                  00004964    00000034                                   : boot_cortex_m.c.obj (.text:_c_int00_noargs:_c_int00_noargs)
                  00004998    00000030                                   : getdevice.c.obj (.text:finddevice)
                  000049c8    0000002e                                   : i_tofd_t2.asm.obj (.text)
                  000049f6    00000002     --HOLE-- [fill = 0]
                  000049f8    0000002c                                   : unlink.c.obj (.text:unlink)
                  00004a24    00000028                                   : memory.c.obj (.text:free_list_insert)
                  00004a4c    00000028                                   : lseek.c.obj (.text:lseek)
                  00004a74    00000028                                   : write.c.obj (.text:write)
                  00004a9c    00000022     main.obj (.text)
                  00004abe    00000020     rtsv7M4_T_le_v4SPD16_eabi.lib : memchr.c.obj (.text:memchr)
                  00004ade    00000002     --HOLE-- [fill = 0]
                  00004ae0    0000001c                                   : memory.c.obj (.text:free_list_remove)
                  00004afc    0000001c                                   : memccpy.c.obj (.text:memccpy)
                  00004b18    0000001a                                   : s_copysign.c.obj (.text:copysign)
                  00004b32    00000018                                   : strcmp.c.obj (.text:strcmp)
                  00004b4a    00000016                                   : strchr.c.obj (.text:strchr)
                  00004b60    00000014                                   : strcpy.c.obj (.text:strcpy)
                  00004b74    00000014                                   : strlen.c.obj (.text:strlen)
                  00004b88    00000012                                   : wcslen.c.obj (.text:wcslen)
                  00004b9a    0000000e                                   : copy_decompress_none.c.obj (.text:decompress:none:__TI_decompress_none)
                  00004ba8    0000000c                                   : copy_zero_init.c.obj (.text:decompress:ZI:__TI_zero_init)
                  00004bb4    0000000c     tm4c1294ncpdt_startup_ccs.obj (.text)
                  00004bc0    00000008     rtsv7M4_T_le_v4SPD16_eabi.lib : errno.c.obj (.text:__aeabi_errno_addr)
                  00004bc8    00000008                                   : memory.c.obj (.text:malloc)
                  00004bd0    00000006     sysctl.obj (.text:SysCtlDelay)
                  00004bd6    00000004     rtsv7M4_T_le_v4SPD16_eabi.lib : printf.c.obj (.text:_outc)
                  00004bda    00000004                                   : printf.c.obj (.text:_outs)
                  00004bde    00000004                                   : pre_init.c.obj (.text:_system_pre_init)
                  00004be2    00000004                                   : exit.c.obj (.text:abort:abort)

.const     0    00004be8    0000068c     
                  00004be8    000001b0     sysctl.obj (.const:g_pppui32XTALtoVCO)
                  00004d98    00000101     rtsv7M4_T_le_v4SPD16_eabi.lib : ctype.c.obj (.const:.string:_ctypes_)
                  00004e99    00000003     --HOLE-- [fill = 0]
                  00004e9c    000000d8     gpio.obj (.const:g_ppui32GPIOIntMapSnowflake)
                  00004f74    000000c0     gpio.obj (.const:g_ppui32GPIOIntMapBlizzard)
                  00005034    0000009c     interrupt.obj (.const:g_pui32Regs)
                  000050d0    00000090     gpio.obj (.const:g_pui32GPIOBaseAddrs)
                  00005160    0000006c     sysctl.obj (.const:g_pui32Xtals)
                  000051cc    00000030     sysctl.obj (.const:g_sXTALtoMEMTIM)
                  000051fc    00000020     interrupt.obj (.const:g_pui32Priority)
                  0000521c    00000014     interrupt.obj (.const:g_pui32Dii16Regs)
                  00005230    00000014     interrupt.obj (.const:g_pui32EnRegs)
                  00005244    00000014     interrupt.obj (.const:g_pui32PendRegs)
                  00005258    00000014     interrupt.obj (.const:g_pui32UnpendRegs)
                  0000526c    00000008     sysctl.obj (.const:g_pui32VCOFrequencies)

.cinit     0    00005278    000000a8     
                  00005278    0000006e     (.cinit..data.load) [load image, compression = lzss]
                  000052e6    00000002     --HOLE-- [fill = 0]
                  000052e8    0000000c     (__TI_handler_table)
                  000052f4    00000004     --HOLE-- [fill = 0]
                  000052f8    00000008     (.cinit..bss.load) [load image, compression = zero_init]
                  00005300    00000008     (.cinit..vtable.load) [load image, compression = zero_init]
                  00005308    00000018     (__TI_cinit_table)

.init_array 
*          0    00000000    00000000     UNINITIALIZED

.vtable    0    20000000    0000026c     UNINITIALIZED
                  20000000    0000026c     interrupt.obj (.vtable)

.stack     0    20000270    00000200     UNINITIALIZED
                  20000270    00000004     rtsv7M4_T_le_v4SPD16_eabi.lib : boot_cortex_m.c.obj (.stack)
                  20000274    000001fc     --HOLE--

.data      0    20000470    000001f0     UNINITIALIZED
                  20000470    000000f0     rtsv7M4_T_le_v4SPD16_eabi.lib : defs.c.obj (.data:_ftable)
                  20000560    00000078                                   : host_device.c.obj (.data:_device)
                  200005d8    00000050                                   : host_device.c.obj (.data:_stream)
                  20000628    00000010                                   : defs.c.obj (.data)
                  20000638    0000000c                                   : exit.c.obj (.data:$O1$$)
                  20000644    00000008                                   : _lock.c.obj (.data:$O1$$)
                  2000064c    00000008                                   : memory.c.obj (.data:$O1$$)
                  20000654    00000008     hal_gpio.obj (.data:gpioPinMap)
                  2000065c    00000004     rtsv7M4_T_le_v4SPD16_eabi.lib : errno.c.obj (.data)

.bss       0    20000660    000001c8     UNINITIALIZED
                  20000660    00000120     rtsv7M4_T_le_v4SPD16_eabi.lib : trgmsg.c.obj (.bss:_CIOBUF_)
                  20000780    000000a0     (.common:__TI_tmpnams)
                  20000820    00000008     (.common:parmbuf)

.sysmem    0    20000828    00000010     UNINITIALIZED
                  20000828    00000010     rtsv7M4_T_le_v4SPD16_eabi.lib : memory.c.obj (.sysmem)

__llvm_prf_cnts 
*          0    20000000    00000000     UNINITIALIZED

MODULE SUMMARY

       Module                          code    ro data   rw data
       ------                          ----    -------   -------
    .\
       tm4c1294ncpdt_startup_ccs.obj   12      520       0      
       main.obj                        34      0         0      
    +--+-------------------------------+-------+---------+---------+
       Total:                          46      520       0      
                                                                
    .\Drivers\
       sysctl.obj                      3974    596       0      
       gpio.obj                        2964    552       0      
       interrupt.obj                   960     268       620    
       cpu.obj                         62      0         0      
    +--+-------------------------------+-------+---------+---------+
       Total:                          7960    1416      620    
                                                                
    .\HAL\GPIO\
       hal_gpio.obj                    104     0         8      
    +--+-------------------------------+-------+---------+---------+
       Total:                          104     0         8      
                                                                
    .\syscfg\
       pinout.obj                      80      0         0      
    +--+-------------------------------+-------+---------+---------+
       Total:                          80      0         0      
                                                                
    C:\ti\ccs1281\ccs\tools\compiler\ti-cgt-arm_20.2.7.LTS\lib\rtsv7M4_T_le_v4SPD16_eabi.lib
       _printfi.c.obj                  4851    0         0      
       memory.c.obj                    672     0         8      
       fd_add_t2.asm.obj               438     0         0      
       defs.c.obj                      0       0         416    
       trgmsg.c.obj                    108     0         288    
       fd_div_t2.asm.obj               310     0         0      
       fputs.c.obj                     276     0         0      
       s_scalbn.c.obj                  272     0         0      
       fd_cmp_t2.asm.obj               268     0         0      
       ctype.c.obj                     0       257       0      
       fd_mul_t2.asm.obj               252     0         0      
       setvbuf.c.obj                   220     0         0      
       host_device.c.obj               0       0         200    
       memcpy_t2.asm.obj               156     0         0      
       ull_div_t2.asm.obj              150     0         0      
       fputc.c.obj                     140     0         0      
       memset_t2.asm.obj               122     0         0      
       fclose.c.obj                    116     0         0      
       getdevice.c.obj                 116     0         0      
       printf.c.obj                    112     0         0      
       hostrename.c.obj                108     0         0      
       copy_decompress_lzss.c.obj      104     0         0      
       hostlseek.c.obj                 104     0         0      
       hostopen.c.obj                  96      0         8      
       fseek.c.obj                     100     0         0      
       s_frexp.c.obj                   100     0         0      
       _io_perm.c.obj                  98      0         0      
       close.c.obj                     92      0         0      
       exit.c.obj                      76      0         12     
       hostread.c.obj                  88      0         0      
       hostwrite.c.obj                 88      0         0      
       _ltoa.c.obj                     84      0         0      
       atoi.c.obj                      76      0         0      
       fflush.c.obj                    76      0         0      
       fd_toi_t2.asm.obj               72      0         0      
       autoinit.c.obj                  68      0         0      
       hostclose.c.obj                 68      0         0      
       hostunlink.c.obj                68      0         0      
       strncpy.c.obj                   54      0         0      
       boot_cortex_m.c.obj             52      0         0      
       fopen.c.obj                     52      0         0      
       i_tofd_t2.asm.obj               46      0         0      
       unlink.c.obj                    44      0         0      
       lseek.c.obj                     40      0         0      
       write.c.obj                     40      0         0      
       memchr.c.obj                    32      0         0      
       memccpy.c.obj                   28      0         0      
       s_copysign.c.obj                26      0         0      
       strcmp.c.obj                    24      0         0      
       strchr.c.obj                    22      0         0      
       strcpy.c.obj                    20      0         0      
       strlen.c.obj                    20      0         0      
       wcslen.c.obj                    18      0         0      
       copy_decompress_none.c.obj      14      0         0      
       copy_zero_init.c.obj            12      0         0      
       errno.c.obj                     8       0         4      
       _lock.c.obj                     2       0         8      
       pre_init.c.obj                  4       0         0      
       div0.asm.obj                    2       0         0      
    +--+-------------------------------+-------+---------+---------+
       Total:                          10705   257       944    
                                                                
       Heap:                           0       0         16     
       Stack:                          0       0         512    
       Linker Generated:               0       162       0      
    +--+-------------------------------+-------+---------+---------+
       Grand Total:                    18895   2355      2100   


LINKER GENERATED COPY TABLES

__TI_cinit_table @ 00005308 records: 3, size/record: 8, table size: 24
	.data: load addr=00005278, load size=0000006e bytes, run addr=20000470, run size=000001f0 bytes, compression=lzss
	.bss: load addr=000052f8, load size=00000008 bytes, run addr=20000660, run size=000001c8 bytes, compression=zero_init
	.vtable: load addr=00005300, load size=00000008 bytes, run addr=20000000, run size=0000026c bytes, compression=zero_init


LINKER GENERATED HANDLER TABLE

__TI_handler_table @ 000052e8 records: 3, size/record: 4, table size: 12
	index: 0, handler: __TI_zero_init
	index: 1, handler: __TI_decompress_lzss
	index: 2, handler: __TI_decompress_none


GLOBAL SYMBOLS: SORTED ALPHABETICALLY BY Name 

address   name                            
-------   ----                            
00004be3  C$$EXIT                         
000048bb  C$$IO$$                         
00004883  CPUbasepriGet                   
00004875  CPUbasepriSet                   
0000484f  CPUcpsid                        
00004865  CPUcpsie                        
0000485b  CPUprimask                      
00004871  CPUwfi                          
00001cf5  GPIOADCTriggerDisable           
00001cd7  GPIOADCTriggerEnable            
00001cb9  GPIODMATriggerDisable           
00001c9b  GPIODMATriggerEnable            
00001243  GPIODirModeGet                  
000011e7  GPIODirModeSet                  
000017ab  GPIOIntClear                    
0000176f  GPIOIntDisable                  
00001755  GPIOIntEnable                   
000017bf  GPIOIntRegister                 
000017f7  GPIOIntRegisterPin              
00001789  GPIOIntStatus                   
00001333  GPIOIntTypeGet                  
0000128f  GPIOIntTypeSet                  
000017dd  GPIOIntUnregister               
00001825  GPIOIntUnregisterPin            
00001603  GPIOPadConfigGet                
000013c9  GPIOPadConfigSet                
00001c3d  GPIOPinConfigure                
00001849  GPIOPinRead                     
00001881  GPIOPinTypeADC                  
000018a5  GPIOPinTypeCAN                  
000018c9  GPIOPinTypeComparator           
000018ed  GPIOPinTypeComparatorOutput     
00001911  GPIOPinTypeDIVSCLK              
00001935  GPIOPinTypeEPI                  
00001959  GPIOPinTypeEthernetLED          
0000197d  GPIOPinTypeEthernetMII          
000019a1  GPIOPinTypeGPIOInput            
000019c5  GPIOPinTypeGPIOOutput           
000019e9  GPIOPinTypeGPIOOutputOD         
00001a0d  GPIOPinTypeHibernateRTCCLK      
00001a31  GPIOPinTypeI2C                  
00001a55  GPIOPinTypeI2CSCL               
00001a79  GPIOPinTypeLCD                  
00001a9d  GPIOPinTypeOneWire              
00001ac1  GPIOPinTypePWM                  
00001ae5  GPIOPinTypeQEI                  
00001b09  GPIOPinTypeSSI                  
00001b2d  GPIOPinTypeTimer                
00001b51  GPIOPinTypeTrace                
00001b75  GPIOPinTypeUART                 
00001b99  GPIOPinTypeUSBAnalog            
00001bbd  GPIOPinTypeUSBDigital           
00001be1  GPIOPinTypeWakeHigh             
00001c07  GPIOPinTypeWakeLow              
00001c2d  GPIOPinWakeStatus               
00001861  GPIOPinWrite                    
00004701  HOSTclose                       
00004055  HOSTlseek                       
00004321  HOSTopen                        
000043dd  HOSTread                        
00003fe9  HOSTrename                      
00004745  HOSTunlink                      
00004435  HOSTwrite                       
0000292d  IntDisable                      
000028bb  IntEnable                       
0000299f  IntIsEnabled                    
0000277f  IntMasterDisable                
0000276f  IntMasterEnable                 
00002a95  IntPendClear                    
00002a25  IntPendSet                      
00002897  IntPriorityGet                  
0000280f  IntPriorityGroupingGet          
000027f5  IntPriorityGroupingSet          
00002aef  IntPriorityMaskGet              
00002ae3  IntPriorityMaskSet              
00002847  IntPrioritySet                  
0000278f  IntRegister                     
00002af7  IntTrigger                      
000027e1  IntUnregister                   
00004589  PinoutSet                       
00004bb5  ResetISR                        
00001145  SysCtlAltClkConfig              
0000086d  SysCtlClockFreqSet              
00000d35  SysCtlClockGet                  
00001129  SysCtlClockOutConfig            
00000b65  SysCtlClockSet                  
00000771  SysCtlDeepSleep                 
00000ef9  SysCtlDeepSleepClockConfigSet   
00000edb  SysCtlDeepSleepClockSet         
00000751  SysCtlDeepSleepPowerSet         
00004bd1  SysCtlDelay                     
000002ff  SysCtlFlashSectorSizeGet        
000002d3  SysCtlFlashSizeGet              
00000fcf  SysCtlGPIOAHBDisable            
00000fb3  SysCtlGPIOAHBEnable             
000006e5  SysCtlIntClear                  
000006cd  SysCtlIntDisable                
000006b9  SysCtlIntEnable                 
00000691  SysCtlIntRegister               
000006f5  SysCtlIntStatus                 
000006a9  SysCtlIntUnregister             
00000737  SysCtlLDODeepSleepGet           
00000727  SysCtlLDODeepSleepSet           
00000721  SysCtlLDOSleepGet               
00000711  SysCtlLDOSleepSet               
000007a7  SysCtlMOSCConfigSet             
0000110d  SysCtlNMIClear                  
000010f9  SysCtlNMIStatus                 
000007bd  SysCtlPIOSCCalibrate            
00000f9d  SysCtlPWMClockGet               
00000f83  SysCtlPWMClockSet               
0000063d  SysCtlPeripheralClockGating     
000005f5  SysCtlPeripheralDeepSleepDisable
000005a5  SysCtlPeripheralDeepSleepEnable 
000004e1  SysCtlPeripheralDisable         
000004a5  SysCtlPeripheralEnable          
000003e1  SysCtlPeripheralPowerOff        
000003a5  SysCtlPeripheralPowerOn         
00000325  SysCtlPeripheralPresent         
00000365  SysCtlPeripheralReady           
0000041d  SysCtlPeripheralReset           
00000569  SysCtlPeripheralSleepDisable    
00000525  SysCtlPeripheralSleepEnable     
00000761  SysCtlReset                     
0000081d  SysCtlResetBehaviorGet          
0000080d  SysCtlResetBehaviorSet          
00000793  SysCtlResetCauseClear           
0000078d  SysCtlResetCauseGet             
000002c9  SysCtlSRAMSizeGet               
00000769  SysCtlSleep                     
0000073d  SysCtlSleepPowerSet             
00000ff7  SysCtlUSBPLLDisable             
00000feb  SysCtlUSBPLLEnable              
0000103d  SysCtlVCOGet                    
00001025  SysCtlVoltageEventClear         
00001009  SysCtlVoltageEventConfig        
00001019  SysCtlVoltageEventStatus        
20000660  __CIOBUF_                       
20000470  __STACK_END                     
00000200  __STACK_SIZE                    
20000470  __STACK_TOP                     
00000010  __SYSMEM_SIZE                   
00005308  __TI_CINIT_Base                 
00005320  __TI_CINIT_Limit                
000052e8  __TI_Handler_Table_Base         
000052f4  __TI_Handler_Table_Limit        
00004789  __TI_auto_init_nobinit_nopinit  
000048fd  __TI_cleanup                    
20000638  __TI_cleanup_ptr                
00003e95  __TI_closefile                  
000040bd  __TI_decompress_lzss            
00004b9b  __TI_decompress_none            
000045d9  __TI_doflush                    
2000063c  __TI_dtors_ptr                  
20000640  __TI_enable_exit_profile_output 
20000628  __TI_ft_end                     
000044e3  __TI_ltoa                       
ffffffff  __TI_pprof_out_hndl             
00001d1d  __TI_printfi                    
ffffffff  __TI_prof_data_size             
ffffffff  __TI_prof_data_start            
00004931  __TI_readmsg                    
00000000  __TI_static_base__              
20000780  __TI_tmpnams                    
0000488d  __TI_writemsg                   
000042bd  __TI_wrt_ok                     
00004ba9  __TI_zero_init                  
00003d0d  __aeabi_cdcmpeq                 
00003d0d  __aeabi_cdcmple                 
00003d93  __aeabi_cdrcmple                
000046b9  __aeabi_d2iz                    
00002f77  __aeabi_dadd                    
00003261  __aeabi_ddiv                    
000037e1  __aeabi_dmul                    
00002f6d  __aeabi_dsub                    
00004bc1  __aeabi_errno_addr              
000049c9  __aeabi_i2d                     
00003123  __aeabi_idiv0                   
00003123  __aeabi_ldiv0                   
00003e19  __aeabi_memclr                  
00003e19  __aeabi_memclr4                 
00003e19  __aeabi_memclr8                 
00003b4f  __aeabi_memcpy                  
00003b4f  __aeabi_memcpy4                 
00003b4f  __aeabi_memcpy8                 
00003e1b  __aeabi_memset                  
00003e1b  __aeabi_memset4                 
00003e1b  __aeabi_memset8                 
20000634  __aeabi_stderr                  
2000062c  __aeabi_stdin                   
20000630  __aeabi_stdout                  
00003beb  __aeabi_uldivmod                
ffffffff  __binit__                       
ffffffff  __c_args__                      
UNDEFED   __mpu_init                      
20000270  __stack                         
20000000  __start___llvm_prf_cnts         
20000000  __stop___llvm_prf_cnts          
00004965  _c_int00_noargs                 
00004d98  _ctypes_                        
20000560  _device                         
20000470  _ftable                         
20000644  _lock                           
0000276b  _nop                            
200005d8  _stream                         
20000828  _sys_memory                     
UNDEFED   _system_post_cinit              
00004bdf  _system_pre_init                
20000648  _unlock                         
00004be3  abort                           
000036e1  aligned_alloc                   
00004625  atoi                            
ffffffff  binit                           
00004381  close                           
00004b19  copysign                        
00004b19  copysignl                       
2000065c  errno                           
00004671  exit                            
00004999  finddevice                      
00003c81  fputc                           
000034bd  fputs                           
000038dd  free                            
000041f5  frexp                           
000041f5  frexpl                          
00004259  fseek                           
20000000  g_pfnRAMVectors                 
00000000  g_pfnVectors                    
000047cd  getdevice                       
00004125  gpioInit                        
000035d1  ldexp                           
000035d1  ldexpl                          
00004a4d  lseek                           
00004a9d  main                            
00004bc9  malloc                          
000036e1  memalign                        
00004afd  memccpy                         
00004abf  memchr                          
00003b4f  memcpy                          
00003e21  memset                          
20000820  parmbuf                         
0000418d  printf                          
00003c81  putc                            
00004159  readGpioPin                     
000049f9  remove                          
000035d1  scalbn                          
000035d1  scalbnl                         
00004131  setGpioPin                      
000039c1  setvbuf                         
00004b4b  strchr                          
00004b33  strcmp                          
00004b61  strcpy                          
00004b75  strlen                          
000048c5  strncpy                         
000049f9  unlink                          
00004b89  wcslen                          
00004a75  write                           


GLOBAL SYMBOLS: SORTED BY Symbol Address 

address   name                            
-------   ----                            
00000000  __TI_static_base__              
00000000  g_pfnVectors                    
00000010  __SYSMEM_SIZE                   
00000200  __STACK_SIZE                    
000002c9  SysCtlSRAMSizeGet               
000002d3  SysCtlFlashSizeGet              
000002ff  SysCtlFlashSectorSizeGet        
00000325  SysCtlPeripheralPresent         
00000365  SysCtlPeripheralReady           
000003a5  SysCtlPeripheralPowerOn         
000003e1  SysCtlPeripheralPowerOff        
0000041d  SysCtlPeripheralReset           
000004a5  SysCtlPeripheralEnable          
000004e1  SysCtlPeripheralDisable         
00000525  SysCtlPeripheralSleepEnable     
00000569  SysCtlPeripheralSleepDisable    
000005a5  SysCtlPeripheralDeepSleepEnable 
000005f5  SysCtlPeripheralDeepSleepDisable
0000063d  SysCtlPeripheralClockGating     
00000691  SysCtlIntRegister               
000006a9  SysCtlIntUnregister             
000006b9  SysCtlIntEnable                 
000006cd  SysCtlIntDisable                
000006e5  SysCtlIntClear                  
000006f5  SysCtlIntStatus                 
00000711  SysCtlLDOSleepSet               
00000721  SysCtlLDOSleepGet               
00000727  SysCtlLDODeepSleepSet           
00000737  SysCtlLDODeepSleepGet           
0000073d  SysCtlSleepPowerSet             
00000751  SysCtlDeepSleepPowerSet         
00000761  SysCtlReset                     
00000769  SysCtlSleep                     
00000771  SysCtlDeepSleep                 
0000078d  SysCtlResetCauseGet             
00000793  SysCtlResetCauseClear           
000007a7  SysCtlMOSCConfigSet             
000007bd  SysCtlPIOSCCalibrate            
0000080d  SysCtlResetBehaviorSet          
0000081d  SysCtlResetBehaviorGet          
0000086d  SysCtlClockFreqSet              
00000b65  SysCtlClockSet                  
00000d35  SysCtlClockGet                  
00000edb  SysCtlDeepSleepClockSet         
00000ef9  SysCtlDeepSleepClockConfigSet   
00000f83  SysCtlPWMClockSet               
00000f9d  SysCtlPWMClockGet               
00000fb3  SysCtlGPIOAHBEnable             
00000fcf  SysCtlGPIOAHBDisable            
00000feb  SysCtlUSBPLLEnable              
00000ff7  SysCtlUSBPLLDisable             
00001009  SysCtlVoltageEventConfig        
00001019  SysCtlVoltageEventStatus        
00001025  SysCtlVoltageEventClear         
0000103d  SysCtlVCOGet                    
000010f9  SysCtlNMIStatus                 
0000110d  SysCtlNMIClear                  
00001129  SysCtlClockOutConfig            
00001145  SysCtlAltClkConfig              
000011e7  GPIODirModeSet                  
00001243  GPIODirModeGet                  
0000128f  GPIOIntTypeSet                  
00001333  GPIOIntTypeGet                  
000013c9  GPIOPadConfigSet                
00001603  GPIOPadConfigGet                
00001755  GPIOIntEnable                   
0000176f  GPIOIntDisable                  
00001789  GPIOIntStatus                   
000017ab  GPIOIntClear                    
000017bf  GPIOIntRegister                 
000017dd  GPIOIntUnregister               
000017f7  GPIOIntRegisterPin              
00001825  GPIOIntUnregisterPin            
00001849  GPIOPinRead                     
00001861  GPIOPinWrite                    
00001881  GPIOPinTypeADC                  
000018a5  GPIOPinTypeCAN                  
000018c9  GPIOPinTypeComparator           
000018ed  GPIOPinTypeComparatorOutput     
00001911  GPIOPinTypeDIVSCLK              
00001935  GPIOPinTypeEPI                  
00001959  GPIOPinTypeEthernetLED          
0000197d  GPIOPinTypeEthernetMII          
000019a1  GPIOPinTypeGPIOInput            
000019c5  GPIOPinTypeGPIOOutput           
000019e9  GPIOPinTypeGPIOOutputOD         
00001a0d  GPIOPinTypeHibernateRTCCLK      
00001a31  GPIOPinTypeI2C                  
00001a55  GPIOPinTypeI2CSCL               
00001a79  GPIOPinTypeLCD                  
00001a9d  GPIOPinTypeOneWire              
00001ac1  GPIOPinTypePWM                  
00001ae5  GPIOPinTypeQEI                  
00001b09  GPIOPinTypeSSI                  
00001b2d  GPIOPinTypeTimer                
00001b51  GPIOPinTypeTrace                
00001b75  GPIOPinTypeUART                 
00001b99  GPIOPinTypeUSBAnalog            
00001bbd  GPIOPinTypeUSBDigital           
00001be1  GPIOPinTypeWakeHigh             
00001c07  GPIOPinTypeWakeLow              
00001c2d  GPIOPinWakeStatus               
00001c3d  GPIOPinConfigure                
00001c9b  GPIODMATriggerEnable            
00001cb9  GPIODMATriggerDisable           
00001cd7  GPIOADCTriggerEnable            
00001cf5  GPIOADCTriggerDisable           
00001d1d  __TI_printfi                    
0000276b  _nop                            
0000276f  IntMasterEnable                 
0000277f  IntMasterDisable                
0000278f  IntRegister                     
000027e1  IntUnregister                   
000027f5  IntPriorityGroupingSet          
0000280f  IntPriorityGroupingGet          
00002847  IntPrioritySet                  
00002897  IntPriorityGet                  
000028bb  IntEnable                       
0000292d  IntDisable                      
0000299f  IntIsEnabled                    
00002a25  IntPendSet                      
00002a95  IntPendClear                    
00002ae3  IntPriorityMaskSet              
00002aef  IntPriorityMaskGet              
00002af7  IntTrigger                      
00002f6d  __aeabi_dsub                    
00002f77  __aeabi_dadd                    
00003123  __aeabi_idiv0                   
00003123  __aeabi_ldiv0                   
00003261  __aeabi_ddiv                    
000034bd  fputs                           
000035d1  ldexp                           
000035d1  ldexpl                          
000035d1  scalbn                          
000035d1  scalbnl                         
000036e1  aligned_alloc                   
000036e1  memalign                        
000037e1  __aeabi_dmul                    
000038dd  free                            
000039c1  setvbuf                         
00003b4f  __aeabi_memcpy                  
00003b4f  __aeabi_memcpy4                 
00003b4f  __aeabi_memcpy8                 
00003b4f  memcpy                          
00003beb  __aeabi_uldivmod                
00003c81  fputc                           
00003c81  putc                            
00003d0d  __aeabi_cdcmpeq                 
00003d0d  __aeabi_cdcmple                 
00003d93  __aeabi_cdrcmple                
00003e19  __aeabi_memclr                  
00003e19  __aeabi_memclr4                 
00003e19  __aeabi_memclr8                 
00003e1b  __aeabi_memset                  
00003e1b  __aeabi_memset4                 
00003e1b  __aeabi_memset8                 
00003e21  memset                          
00003e95  __TI_closefile                  
00003fe9  HOSTrename                      
00004055  HOSTlseek                       
000040bd  __TI_decompress_lzss            
00004125  gpioInit                        
00004131  setGpioPin                      
00004159  readGpioPin                     
0000418d  printf                          
000041f5  frexp                           
000041f5  frexpl                          
00004259  fseek                           
000042bd  __TI_wrt_ok                     
00004321  HOSTopen                        
00004381  close                           
000043dd  HOSTread                        
00004435  HOSTwrite                       
000044e3  __TI_ltoa                       
00004589  PinoutSet                       
000045d9  __TI_doflush                    
00004625  atoi                            
00004671  exit                            
000046b9  __aeabi_d2iz                    
00004701  HOSTclose                       
00004745  HOSTunlink                      
00004789  __TI_auto_init_nobinit_nopinit  
000047cd  getdevice                       
0000484f  CPUcpsid                        
0000485b  CPUprimask                      
00004865  CPUcpsie                        
00004871  CPUwfi                          
00004875  CPUbasepriSet                   
00004883  CPUbasepriGet                   
0000488d  __TI_writemsg                   
000048bb  C$$IO$$                         
000048c5  strncpy                         
000048fd  __TI_cleanup                    
00004931  __TI_readmsg                    
00004965  _c_int00_noargs                 
00004999  finddevice                      
000049c9  __aeabi_i2d                     
000049f9  remove                          
000049f9  unlink                          
00004a4d  lseek                           
00004a75  write                           
00004a9d  main                            
00004abf  memchr                          
00004afd  memccpy                         
00004b19  copysign                        
00004b19  copysignl                       
00004b33  strcmp                          
00004b4b  strchr                          
00004b61  strcpy                          
00004b75  strlen                          
00004b89  wcslen                          
00004b9b  __TI_decompress_none            
00004ba9  __TI_zero_init                  
00004bb5  ResetISR                        
00004bc1  __aeabi_errno_addr              
00004bc9  malloc                          
00004bd1  SysCtlDelay                     
00004bdf  _system_pre_init                
00004be3  C$$EXIT                         
00004be3  abort                           
00004d98  _ctypes_                        
000052e8  __TI_Handler_Table_Base         
000052f4  __TI_Handler_Table_Limit        
00005308  __TI_CINIT_Base                 
00005320  __TI_CINIT_Limit                
20000000  __start___llvm_prf_cnts         
20000000  __stop___llvm_prf_cnts          
20000000  g_pfnRAMVectors                 
20000270  __stack                         
20000470  __STACK_END                     
20000470  __STACK_TOP                     
20000470  _ftable                         
20000560  _device                         
200005d8  _stream                         
20000628  __TI_ft_end                     
2000062c  __aeabi_stdin                   
20000630  __aeabi_stdout                  
20000634  __aeabi_stderr                  
20000638  __TI_cleanup_ptr                
2000063c  __TI_dtors_ptr                  
20000640  __TI_enable_exit_profile_output 
20000644  _lock                           
20000648  _unlock                         
2000065c  errno                           
20000660  __CIOBUF_                       
20000780  __TI_tmpnams                    
20000820  parmbuf                         
20000828  _sys_memory                     
ffffffff  __TI_pprof_out_hndl             
ffffffff  __TI_prof_data_size             
ffffffff  __TI_prof_data_start            
ffffffff  __binit__                       
ffffffff  __c_args__                      
ffffffff  binit                           
UNDEFED   __mpu_init                      
UNDEFED   _system_post_cinit              

[256 symbols]
