******************************************************************************
                  TI ARM Linker PC v20.2.7                     
******************************************************************************
>> Linked Mon Dec 16 00:01:42 2024

OUTPUT FILE NAME:   <SampleProject.out>
ENTRY POINT SYMBOL: "_c_int00_noargs"  address: 00004599


MEMORY CONFIGURATION

         name            origin    length      used     unused   attr    fill
----------------------  --------  ---------  --------  --------  ----  --------
  FLASH                 00000000   00100000  00004e72  000fb18e  R  X
  SRAM                  20000000   00040000  00000478  0003fb88  RW X


SEGMENT ALLOCATION MAP

run origin  load origin   length   init length attrs members
----------  ----------- ---------- ----------- ----- -------
00000000    00000000    00004e78   00004e78    r-x
  00000000    00000000    00000208   00000208    r-- .intvecs
  00000208    00000208    0000452e   0000452e    r-x .text
  00004738    00004738    0000070c   0000070c    r-- .const
  00004e48    00004e48    00000030   00000030    r-- .cinit
20000000    20000000    0000047c   00000000    rw-
  20000000    20000000    0000026c   00000000    rw- .vtable
  20000270    20000270    00000200   00000000    rw- .stack
  20000470    20000470    0000000c   00000000    rw- .data


SECTION ALLOCATION MAP

 output                                  attributes/
section   page    origin      length       input sections
--------  ----  ----------  ----------   ----------------
.intvecs   0    00000000    00000208     
                  00000000    00000208     tm4c1294ncpdt_startup_ccs.obj (.intvecs)

.text      0    00000208    0000452e     
                  00000208    00000f80     sysctl.obj (.text)
                  00001188    00000b94     gpio.obj (.text)
                  00001d1c    00000a4e     rtsv7M4_T_le_v4SPD16_eabi.lib : _printfi.c.obj (.text:__TI_printfi)
                  0000276a    00000002                                   : div0.asm.obj (.text)
                  0000276c    0000062e     uart.obj (.text)
                  00002d9a    00000002     --HOLE-- [fill = 0]
                  00002d9c    000003c0     interrupt.obj (.text)
                  0000315c    00000270     rtsv7M4_T_le_v4SPD16_eabi.lib : _printfi.c.obj (.text:_pconv_a)
                  000033cc    000001d0                                   : _printfi.c.obj (.text:_pconv_g)
                  0000359c    000001b6                                   : fd_add_t2.asm.obj (.text)
                  00003752    00000002     --HOLE-- [fill = 0]
                  00003754    0000013c                                   : _printfi.c.obj (.text:_pconv_e)
                  00003890    00000136                                   : fd_div_t2.asm.obj (.text)
                  000039c6    00000002     --HOLE-- [fill = 0]
                  000039c8    00000124                                   : _printfi.c.obj (.text:fcvt)
                  00003aec    00000110                                   : s_scalbn.c.obj (.text:scalbn)
                  00003bfc    000000fc                                   : fd_mul_t2.asm.obj (.text)
                  00003cf8    000000b4     hal_uart.obj (.text)
                  00003dac    000000b1     rtsv7M4_T_le_v4SPD16_eabi.lib : _printfi.c.obj (.text:_ltostr)
                  00003e5d    00000001     --HOLE-- [fill = 0]
                  00003e5e    0000009c                                   : memcpy_t2.asm.obj (.text)
                  00003efa    00000096                                   : ull_div_t2.asm.obj (.text)
                  00003f90    00000086                                   : fd_cmp_t2.asm.obj (.text:__aeabi_cdcmple)
                  00004016    00000086                                   : fd_cmp_t2.asm.obj (.text:__aeabi_cdrcmple)
                  0000409c    0000007a                                   : memset_t2.asm.obj (.text)
                  00004116    0000006e                                   : _printfi.c.obj (.text:_mcpy)
                  00004184    00000068                                   : copy_decompress_lzss.c.obj (.text:decompress:lzss:__TI_decompress_lzss)
                  000041ec    00000068     hal_gpio.obj (.text)
                  00004254    00000064     rtsv7M4_T_le_v4SPD16_eabi.lib : s_frexp.c.obj (.text:frexp)
                  000042b8    00000056                                   : _printfi.c.obj (.text:_pconv_f)
                  0000430e    00000054                                   : _ltoa.c.obj (.text:__TI_ltoa)
                  00004362    00000052                                   : _printfi.c.obj (.text:_ecpy)
                  000043b4    00000050     pinout.obj (.text)
                  00004404    0000004c     rtsv7M4_T_le_v4SPD16_eabi.lib : atoi.c.obj (.text:atoi)
                  00004450    00000048                                   : fd_toi_t2.asm.obj (.text)
                  00004498    00000044                                   : autoinit.c.obj (.text:__TI_auto_init_nobinit_nopinit:__TI_auto_init_nobinit_nopinit)
                  000044dc    00000040                                   : vsnprintf.c.obj (.text:vsnprintf)
                  0000451c    0000003e                                   : _printfi.c.obj (.text:_fcpy)
                  0000455a    0000003e     cpu.obj (.text)
                  00004598    00000034     rtsv7M4_T_le_v4SPD16_eabi.lib : boot_cortex_m.c.obj (.text:_c_int00_noargs:_c_int00_noargs)
                  000045cc    00000030                                   : vsnprintf.c.obj (.text:_outs)
                  000045fc    0000002e                                   : i_tofd_t2.asm.obj (.text)
                  0000462a    00000002     --HOLE-- [fill = 0]
                  0000462c    00000022     systemInit.obj (.text)
                  0000464e    0000001c     rtsv7M4_T_le_v4SPD16_eabi.lib : copy_zero_init.c.obj (.text:decompress:ZI:__TI_zero_init_nomemset:__TI_zero_init_nomemset)
                  0000466a    0000001c                                   : memccpy.c.obj (.text:memccpy)
                  00004686    0000001a                                   : s_copysign.c.obj (.text:copysign)
                  000046a0    00000018                                   : vsnprintf.c.obj (.text:_outc)
                  000046b8    00000016                                   : strchr.c.obj (.text:strchr)
                  000046ce    00000014                                   : strlen.c.obj (.text:strlen)
                  000046e2    00000012                                   : wcslen.c.obj (.text:wcslen)
                  000046f4    00000010     main.obj (.text)
                  00004704    0000000e     rtsv7M4_T_le_v4SPD16_eabi.lib : copy_decompress_none.c.obj (.text:decompress:none:__TI_decompress_none)
                  00004712    0000000c     tm4c1294ncpdt_startup_ccs.obj (.text)
                  0000471e    00000002     --HOLE-- [fill = 0]
                  00004720    00000008     rtsv7M4_T_le_v4SPD16_eabi.lib : errno.c.obj (.text:__aeabi_errno_addr)
                  00004728    00000006     sysctl.obj (.text:SysCtlDelay)
                  0000472e    00000004     rtsv7M4_T_le_v4SPD16_eabi.lib : pre_init.c.obj (.text:_system_pre_init)
                  00004732    00000004                                   : exit.c.obj (.text:abort:abort)

.const     0    00004738    0000070c     
                  00004738    000001b0     sysctl.obj (.const:g_pppui32XTALtoVCO)
                  000048e8    00000101     rtsv7M4_T_le_v4SPD16_eabi.lib : ctype.c.obj (.const:.string:_ctypes_)
                  000049e9    00000003     --HOLE-- [fill = 0]
                  000049ec    000000d8     gpio.obj (.const:g_ppui32GPIOIntMapSnowflake)
                  00004ac4    000000c0     gpio.obj (.const:g_ppui32GPIOIntMapBlizzard)
                  00004b84    0000009c     interrupt.obj (.const:g_pui32Regs)
                  00004c20    00000090     gpio.obj (.const:g_pui32GPIOBaseAddrs)
                  00004cb0    0000006c     sysctl.obj (.const:g_pui32Xtals)
                  00004d1c    00000040     uart.obj (.const:g_ppui32UARTIntMap)
                  00004d5c    00000040     uart.obj (.const:g_ppui32UARTIntMapSnowflake)
                  00004d9c    00000030     sysctl.obj (.const:g_sXTALtoMEMTIM)
                  00004dcc    00000020     interrupt.obj (.const:g_pui32Priority)
                  00004dec    00000014     interrupt.obj (.const:g_pui32Dii16Regs)
                  00004e00    00000014     interrupt.obj (.const:g_pui32EnRegs)
                  00004e14    00000014     interrupt.obj (.const:g_pui32PendRegs)
                  00004e28    00000014     interrupt.obj (.const:g_pui32UnpendRegs)
                  00004e3c    00000008     sysctl.obj (.const:g_pui32VCOFrequencies)

.cinit     0    00004e48    00000030     
                  00004e48    0000000c     (.cinit..data.load) [load image, compression = lzss]
                  00004e54    0000000c     (__TI_handler_table)
                  00004e60    00000008     (.cinit..vtable.load) [load image, compression = zero_init]
                  00004e68    00000010     (__TI_cinit_table)

.init_array 
*          0    00000000    00000000     UNINITIALIZED

.vtable    0    20000000    0000026c     UNINITIALIZED
                  20000000    0000026c     interrupt.obj (.vtable)

.data      0    20000470    0000000c     UNINITIALIZED
                  20000470    00000008     hal_gpio.obj (.data:gpioPinMap)
                  20000478    00000004     rtsv7M4_T_le_v4SPD16_eabi.lib : errno.c.obj (.data)

.stack     0    20000270    00000200     UNINITIALIZED
                  20000270    00000004     rtsv7M4_T_le_v4SPD16_eabi.lib : boot_cortex_m.c.obj (.stack)
                  20000274    000001fc     --HOLE--

__llvm_prf_cnts 
*          0    20000000    00000000     UNINITIALIZED

MODULE SUMMARY

       Module                          code    ro data   rw data
       ------                          ----    -------   -------
    .\
       tm4c1294ncpdt_startup_ccs.obj   12      520       0      
       main.obj                        16      0         0      
    +--+-------------------------------+-------+---------+---------+
       Total:                          28      520       0      
                                                                
    .\Application\SystemInit\
       systemInit.obj                  34      0         0      
    +--+-------------------------------+-------+---------+---------+
       Total:                          34      0         0      
                                                                
    .\Drivers\
       sysctl.obj                      3974    596       0      
       gpio.obj                        2964    552       0      
       interrupt.obj                   960     268       620    
       uart.obj                        1582    128       0      
       cpu.obj                         62      0         0      
    +--+-------------------------------+-------+---------+---------+
       Total:                          9542    1544      620    
                                                                
    .\HAL\GPIO\
       hal_gpio.obj                    104     0         8      
    +--+-------------------------------+-------+---------+---------+
       Total:                          104     0         8      
                                                                
    .\HAL\UART\
       hal_uart.obj                    180     0         0      
    +--+-------------------------------+-------+---------+---------+
       Total:                          180     0         0      
                                                                
    .\syscfg\
       pinout.obj                      80      0         0      
    +--+-------------------------------+-------+---------+---------+
       Total:                          80      0         0      
                                                                
    C:\ti\ccs1281\ccs\tools\compiler\ti-cgt-arm_20.2.7.LTS\lib\rtsv7M4_T_le_v4SPD16_eabi.lib
       _printfi.c.obj                  4851    0         0      
       fd_add_t2.asm.obj               438     0         0      
       fd_div_t2.asm.obj               310     0         0      
       s_scalbn.c.obj                  272     0         0      
       fd_cmp_t2.asm.obj               268     0         0      
       ctype.c.obj                     0       257       0      
       fd_mul_t2.asm.obj               252     0         0      
       memcpy_t2.asm.obj               156     0         0      
       ull_div_t2.asm.obj              150     0         0      
       vsnprintf.c.obj                 136     0         0      
       memset_t2.asm.obj               122     0         0      
       copy_decompress_lzss.c.obj      104     0         0      
       s_frexp.c.obj                   100     0         0      
       _ltoa.c.obj                     84      0         0      
       atoi.c.obj                      76      0         0      
       fd_toi_t2.asm.obj               72      0         0      
       autoinit.c.obj                  68      0         0      
       boot_cortex_m.c.obj             52      0         0      
       i_tofd_t2.asm.obj               46      0         0      
       copy_zero_init.c.obj            28      0         0      
       memccpy.c.obj                   28      0         0      
       s_copysign.c.obj                26      0         0      
       strchr.c.obj                    22      0         0      
       strlen.c.obj                    20      0         0      
       wcslen.c.obj                    18      0         0      
       copy_decompress_none.c.obj      14      0         0      
       errno.c.obj                     8       0         4      
       exit.c.obj                      4       0         0      
       pre_init.c.obj                  4       0         0      
       div0.asm.obj                    2       0         0      
    +--+-------------------------------+-------+---------+---------+
       Total:                          7731    257       4      
                                                                
       Stack:                          0       0         512    
       Linker Generated:               0       48        0      
    +--+-------------------------------+-------+---------+---------+
       Grand Total:                    17699   2369      1144   


LINKER GENERATED COPY TABLES

__TI_cinit_table @ 00004e68 records: 2, size/record: 8, table size: 16
	.data: load addr=00004e48, load size=0000000c bytes, run addr=20000470, run size=0000000c bytes, compression=lzss
	.vtable: load addr=00004e60, load size=00000008 bytes, run addr=20000000, run size=0000026c bytes, compression=zero_init


LINKER GENERATED HANDLER TABLE

__TI_handler_table @ 00004e54 records: 3, size/record: 4, table size: 12
	index: 0, handler: __TI_zero_init
	index: 1, handler: __TI_decompress_lzss
	index: 2, handler: __TI_decompress_none


GLOBAL SYMBOLS: SORTED ALPHABETICALLY BY Name 

address   name                            
-------   ----                            
00004733  C$$EXIT                         
0000458f  CPUbasepriGet                   
00004581  CPUbasepriSet                   
0000455b  CPUcpsid                        
00004571  CPUcpsie                        
00004567  CPUprimask                      
0000457d  CPUwfi                          
00001cf5  GPIOADCTriggerDisable           
00001cd7  GPIOADCTriggerEnable            
00001cb9  GPIODMATriggerDisable           
00001c9b  GPIODMATriggerEnable            
00001243  GPIODirModeGet                  
000011e7  GPIODirModeSet                  
000017ab  GPIOIntClear                    
0000176f  GPIOIntDisable                  
00001755  GPIOIntEnable                   
000017bf  GPIOIntRegister                 
000017f7  GPIOIntRegisterPin              
00001789  GPIOIntStatus                   
00001333  GPIOIntTypeGet                  
0000128f  GPIOIntTypeSet                  
000017dd  GPIOIntUnregister               
00001825  GPIOIntUnregisterPin            
00001603  GPIOPadConfigGet                
000013c9  GPIOPadConfigSet                
00001c3d  GPIOPinConfigure                
00001849  GPIOPinRead                     
00001881  GPIOPinTypeADC                  
000018a5  GPIOPinTypeCAN                  
000018c9  GPIOPinTypeComparator           
000018ed  GPIOPinTypeComparatorOutput     
00001911  GPIOPinTypeDIVSCLK              
00001935  GPIOPinTypeEPI                  
00001959  GPIOPinTypeEthernetLED          
0000197d  GPIOPinTypeEthernetMII          
000019a1  GPIOPinTypeGPIOInput            
000019c5  GPIOPinTypeGPIOOutput           
000019e9  GPIOPinTypeGPIOOutputOD         
00001a0d  GPIOPinTypeHibernateRTCCLK      
00001a31  GPIOPinTypeI2C                  
00001a55  GPIOPinTypeI2CSCL               
00001a79  GPIOPinTypeLCD                  
00001a9d  GPIOPinTypeOneWire              
00001ac1  GPIOPinTypePWM                  
00001ae5  GPIOPinTypeQEI                  
00001b09  GPIOPinTypeSSI                  
00001b2d  GPIOPinTypeTimer                
00001b51  GPIOPinTypeTrace                
00001b75  GPIOPinTypeUART                 
00001b99  GPIOPinTypeUSBAnalog            
00001bbd  GPIOPinTypeUSBDigital           
00001be1  GPIOPinTypeWakeHigh             
00001c07  GPIOPinTypeWakeLow              
00001c2d  GPIOPinWakeStatus               
00001861  GPIOPinWrite                    
00002f5d  IntDisable                      
00002eeb  IntEnable                       
00002fcf  IntIsEnabled                    
00002daf  IntMasterDisable                
00002d9f  IntMasterEnable                 
000030c5  IntPendClear                    
00003055  IntPendSet                      
00002ec7  IntPriorityGet                  
00002e3f  IntPriorityGroupingGet          
00002e25  IntPriorityGroupingSet          
0000311f  IntPriorityMaskGet              
00003113  IntPriorityMaskSet              
00002e77  IntPrioritySet                  
00002dbf  IntRegister                     
00003127  IntTrigger                      
00002e11  IntUnregister                   
000043b5  PinoutSet                       
00004713  ResetISR                        
00001145  SysCtlAltClkConfig              
0000086d  SysCtlClockFreqSet              
00000d35  SysCtlClockGet                  
00001129  SysCtlClockOutConfig            
00000b65  SysCtlClockSet                  
00000771  SysCtlDeepSleep                 
00000ef9  SysCtlDeepSleepClockConfigSet   
00000edb  SysCtlDeepSleepClockSet         
00000751  SysCtlDeepSleepPowerSet         
00004729  SysCtlDelay                     
000002ff  SysCtlFlashSectorSizeGet        
000002d3  SysCtlFlashSizeGet              
00000fcf  SysCtlGPIOAHBDisable            
00000fb3  SysCtlGPIOAHBEnable             
000006e5  SysCtlIntClear                  
000006cd  SysCtlIntDisable                
000006b9  SysCtlIntEnable                 
00000691  SysCtlIntRegister               
000006f5  SysCtlIntStatus                 
000006a9  SysCtlIntUnregister             
00000737  SysCtlLDODeepSleepGet           
00000727  SysCtlLDODeepSleepSet           
00000721  SysCtlLDOSleepGet               
00000711  SysCtlLDOSleepSet               
000007a7  SysCtlMOSCConfigSet             
0000110d  SysCtlNMIClear                  
000010f9  SysCtlNMIStatus                 
000007bd  SysCtlPIOSCCalibrate            
00000f9d  SysCtlPWMClockGet               
00000f83  SysCtlPWMClockSet               
0000063d  SysCtlPeripheralClockGating     
000005f5  SysCtlPeripheralDeepSleepDisable
000005a5  SysCtlPeripheralDeepSleepEnable 
000004e1  SysCtlPeripheralDisable         
000004a5  SysCtlPeripheralEnable          
000003e1  SysCtlPeripheralPowerOff        
000003a5  SysCtlPeripheralPowerOn         
00000325  SysCtlPeripheralPresent         
00000365  SysCtlPeripheralReady           
0000041d  SysCtlPeripheralReset           
00000569  SysCtlPeripheralSleepDisable    
00000525  SysCtlPeripheralSleepEnable     
00000761  SysCtlReset                     
0000081d  SysCtlResetBehaviorGet          
0000080d  SysCtlResetBehaviorSet          
00000793  SysCtlResetCauseClear           
0000078d  SysCtlResetCauseGet             
000002c9  SysCtlSRAMSizeGet               
00000769  SysCtlSleep                     
0000073d  SysCtlSleepPowerSet             
00000ff7  SysCtlUSBPLLDisable             
00000feb  SysCtlUSBPLLEnable              
0000103d  SysCtlVCOGet                    
00001025  SysCtlVoltageEventClear         
00001009  SysCtlVoltageEventConfig        
00001019  SysCtlVoltageEventStatus        
00002d3d  UART9BitAddrSend                
00002d17  UART9BitAddrSet                 
00002d01  UART9BitDisable                 
00002ceb  UART9BitEnable                  
00002b8f  UARTBreakCtl                    
00002bb9  UARTBusy                        
00002b37  UARTCharGet                     
00002b1b  UARTCharGetNonBlocking          
00002b71  UARTCharPut                     
00002b4d  UARTCharPutNonBlocking          
00002adf  UARTCharsAvail                  
00002cdb  UARTClockSourceGet              
00002cc7  UARTClockSourceSet              
000028af  UARTConfigGetExpClk             
00002839  UARTConfigSetExpClk             
00002c8d  UARTDMADisable                  
00002c75  UARTDMAEnable                   
0000291f  UARTDisable                     
000029a3  UARTDisableSIR                  
000028fb  UARTEnable                      
00002975  UARTEnableSIR                   
0000295f  UARTFIFODisable                 
00002949  UARTFIFOEnable                  
00002811  UARTFIFOLevelGet                
000027f9  UARTFIFOLevelSet                
00002a9f  UARTFlowControlGet              
00002a83  UARTFlowControlSet              
00002c63  UARTIntClear                    
00002c2d  UARTIntDisable                  
00002c15  UARTIntEnable                   
00002bd7  UARTIntRegister                 
00002c45  UARTIntStatus                   
00002bf5  UARTIntUnregister               
00002d85  UARTLoopbackEnable              
00002a39  UARTModemControlClear           
00002a5d  UARTModemControlGet             
00002a01  UARTModemControlSet             
00002a6f  UARTModemStatusGet              
000027e7  UARTParityModeGet               
000027cb  UARTParityModeSet               
00002cb7  UARTRxErrorClear                
00002ca5  UARTRxErrorGet                  
000029eb  UARTSmartCardDisable            
000029b9  UARTSmartCardEnable             
00002afd  UARTSpaceAvail                  
00002acd  UARTTxIntModeGet                
00002ab1  UARTTxIntModeSet                
20000470  __STACK_END                     
00000200  __STACK_SIZE                    
20000470  __STACK_TOP                     
00004e68  __TI_CINIT_Base                 
00004e78  __TI_CINIT_Limit                
00004e54  __TI_Handler_Table_Base         
00004e60  __TI_Handler_Table_Limit        
00004499  __TI_auto_init_nobinit_nopinit  
00004185  __TI_decompress_lzss            
00004705  __TI_decompress_none            
0000430f  __TI_ltoa                       
ffffffff  __TI_pprof_out_hndl             
00001d1d  __TI_printfi                    
ffffffff  __TI_prof_data_size             
ffffffff  __TI_prof_data_start            
00000000  __TI_static_base__              
0000464f  __TI_zero_init_nomemset         
00003f91  __aeabi_cdcmpeq                 
00003f91  __aeabi_cdcmple                 
00004017  __aeabi_cdrcmple                
00004451  __aeabi_d2iz                    
000035a7  __aeabi_dadd                    
00003891  __aeabi_ddiv                    
00003bfd  __aeabi_dmul                    
0000359d  __aeabi_dsub                    
00004721  __aeabi_errno_addr              
000045fd  __aeabi_i2d                     
0000276b  __aeabi_idiv0                   
0000276b  __aeabi_ldiv0                   
0000409d  __aeabi_memclr                  
0000409d  __aeabi_memclr4                 
0000409d  __aeabi_memclr8                 
00003e5f  __aeabi_memcpy                  
00003e5f  __aeabi_memcpy4                 
00003e5f  __aeabi_memcpy8                 
0000409f  __aeabi_memset                  
0000409f  __aeabi_memset4                 
0000409f  __aeabi_memset8                 
00003efb  __aeabi_uldivmod                
ffffffff  __binit__                       
ffffffff  __c_args__                      
UNDEFED   __mpu_init                      
20000270  __stack                         
20000000  __start___llvm_prf_cnts         
20000000  __stop___llvm_prf_cnts          
00004599  _c_int00_noargs                 
000048e8  _ctypes_                        
UNDEFED   _system_post_cinit              
0000472f  _system_pre_init                
00004733  abort                           
00004405  atoi                            
ffffffff  binit                           
00004687  copysign                        
00004687  copysignl                       
20000478  errno                           
00004255  frexp                           
00004255  frexpl                          
20000000  g_pfnRAMVectors                 
00000000  g_pfnVectors                    
000041ed  gpioInit                        
00003aed  ldexp                           
00003aed  ldexpl                          
000046f5  main                            
0000466b  memccpy                         
00003e5f  memcpy                          
000040a5  memset                          
00004221  readGpioPin                     
00003aed  scalbn                          
00003aed  scalbnl                         
000041f9  setGpioPin                      
000046b9  strchr                          
000046cf  strlen                          
0000462d  systemInit                      
00003cf9  uartInit                        
00003d39  uartSendBlocking                
000044dd  vsnprintf                       
000046e3  wcslen                          


GLOBAL SYMBOLS: SORTED BY Symbol Address 

address   name                            
-------   ----                            
00000000  __TI_static_base__              
00000000  g_pfnVectors                    
00000200  __STACK_SIZE                    
000002c9  SysCtlSRAMSizeGet               
000002d3  SysCtlFlashSizeGet              
000002ff  SysCtlFlashSectorSizeGet        
00000325  SysCtlPeripheralPresent         
00000365  SysCtlPeripheralReady           
000003a5  SysCtlPeripheralPowerOn         
000003e1  SysCtlPeripheralPowerOff        
0000041d  SysCtlPeripheralReset           
000004a5  SysCtlPeripheralEnable          
000004e1  SysCtlPeripheralDisable         
00000525  SysCtlPeripheralSleepEnable     
00000569  SysCtlPeripheralSleepDisable    
000005a5  SysCtlPeripheralDeepSleepEnable 
000005f5  SysCtlPeripheralDeepSleepDisable
0000063d  SysCtlPeripheralClockGating     
00000691  SysCtlIntRegister               
000006a9  SysCtlIntUnregister             
000006b9  SysCtlIntEnable                 
000006cd  SysCtlIntDisable                
000006e5  SysCtlIntClear                  
000006f5  SysCtlIntStatus                 
00000711  SysCtlLDOSleepSet               
00000721  SysCtlLDOSleepGet               
00000727  SysCtlLDODeepSleepSet           
00000737  SysCtlLDODeepSleepGet           
0000073d  SysCtlSleepPowerSet             
00000751  SysCtlDeepSleepPowerSet         
00000761  SysCtlReset                     
00000769  SysCtlSleep                     
00000771  SysCtlDeepSleep                 
0000078d  SysCtlResetCauseGet             
00000793  SysCtlResetCauseClear           
000007a7  SysCtlMOSCConfigSet             
000007bd  SysCtlPIOSCCalibrate            
0000080d  SysCtlResetBehaviorSet          
0000081d  SysCtlResetBehaviorGet          
0000086d  SysCtlClockFreqSet              
00000b65  SysCtlClockSet                  
00000d35  SysCtlClockGet                  
00000edb  SysCtlDeepSleepClockSet         
00000ef9  SysCtlDeepSleepClockConfigSet   
00000f83  SysCtlPWMClockSet               
00000f9d  SysCtlPWMClockGet               
00000fb3  SysCtlGPIOAHBEnable             
00000fcf  SysCtlGPIOAHBDisable            
00000feb  SysCtlUSBPLLEnable              
00000ff7  SysCtlUSBPLLDisable             
00001009  SysCtlVoltageEventConfig        
00001019  SysCtlVoltageEventStatus        
00001025  SysCtlVoltageEventClear         
0000103d  SysCtlVCOGet                    
000010f9  SysCtlNMIStatus                 
0000110d  SysCtlNMIClear                  
00001129  SysCtlClockOutConfig            
00001145  SysCtlAltClkConfig              
000011e7  GPIODirModeSet                  
00001243  GPIODirModeGet                  
0000128f  GPIOIntTypeSet                  
00001333  GPIOIntTypeGet                  
000013c9  GPIOPadConfigSet                
00001603  GPIOPadConfigGet                
00001755  GPIOIntEnable                   
0000176f  GPIOIntDisable                  
00001789  GPIOIntStatus                   
000017ab  GPIOIntClear                    
000017bf  GPIOIntRegister                 
000017dd  GPIOIntUnregister               
000017f7  GPIOIntRegisterPin              
00001825  GPIOIntUnregisterPin            
00001849  GPIOPinRead                     
00001861  GPIOPinWrite                    
00001881  GPIOPinTypeADC                  
000018a5  GPIOPinTypeCAN                  
000018c9  GPIOPinTypeComparator           
000018ed  GPIOPinTypeComparatorOutput     
00001911  GPIOPinTypeDIVSCLK              
00001935  GPIOPinTypeEPI                  
00001959  GPIOPinTypeEthernetLED          
0000197d  GPIOPinTypeEthernetMII          
000019a1  GPIOPinTypeGPIOInput            
000019c5  GPIOPinTypeGPIOOutput           
000019e9  GPIOPinTypeGPIOOutputOD         
00001a0d  GPIOPinTypeHibernateRTCCLK      
00001a31  GPIOPinTypeI2C                  
00001a55  GPIOPinTypeI2CSCL               
00001a79  GPIOPinTypeLCD                  
00001a9d  GPIOPinTypeOneWire              
00001ac1  GPIOPinTypePWM                  
00001ae5  GPIOPinTypeQEI                  
00001b09  GPIOPinTypeSSI                  
00001b2d  GPIOPinTypeTimer                
00001b51  GPIOPinTypeTrace                
00001b75  GPIOPinTypeUART                 
00001b99  GPIOPinTypeUSBAnalog            
00001bbd  GPIOPinTypeUSBDigital           
00001be1  GPIOPinTypeWakeHigh             
00001c07  GPIOPinTypeWakeLow              
00001c2d  GPIOPinWakeStatus               
00001c3d  GPIOPinConfigure                
00001c9b  GPIODMATriggerEnable            
00001cb9  GPIODMATriggerDisable           
00001cd7  GPIOADCTriggerEnable            
00001cf5  GPIOADCTriggerDisable           
00001d1d  __TI_printfi                    
0000276b  __aeabi_idiv0                   
0000276b  __aeabi_ldiv0                   
000027cb  UARTParityModeSet               
000027e7  UARTParityModeGet               
000027f9  UARTFIFOLevelSet                
00002811  UARTFIFOLevelGet                
00002839  UARTConfigSetExpClk             
000028af  UARTConfigGetExpClk             
000028fb  UARTEnable                      
0000291f  UARTDisable                     
00002949  UARTFIFOEnable                  
0000295f  UARTFIFODisable                 
00002975  UARTEnableSIR                   
000029a3  UARTDisableSIR                  
000029b9  UARTSmartCardEnable             
000029eb  UARTSmartCardDisable            
00002a01  UARTModemControlSet             
00002a39  UARTModemControlClear           
00002a5d  UARTModemControlGet             
00002a6f  UARTModemStatusGet              
00002a83  UARTFlowControlSet              
00002a9f  UARTFlowControlGet              
00002ab1  UARTTxIntModeSet                
00002acd  UARTTxIntModeGet                
00002adf  UARTCharsAvail                  
00002afd  UARTSpaceAvail                  
00002b1b  UARTCharGetNonBlocking          
00002b37  UARTCharGet                     
00002b4d  UARTCharPutNonBlocking          
00002b71  UARTCharPut                     
00002b8f  UARTBreakCtl                    
00002bb9  UARTBusy                        
00002bd7  UARTIntRegister                 
00002bf5  UARTIntUnregister               
00002c15  UARTIntEnable                   
00002c2d  UARTIntDisable                  
00002c45  UARTIntStatus                   
00002c63  UARTIntClear                    
00002c75  UARTDMAEnable                   
00002c8d  UARTDMADisable                  
00002ca5  UARTRxErrorGet                  
00002cb7  UARTRxErrorClear                
00002cc7  UARTClockSourceSet              
00002cdb  UARTClockSourceGet              
00002ceb  UART9BitEnable                  
00002d01  UART9BitDisable                 
00002d17  UART9BitAddrSet                 
00002d3d  UART9BitAddrSend                
00002d85  UARTLoopbackEnable              
00002d9f  IntMasterEnable                 
00002daf  IntMasterDisable                
00002dbf  IntRegister                     
00002e11  IntUnregister                   
00002e25  IntPriorityGroupingSet          
00002e3f  IntPriorityGroupingGet          
00002e77  IntPrioritySet                  
00002ec7  IntPriorityGet                  
00002eeb  IntEnable                       
00002f5d  IntDisable                      
00002fcf  IntIsEnabled                    
00003055  IntPendSet                      
000030c5  IntPendClear                    
00003113  IntPriorityMaskSet              
0000311f  IntPriorityMaskGet              
00003127  IntTrigger                      
0000359d  __aeabi_dsub                    
000035a7  __aeabi_dadd                    
00003891  __aeabi_ddiv                    
00003aed  ldexp                           
00003aed  ldexpl                          
00003aed  scalbn                          
00003aed  scalbnl                         
00003bfd  __aeabi_dmul                    
00003cf9  uartInit                        
00003d39  uartSendBlocking                
00003e5f  __aeabi_memcpy                  
00003e5f  __aeabi_memcpy4                 
00003e5f  __aeabi_memcpy8                 
00003e5f  memcpy                          
00003efb  __aeabi_uldivmod                
00003f91  __aeabi_cdcmpeq                 
00003f91  __aeabi_cdcmple                 
00004017  __aeabi_cdrcmple                
0000409d  __aeabi_memclr                  
0000409d  __aeabi_memclr4                 
0000409d  __aeabi_memclr8                 
0000409f  __aeabi_memset                  
0000409f  __aeabi_memset4                 
0000409f  __aeabi_memset8                 
000040a5  memset                          
00004185  __TI_decompress_lzss            
000041ed  gpioInit                        
000041f9  setGpioPin                      
00004221  readGpioPin                     
00004255  frexp                           
00004255  frexpl                          
0000430f  __TI_ltoa                       
000043b5  PinoutSet                       
00004405  atoi                            
00004451  __aeabi_d2iz                    
00004499  __TI_auto_init_nobinit_nopinit  
000044dd  vsnprintf                       
0000455b  CPUcpsid                        
00004567  CPUprimask                      
00004571  CPUcpsie                        
0000457d  CPUwfi                          
00004581  CPUbasepriSet                   
0000458f  CPUbasepriGet                   
00004599  _c_int00_noargs                 
000045fd  __aeabi_i2d                     
0000462d  systemInit                      
0000464f  __TI_zero_init_nomemset         
0000466b  memccpy                         
00004687  copysign                        
00004687  copysignl                       
000046b9  strchr                          
000046cf  strlen                          
000046e3  wcslen                          
000046f5  main                            
00004705  __TI_decompress_none            
00004713  ResetISR                        
00004721  __aeabi_errno_addr              
00004729  SysCtlDelay                     
0000472f  _system_pre_init                
00004733  C$$EXIT                         
00004733  abort                           
000048e8  _ctypes_                        
00004e54  __TI_Handler_Table_Base         
00004e60  __TI_Handler_Table_Limit        
00004e68  __TI_CINIT_Base                 
00004e78  __TI_CINIT_Limit                
20000000  __start___llvm_prf_cnts         
20000000  __stop___llvm_prf_cnts          
20000000  g_pfnRAMVectors                 
20000270  __stack                         
20000470  __STACK_END                     
20000470  __STACK_TOP                     
20000478  errno                           
ffffffff  __TI_pprof_out_hndl             
ffffffff  __TI_prof_data_size             
ffffffff  __TI_prof_data_start            
ffffffff  __binit__                       
ffffffff  __c_args__                      
ffffffff  binit                           
UNDEFED   __mpu_init                      
UNDEFED   _system_post_cinit              

[253 symbols]
