******************************************************************************
                  TI ARM Linker PC v20.2.7                     
******************************************************************************
>> Linked Wed Dec 25 12:35:50 2024

OUTPUT FILE NAME:   <SampleProject.out>
ENTRY POINT SYMBOL: "_c_int00_noargs"  address: 0000463d


MEMORY CONFIGURATION

         name            origin    length      used     unused   attr    fill
----------------------  --------  ---------  --------  --------  ----  --------
  FLASH                 00000000   00100000  00004f06  000fb0fa  R  X
  SRAM                  20000000   00040000  00000479  0003fb87  RW X


SEGMENT ALLOCATION MAP

run origin  load origin   length   init length attrs members
----------  ----------- ---------- ----------- ----- -------
00000000    00000000    00004f08   00004f08    r-x
  00000000    00000000    00000208   00000208    r-- .intvecs
  00000208    00000208    000045c2   000045c2    r-x .text
  000047cc    000047cc    0000070c   0000070c    r-- .const
  00004ed8    00004ed8    00000030   00000030    r-- .cinit
20000000    20000000    0000047d   00000000    rw-
  20000000    20000000    0000026c   00000000    rw- .vtable
  20000270    20000270    00000200   00000000    rw- .stack
  20000470    20000470    0000000d   00000000    rw- .data


SECTION ALLOCATION MAP

 output                                  attributes/
section   page    origin      length       input sections
--------  ----  ----------  ----------   ----------------
.intvecs   0    00000000    00000208     
                  00000000    00000208     tm4c1294ncpdt_startup_ccs.obj (.intvecs)

.text      0    00000208    000045c2     
                  00000208    00000f80     sysctl.obj (.text)
                  00001188    00000b94     gpio.obj (.text)
                  00001d1c    00000a4e     rtsv7M4_T_le_v4SPD16_eabi.lib : _printfi.c.obj (.text:__TI_printfi)
                  0000276a    00000002                                   : div0.asm.obj (.text)
                  0000276c    0000062e     uart.obj (.text)
                  00002d9a    00000002     --HOLE-- [fill = 0]
                  00002d9c    000003c0     interrupt.obj (.text)
                  0000315c    00000270     rtsv7M4_T_le_v4SPD16_eabi.lib : _printfi.c.obj (.text:_pconv_a)
                  000033cc    000001d0                                   : _printfi.c.obj (.text:_pconv_g)
                  0000359c    000001b6                                   : fd_add_t2.asm.obj (.text)
                  00003752    00000002     --HOLE-- [fill = 0]
                  00003754    00000158     hal_uart.obj (.text)
                  000038ac    0000013c     rtsv7M4_T_le_v4SPD16_eabi.lib : _printfi.c.obj (.text:_pconv_e)
                  000039e8    00000136                                   : fd_div_t2.asm.obj (.text)
                  00003b1e    00000002     --HOLE-- [fill = 0]
                  00003b20    00000124                                   : _printfi.c.obj (.text:fcvt)
                  00003c44    00000110                                   : s_scalbn.c.obj (.text:scalbn)
                  00003d54    000000fc                                   : fd_mul_t2.asm.obj (.text)
                  00003e50    000000b1                                   : _printfi.c.obj (.text:_ltostr)
                  00003f01    00000001     --HOLE-- [fill = 0]
                  00003f02    0000009c                                   : memcpy_t2.asm.obj (.text)
                  00003f9e    00000096                                   : ull_div_t2.asm.obj (.text)
                  00004034    00000086                                   : fd_cmp_t2.asm.obj (.text:__aeabi_cdcmple)
                  000040ba    00000086                                   : fd_cmp_t2.asm.obj (.text:__aeabi_cdrcmple)
                  00004140    0000007a                                   : memset_t2.asm.obj (.text)
                  000041ba    0000006e                                   : _printfi.c.obj (.text:_mcpy)
                  00004228    00000068                                   : copy_decompress_lzss.c.obj (.text:decompress:lzss:__TI_decompress_lzss)
                  00004290    00000068     hal_gpio.obj (.text)
                  000042f8    00000064     rtsv7M4_T_le_v4SPD16_eabi.lib : s_frexp.c.obj (.text:frexp)
                  0000435c    00000056                                   : _printfi.c.obj (.text:_pconv_f)
                  000043b2    00000054                                   : _ltoa.c.obj (.text:__TI_ltoa)
                  00004406    00000052                                   : _printfi.c.obj (.text:_ecpy)
                  00004458    00000050     pinout.obj (.text)
                  000044a8    0000004c     rtsv7M4_T_le_v4SPD16_eabi.lib : atoi.c.obj (.text:atoi)
                  000044f4    00000048                                   : fd_toi_t2.asm.obj (.text)
                  0000453c    00000044                                   : autoinit.c.obj (.text:__TI_auto_init_nobinit_nopinit:__TI_auto_init_nobinit_nopinit)
                  00004580    00000040                                   : vsnprintf.c.obj (.text:vsnprintf)
                  000045c0    0000003e                                   : _printfi.c.obj (.text:_fcpy)
                  000045fe    0000003e     cpu.obj (.text)
                  0000463c    00000034     rtsv7M4_T_le_v4SPD16_eabi.lib : boot_cortex_m.c.obj (.text:_c_int00_noargs:_c_int00_noargs)
                  00004670    00000030                                   : vsnprintf.c.obj (.text:_outs)
                  000046a0    0000002e                                   : i_tofd_t2.asm.obj (.text)
                  000046ce    0000001c                                   : copy_zero_init.c.obj (.text:decompress:ZI:__TI_zero_init_nomemset:__TI_zero_init_nomemset)
                  000046ea    0000001c                                   : memccpy.c.obj (.text:memccpy)
                  00004706    0000001a                                   : s_copysign.c.obj (.text:copysign)
                  00004720    00000018                                   : vsnprintf.c.obj (.text:_outc)
                  00004738    00000016                                   : strchr.c.obj (.text:strchr)
                  0000474e    00000014                                   : strlen.c.obj (.text:strlen)
                  00004762    00000014     systemInit.obj (.text)
                  00004776    00000012     rtsv7M4_T_le_v4SPD16_eabi.lib : wcslen.c.obj (.text:wcslen)
                  00004788    00000010     main.obj (.text)
                  00004798    0000000e     rtsv7M4_T_le_v4SPD16_eabi.lib : copy_decompress_none.c.obj (.text:decompress:none:__TI_decompress_none)
                  000047a6    0000000c     tm4c1294ncpdt_startup_ccs.obj (.text)
                  000047b2    00000002     --HOLE-- [fill = 0]
                  000047b4    00000008     rtsv7M4_T_le_v4SPD16_eabi.lib : errno.c.obj (.text:__aeabi_errno_addr)
                  000047bc    00000006     sysctl.obj (.text:SysCtlDelay)
                  000047c2    00000004     rtsv7M4_T_le_v4SPD16_eabi.lib : pre_init.c.obj (.text:_system_pre_init)
                  000047c6    00000004                                   : exit.c.obj (.text:abort:abort)

.const     0    000047cc    0000070c     
                  000047cc    000001b0     sysctl.obj (.const:g_pppui32XTALtoVCO)
                  0000497c    00000101     rtsv7M4_T_le_v4SPD16_eabi.lib : ctype.c.obj (.const:.string:_ctypes_)
                  00004a7d    00000003     --HOLE-- [fill = 0]
                  00004a80    000000d8     gpio.obj (.const:g_ppui32GPIOIntMapSnowflake)
                  00004b58    000000c0     gpio.obj (.const:g_ppui32GPIOIntMapBlizzard)
                  00004c18    0000009c     interrupt.obj (.const:g_pui32Regs)
                  00004cb4    00000090     gpio.obj (.const:g_pui32GPIOBaseAddrs)
                  00004d44    0000006c     sysctl.obj (.const:g_pui32Xtals)
                  00004db0    00000040     uart.obj (.const:g_ppui32UARTIntMap)
                  00004df0    00000040     uart.obj (.const:g_ppui32UARTIntMapSnowflake)
                  00004e30    00000030     sysctl.obj (.const:g_sXTALtoMEMTIM)
                  00004e60    00000020     interrupt.obj (.const:g_pui32Priority)
                  00004e80    00000014     interrupt.obj (.const:g_pui32Dii16Regs)
                  00004e94    00000014     interrupt.obj (.const:g_pui32EnRegs)
                  00004ea8    00000014     interrupt.obj (.const:g_pui32PendRegs)
                  00004ebc    00000014     interrupt.obj (.const:g_pui32UnpendRegs)
                  00004ed0    00000008     sysctl.obj (.const:g_pui32VCOFrequencies)

.cinit     0    00004ed8    00000030     
                  00004ed8    0000000c     (.cinit..data.load) [load image, compression = lzss]
                  00004ee4    0000000c     (__TI_handler_table)
                  00004ef0    00000008     (.cinit..vtable.load) [load image, compression = zero_init]
                  00004ef8    00000010     (__TI_cinit_table)

.init_array 
*          0    00000000    00000000     UNINITIALIZED

.vtable    0    20000000    0000026c     UNINITIALIZED
                  20000000    0000026c     interrupt.obj (.vtable)

.data      0    20000470    0000000d     UNINITIALIZED
                  20000470    00000008     hal_gpio.obj (.data:gpioPinMap)
                  20000478    00000004     rtsv7M4_T_le_v4SPD16_eabi.lib : errno.c.obj (.data)
                  2000047c    00000001     hal_uart.obj (.data)

.stack     0    20000270    00000200     UNINITIALIZED
                  20000270    00000004     rtsv7M4_T_le_v4SPD16_eabi.lib : boot_cortex_m.c.obj (.stack)
                  20000274    000001fc     --HOLE--

__llvm_prf_cnts 
*          0    20000000    00000000     UNINITIALIZED

MODULE SUMMARY

       Module                          code    ro data   rw data
       ------                          ----    -------   -------
    .\
       tm4c1294ncpdt_startup_ccs.obj   12      520       0      
    +--+-------------------------------+-------+---------+---------+
       Total:                          12      520       0      
                                                                
    .\MyProject\
       main.obj                        16      0         0      
    +--+-------------------------------+-------+---------+---------+
       Total:                          16      0         0      
                                                                
    .\MyProject\Application\SystemInit\
       systemInit.obj                  20      0         0      
    +--+-------------------------------+-------+---------+---------+
       Total:                          20      0         0      
                                                                
    .\MyProject\Drivers\
       sysctl.obj                      3974    596       0      
       gpio.obj                        2964    552       0      
       interrupt.obj                   960     268       620    
       uart.obj                        1582    128       0      
       cpu.obj                         62      0         0      
    +--+-------------------------------+-------+---------+---------+
       Total:                          9542    1544      620    
                                                                
    .\MyProject\HAL\GPIO\
       hal_gpio.obj                    104     0         8      
    +--+-------------------------------+-------+---------+---------+
       Total:                          104     0         8      
                                                                
    .\MyProject\HAL\UART\
       hal_uart.obj                    344     0         1      
    +--+-------------------------------+-------+---------+---------+
       Total:                          344     0         1      
                                                                
    .\syscfg\
       pinout.obj                      80      0         0      
    +--+-------------------------------+-------+---------+---------+
       Total:                          80      0         0      
                                                                
    C:\ti\ccs1281\ccs\tools\compiler\ti-cgt-arm_20.2.7.LTS\lib\rtsv7M4_T_le_v4SPD16_eabi.lib
       _printfi.c.obj                  4851    0         0      
       fd_add_t2.asm.obj               438     0         0      
       fd_div_t2.asm.obj               310     0         0      
       s_scalbn.c.obj                  272     0         0      
       fd_cmp_t2.asm.obj               268     0         0      
       ctype.c.obj                     0       257       0      
       fd_mul_t2.asm.obj               252     0         0      
       memcpy_t2.asm.obj               156     0         0      
       ull_div_t2.asm.obj              150     0         0      
       vsnprintf.c.obj                 136     0         0      
       memset_t2.asm.obj               122     0         0      
       copy_decompress_lzss.c.obj      104     0         0      
       s_frexp.c.obj                   100     0         0      
       _ltoa.c.obj                     84      0         0      
       atoi.c.obj                      76      0         0      
       fd_toi_t2.asm.obj               72      0         0      
       autoinit.c.obj                  68      0         0      
       boot_cortex_m.c.obj             52      0         0      
       i_tofd_t2.asm.obj               46      0         0      
       copy_zero_init.c.obj            28      0         0      
       memccpy.c.obj                   28      0         0      
       s_copysign.c.obj                26      0         0      
       strchr.c.obj                    22      0         0      
       strlen.c.obj                    20      0         0      
       wcslen.c.obj                    18      0         0      
       copy_decompress_none.c.obj      14      0         0      
       errno.c.obj                     8       0         4      
       exit.c.obj                      4       0         0      
       pre_init.c.obj                  4       0         0      
       div0.asm.obj                    2       0         0      
    +--+-------------------------------+-------+---------+---------+
       Total:                          7731    257       4      
                                                                
       Stack:                          0       0         512    
       Linker Generated:               0       48        0      
    +--+-------------------------------+-------+---------+---------+
       Grand Total:                    17849   2369      1145   


LINKER GENERATED COPY TABLES

__TI_cinit_table @ 00004ef8 records: 2, size/record: 8, table size: 16
	.data: load addr=00004ed8, load size=0000000c bytes, run addr=20000470, run size=0000000d bytes, compression=lzss
	.vtable: load addr=00004ef0, load size=00000008 bytes, run addr=20000000, run size=0000026c bytes, compression=zero_init


LINKER GENERATED HANDLER TABLE

__TI_handler_table @ 00004ee4 records: 3, size/record: 4, table size: 12
	index: 0, handler: __TI_zero_init
	index: 1, handler: __TI_decompress_lzss
	index: 2, handler: __TI_decompress_none


GLOBAL SYMBOLS: SORTED ALPHABETICALLY BY Name 

address   name                            
-------   ----                            
000047c7  C$$EXIT                         
00004633  CPUbasepriGet                   
00004625  CPUbasepriSet                   
000045ff  CPUcpsid                        
00004615  CPUcpsie                        
0000460b  CPUprimask                      
00004621  CPUwfi                          
00001cf5  GPIOADCTriggerDisable           
00001cd7  GPIOADCTriggerEnable            
00001cb9  GPIODMATriggerDisable           
00001c9b  GPIODMATriggerEnable            
00001243  GPIODirModeGet                  
000011e7  GPIODirModeSet                  
000017ab  GPIOIntClear                    
0000176f  GPIOIntDisable                  
00001755  GPIOIntEnable                   
000017bf  GPIOIntRegister                 
000017f7  GPIOIntRegisterPin              
00001789  GPIOIntStatus                   
00001333  GPIOIntTypeGet                  
0000128f  GPIOIntTypeSet                  
000017dd  GPIOIntUnregister               
00001825  GPIOIntUnregisterPin            
00001603  GPIOPadConfigGet                
000013c9  GPIOPadConfigSet                
00001c3d  GPIOPinConfigure                
00001849  GPIOPinRead                     
00001881  GPIOPinTypeADC                  
000018a5  GPIOPinTypeCAN                  
000018c9  GPIOPinTypeComparator           
000018ed  GPIOPinTypeComparatorOutput     
00001911  GPIOPinTypeDIVSCLK              
00001935  GPIOPinTypeEPI                  
00001959  GPIOPinTypeEthernetLED          
0000197d  GPIOPinTypeEthernetMII          
000019a1  GPIOPinTypeGPIOInput            
000019c5  GPIOPinTypeGPIOOutput           
000019e9  GPIOPinTypeGPIOOutputOD         
00001a0d  GPIOPinTypeHibernateRTCCLK      
00001a31  GPIOPinTypeI2C                  
00001a55  GPIOPinTypeI2CSCL               
00001a79  GPIOPinTypeLCD                  
00001a9d  GPIOPinTypeOneWire              
00001ac1  GPIOPinTypePWM                  
00001ae5  GPIOPinTypeQEI                  
00001b09  GPIOPinTypeSSI                  
00001b2d  GPIOPinTypeTimer                
00001b51  GPIOPinTypeTrace                
00001b75  GPIOPinTypeUART                 
00001b99  GPIOPinTypeUSBAnalog            
00001bbd  GPIOPinTypeUSBDigital           
00001be1  GPIOPinTypeWakeHigh             
00001c07  GPIOPinTypeWakeLow              
00001c2d  GPIOPinWakeStatus               
00001861  GPIOPinWrite                    
00002f5d  IntDisable                      
00002eeb  IntEnable                       
00002fcf  IntIsEnabled                    
00002daf  IntMasterDisable                
00002d9f  IntMasterEnable                 
000030c5  IntPendClear                    
00003055  IntPendSet                      
00002ec7  IntPriorityGet                  
00002e3f  IntPriorityGroupingGet          
00002e25  IntPriorityGroupingSet          
0000311f  IntPriorityMaskGet              
00003113  IntPriorityMaskSet              
00002e77  IntPrioritySet                  
00002dbf  IntRegister                     
00003127  IntTrigger                      
00002e11  IntUnregister                   
00004459  PinoutSet                       
000047a7  ResetISR                        
00001145  SysCtlAltClkConfig              
0000086d  SysCtlClockFreqSet              
00000d35  SysCtlClockGet                  
00001129  SysCtlClockOutConfig            
00000b65  SysCtlClockSet                  
00000771  SysCtlDeepSleep                 
00000ef9  SysCtlDeepSleepClockConfigSet   
00000edb  SysCtlDeepSleepClockSet         
00000751  SysCtlDeepSleepPowerSet         
000047bd  SysCtlDelay                     
000002ff  SysCtlFlashSectorSizeGet        
000002d3  SysCtlFlashSizeGet              
00000fcf  SysCtlGPIOAHBDisable            
00000fb3  SysCtlGPIOAHBEnable             
000006e5  SysCtlIntClear                  
000006cd  SysCtlIntDisable                
000006b9  SysCtlIntEnable                 
00000691  SysCtlIntRegister               
000006f5  SysCtlIntStatus                 
000006a9  SysCtlIntUnregister             
00000737  SysCtlLDODeepSleepGet           
00000727  SysCtlLDODeepSleepSet           
00000721  SysCtlLDOSleepGet               
00000711  SysCtlLDOSleepSet               
000007a7  SysCtlMOSCConfigSet             
0000110d  SysCtlNMIClear                  
000010f9  SysCtlNMIStatus                 
000007bd  SysCtlPIOSCCalibrate            
00000f9d  SysCtlPWMClockGet               
00000f83  SysCtlPWMClockSet               
0000063d  SysCtlPeripheralClockGating     
000005f5  SysCtlPeripheralDeepSleepDisable
000005a5  SysCtlPeripheralDeepSleepEnable 
000004e1  SysCtlPeripheralDisable         
000004a5  SysCtlPeripheralEnable          
000003e1  SysCtlPeripheralPowerOff        
000003a5  SysCtlPeripheralPowerOn         
00000325  SysCtlPeripheralPresent         
00000365  SysCtlPeripheralReady           
0000041d  SysCtlPeripheralReset           
00000569  SysCtlPeripheralSleepDisable    
00000525  SysCtlPeripheralSleepEnable     
00000761  SysCtlReset                     
0000081d  SysCtlResetBehaviorGet          
0000080d  SysCtlResetBehaviorSet          
00000793  SysCtlResetCauseClear           
0000078d  SysCtlResetCauseGet             
000002c9  SysCtlSRAMSizeGet               
00000769  SysCtlSleep                     
0000073d  SysCtlSleepPowerSet             
00000ff7  SysCtlUSBPLLDisable             
00000feb  SysCtlUSBPLLEnable              
0000103d  SysCtlVCOGet                    
00001025  SysCtlVoltageEventClear         
00001009  SysCtlVoltageEventConfig        
00001019  SysCtlVoltageEventStatus        
00002d3d  UART9BitAddrSend                
00002d17  UART9BitAddrSet                 
00002d01  UART9BitDisable                 
00002ceb  UART9BitEnable                  
00002b8f  UARTBreakCtl                    
00002bb9  UARTBusy                        
00002b37  UARTCharGet                     
00002b1b  UARTCharGetNonBlocking          
00002b71  UARTCharPut                     
00002b4d  UARTCharPutNonBlocking          
00002adf  UARTCharsAvail                  
00002cdb  UARTClockSourceGet              
00002cc7  UARTClockSourceSet              
000028af  UARTConfigGetExpClk             
00002839  UARTConfigSetExpClk             
00002c8d  UARTDMADisable                  
00002c75  UARTDMAEnable                   
0000291f  UARTDisable                     
000029a3  UARTDisableSIR                  
000028fb  UARTEnable                      
00002975  UARTEnableSIR                   
0000295f  UARTFIFODisable                 
00002949  UARTFIFOEnable                  
00002811  UARTFIFOLevelGet                
000027f9  UARTFIFOLevelSet                
00002a9f  UARTFlowControlGet              
00002a83  UARTFlowControlSet              
00002c63  UARTIntClear                    
00002c2d  UARTIntDisable                  
00002c15  UARTIntEnable                   
00002bd7  UARTIntRegister                 
00002c45  UARTIntStatus                   
00002bf5  UARTIntUnregister               
00002d85  UARTLoopbackEnable              
00002a39  UARTModemControlClear           
00002a5d  UARTModemControlGet             
00002a01  UARTModemControlSet             
00002a6f  UARTModemStatusGet              
000027e7  UARTParityModeGet               
000027cb  UARTParityModeSet               
00002cb7  UARTRxErrorClear                
00002ca5  UARTRxErrorGet                  
000029eb  UARTSmartCardDisable            
000029b9  UARTSmartCardEnable             
00002afd  UARTSpaceAvail                  
00002acd  UARTTxIntModeGet                
00002ab1  UARTTxIntModeSet                
20000470  __STACK_END                     
00000200  __STACK_SIZE                    
20000470  __STACK_TOP                     
00004ef8  __TI_CINIT_Base                 
00004f08  __TI_CINIT_Limit                
00004ee4  __TI_Handler_Table_Base         
00004ef0  __TI_Handler_Table_Limit        
0000453d  __TI_auto_init_nobinit_nopinit  
00004229  __TI_decompress_lzss            
00004799  __TI_decompress_none            
000043b3  __TI_ltoa                       
ffffffff  __TI_pprof_out_hndl             
00001d1d  __TI_printfi                    
ffffffff  __TI_prof_data_size             
ffffffff  __TI_prof_data_start            
00000000  __TI_static_base__              
000046cf  __TI_zero_init_nomemset         
00004035  __aeabi_cdcmpeq                 
00004035  __aeabi_cdcmple                 
000040bb  __aeabi_cdrcmple                
000044f5  __aeabi_d2iz                    
000035a7  __aeabi_dadd                    
000039e9  __aeabi_ddiv                    
00003d55  __aeabi_dmul                    
0000359d  __aeabi_dsub                    
000047b5  __aeabi_errno_addr              
000046a1  __aeabi_i2d                     
0000276b  __aeabi_idiv0                   
0000276b  __aeabi_ldiv0                   
00004141  __aeabi_memclr                  
00004141  __aeabi_memclr4                 
00004141  __aeabi_memclr8                 
00003f03  __aeabi_memcpy                  
00003f03  __aeabi_memcpy4                 
00003f03  __aeabi_memcpy8                 
00004143  __aeabi_memset                  
00004143  __aeabi_memset4                 
00004143  __aeabi_memset8                 
00003f9f  __aeabi_uldivmod                
ffffffff  __binit__                       
ffffffff  __c_args__                      
UNDEFED   __mpu_init                      
20000270  __stack                         
20000000  __start___llvm_prf_cnts         
20000000  __stop___llvm_prf_cnts          
0000463d  _c_int00_noargs                 
0000497c  _ctypes_                        
UNDEFED   _system_post_cinit              
000047c3  _system_pre_init                
000047c7  abort                           
000044a9  atoi                            
ffffffff  binit                           
00004707  copysign                        
00004707  copysignl                       
20000478  errno                           
000042f9  frexp                           
000042f9  frexpl                          
20000000  g_pfnRAMVectors                 
00000000  g_pfnVectors                    
00004291  gpioInit                        
00003c45  ldexp                           
00003c45  ldexpl                          
00004789  main                            
000046eb  memccpy                         
00003f03  memcpy                          
00004149  memset                          
000042c5  readGpioPin                     
2000047c  receivedMessage                 
00003c45  scalbn                          
00003c45  scalbnl                         
0000429d  setGpioPin                      
00004739  strchr                          
0000474f  strlen                          
00004763  systemInit                      
00003799  uartInit                        
00003755  uartInterruptCallback           
00003825  uartSendBlocking                
00004581  vsnprintf                       
00004777  wcslen                          


GLOBAL SYMBOLS: SORTED BY Symbol Address 

address   name                            
-------   ----                            
00000000  __TI_static_base__              
00000000  g_pfnVectors                    
00000200  __STACK_SIZE                    
000002c9  SysCtlSRAMSizeGet               
000002d3  SysCtlFlashSizeGet              
000002ff  SysCtlFlashSectorSizeGet        
00000325  SysCtlPeripheralPresent         
00000365  SysCtlPeripheralReady           
000003a5  SysCtlPeripheralPowerOn         
000003e1  SysCtlPeripheralPowerOff        
0000041d  SysCtlPeripheralReset           
000004a5  SysCtlPeripheralEnable          
000004e1  SysCtlPeripheralDisable         
00000525  SysCtlPeripheralSleepEnable     
00000569  SysCtlPeripheralSleepDisable    
000005a5  SysCtlPeripheralDeepSleepEnable 
000005f5  SysCtlPeripheralDeepSleepDisable
0000063d  SysCtlPeripheralClockGating     
00000691  SysCtlIntRegister               
000006a9  SysCtlIntUnregister             
000006b9  SysCtlIntEnable                 
000006cd  SysCtlIntDisable                
000006e5  SysCtlIntClear                  
000006f5  SysCtlIntStatus                 
00000711  SysCtlLDOSleepSet               
00000721  SysCtlLDOSleepGet               
00000727  SysCtlLDODeepSleepSet           
00000737  SysCtlLDODeepSleepGet           
0000073d  SysCtlSleepPowerSet             
00000751  SysCtlDeepSleepPowerSet         
00000761  SysCtlReset                     
00000769  SysCtlSleep                     
00000771  SysCtlDeepSleep                 
0000078d  SysCtlResetCauseGet             
00000793  SysCtlResetCauseClear           
000007a7  SysCtlMOSCConfigSet             
000007bd  SysCtlPIOSCCalibrate            
0000080d  SysCtlResetBehaviorSet          
0000081d  SysCtlResetBehaviorGet          
0000086d  SysCtlClockFreqSet              
00000b65  SysCtlClockSet                  
00000d35  SysCtlClockGet                  
00000edb  SysCtlDeepSleepClockSet         
00000ef9  SysCtlDeepSleepClockConfigSet   
00000f83  SysCtlPWMClockSet               
00000f9d  SysCtlPWMClockGet               
00000fb3  SysCtlGPIOAHBEnable             
00000fcf  SysCtlGPIOAHBDisable            
00000feb  SysCtlUSBPLLEnable              
00000ff7  SysCtlUSBPLLDisable             
00001009  SysCtlVoltageEventConfig        
00001019  SysCtlVoltageEventStatus        
00001025  SysCtlVoltageEventClear         
0000103d  SysCtlVCOGet                    
000010f9  SysCtlNMIStatus                 
0000110d  SysCtlNMIClear                  
00001129  SysCtlClockOutConfig            
00001145  SysCtlAltClkConfig              
000011e7  GPIODirModeSet                  
00001243  GPIODirModeGet                  
0000128f  GPIOIntTypeSet                  
00001333  GPIOIntTypeGet                  
000013c9  GPIOPadConfigSet                
00001603  GPIOPadConfigGet                
00001755  GPIOIntEnable                   
0000176f  GPIOIntDisable                  
00001789  GPIOIntStatus                   
000017ab  GPIOIntClear                    
000017bf  GPIOIntRegister                 
000017dd  GPIOIntUnregister               
000017f7  GPIOIntRegisterPin              
00001825  GPIOIntUnregisterPin            
00001849  GPIOPinRead                     
00001861  GPIOPinWrite                    
00001881  GPIOPinTypeADC                  
000018a5  GPIOPinTypeCAN                  
000018c9  GPIOPinTypeComparator           
000018ed  GPIOPinTypeComparatorOutput     
00001911  GPIOPinTypeDIVSCLK              
00001935  GPIOPinTypeEPI                  
00001959  GPIOPinTypeEthernetLED          
0000197d  GPIOPinTypeEthernetMII          
000019a1  GPIOPinTypeGPIOInput            
000019c5  GPIOPinTypeGPIOOutput           
000019e9  GPIOPinTypeGPIOOutputOD         
00001a0d  GPIOPinTypeHibernateRTCCLK      
00001a31  GPIOPinTypeI2C                  
00001a55  GPIOPinTypeI2CSCL               
00001a79  GPIOPinTypeLCD                  
00001a9d  GPIOPinTypeOneWire              
00001ac1  GPIOPinTypePWM                  
00001ae5  GPIOPinTypeQEI                  
00001b09  GPIOPinTypeSSI                  
00001b2d  GPIOPinTypeTimer                
00001b51  GPIOPinTypeTrace                
00001b75  GPIOPinTypeUART                 
00001b99  GPIOPinTypeUSBAnalog            
00001bbd  GPIOPinTypeUSBDigital           
00001be1  GPIOPinTypeWakeHigh             
00001c07  GPIOPinTypeWakeLow              
00001c2d  GPIOPinWakeStatus               
00001c3d  GPIOPinConfigure                
00001c9b  GPIODMATriggerEnable            
00001cb9  GPIODMATriggerDisable           
00001cd7  GPIOADCTriggerEnable            
00001cf5  GPIOADCTriggerDisable           
00001d1d  __TI_printfi                    
0000276b  __aeabi_idiv0                   
0000276b  __aeabi_ldiv0                   
000027cb  UARTParityModeSet               
000027e7  UARTParityModeGet               
000027f9  UARTFIFOLevelSet                
00002811  UARTFIFOLevelGet                
00002839  UARTConfigSetExpClk             
000028af  UARTConfigGetExpClk             
000028fb  UARTEnable                      
0000291f  UARTDisable                     
00002949  UARTFIFOEnable                  
0000295f  UARTFIFODisable                 
00002975  UARTEnableSIR                   
000029a3  UARTDisableSIR                  
000029b9  UARTSmartCardEnable             
000029eb  UARTSmartCardDisable            
00002a01  UARTModemControlSet             
00002a39  UARTModemControlClear           
00002a5d  UARTModemControlGet             
00002a6f  UARTModemStatusGet              
00002a83  UARTFlowControlSet              
00002a9f  UARTFlowControlGet              
00002ab1  UARTTxIntModeSet                
00002acd  UARTTxIntModeGet                
00002adf  UARTCharsAvail                  
00002afd  UARTSpaceAvail                  
00002b1b  UARTCharGetNonBlocking          
00002b37  UARTCharGet                     
00002b4d  UARTCharPutNonBlocking          
00002b71  UARTCharPut                     
00002b8f  UARTBreakCtl                    
00002bb9  UARTBusy                        
00002bd7  UARTIntRegister                 
00002bf5  UARTIntUnregister               
00002c15  UARTIntEnable                   
00002c2d  UARTIntDisable                  
00002c45  UARTIntStatus                   
00002c63  UARTIntClear                    
00002c75  UARTDMAEnable                   
00002c8d  UARTDMADisable                  
00002ca5  UARTRxErrorGet                  
00002cb7  UARTRxErrorClear                
00002cc7  UARTClockSourceSet              
00002cdb  UARTClockSourceGet              
00002ceb  UART9BitEnable                  
00002d01  UART9BitDisable                 
00002d17  UART9BitAddrSet                 
00002d3d  UART9BitAddrSend                
00002d85  UARTLoopbackEnable              
00002d9f  IntMasterEnable                 
00002daf  IntMasterDisable                
00002dbf  IntRegister                     
00002e11  IntUnregister                   
00002e25  IntPriorityGroupingSet          
00002e3f  IntPriorityGroupingGet          
00002e77  IntPrioritySet                  
00002ec7  IntPriorityGet                  
00002eeb  IntEnable                       
00002f5d  IntDisable                      
00002fcf  IntIsEnabled                    
00003055  IntPendSet                      
000030c5  IntPendClear                    
00003113  IntPriorityMaskSet              
0000311f  IntPriorityMaskGet              
00003127  IntTrigger                      
0000359d  __aeabi_dsub                    
000035a7  __aeabi_dadd                    
00003755  uartInterruptCallback           
00003799  uartInit                        
00003825  uartSendBlocking                
000039e9  __aeabi_ddiv                    
00003c45  ldexp                           
00003c45  ldexpl                          
00003c45  scalbn                          
00003c45  scalbnl                         
00003d55  __aeabi_dmul                    
00003f03  __aeabi_memcpy                  
00003f03  __aeabi_memcpy4                 
00003f03  __aeabi_memcpy8                 
00003f03  memcpy                          
00003f9f  __aeabi_uldivmod                
00004035  __aeabi_cdcmpeq                 
00004035  __aeabi_cdcmple                 
000040bb  __aeabi_cdrcmple                
00004141  __aeabi_memclr                  
00004141  __aeabi_memclr4                 
00004141  __aeabi_memclr8                 
00004143  __aeabi_memset                  
00004143  __aeabi_memset4                 
00004143  __aeabi_memset8                 
00004149  memset                          
00004229  __TI_decompress_lzss            
00004291  gpioInit                        
0000429d  setGpioPin                      
000042c5  readGpioPin                     
000042f9  frexp                           
000042f9  frexpl                          
000043b3  __TI_ltoa                       
00004459  PinoutSet                       
000044a9  atoi                            
000044f5  __aeabi_d2iz                    
0000453d  __TI_auto_init_nobinit_nopinit  
00004581  vsnprintf                       
000045ff  CPUcpsid                        
0000460b  CPUprimask                      
00004615  CPUcpsie                        
00004621  CPUwfi                          
00004625  CPUbasepriSet                   
00004633  CPUbasepriGet                   
0000463d  _c_int00_noargs                 
000046a1  __aeabi_i2d                     
000046cf  __TI_zero_init_nomemset         
000046eb  memccpy                         
00004707  copysign                        
00004707  copysignl                       
00004739  strchr                          
0000474f  strlen                          
00004763  systemInit                      
00004777  wcslen                          
00004789  main                            
00004799  __TI_decompress_none            
000047a7  ResetISR                        
000047b5  __aeabi_errno_addr              
000047bd  SysCtlDelay                     
000047c3  _system_pre_init                
000047c7  C$$EXIT                         
000047c7  abort                           
0000497c  _ctypes_                        
00004ee4  __TI_Handler_Table_Base         
00004ef0  __TI_Handler_Table_Limit        
00004ef8  __TI_CINIT_Base                 
00004f08  __TI_CINIT_Limit                
20000000  __start___llvm_prf_cnts         
20000000  __stop___llvm_prf_cnts          
20000000  g_pfnRAMVectors                 
20000270  __stack                         
20000470  __STACK_END                     
20000470  __STACK_TOP                     
20000478  errno                           
2000047c  receivedMessage                 
ffffffff  __TI_pprof_out_hndl             
ffffffff  __TI_prof_data_size             
ffffffff  __TI_prof_data_start            
ffffffff  __binit__                       
ffffffff  __c_args__                      
ffffffff  binit                           
UNDEFED   __mpu_init                      
UNDEFED   _system_post_cinit              

[255 symbols]
